Archive member included to satisfy reference by file (symbol)

app/libapp.a(main.c.obj)      (--whole-archive)
app/libapp.a(MAX30102.c.obj)  (--whole-archive)
app/libapp.a(algorithm.c.obj)
                              (--whole-archive)
app/libapp.a(heart_rate.c.obj)
                              (--whole-archive)
zephyr/libzephyr.a(cbprintf.c.obj)
                              (--whole-archive)
zephyr/libzephyr.a(cbprintf_packaged.c.obj)
                              (--whole-archive)
zephyr/libzephyr.a(crc32c_sw.c.obj)
                              (--whole-archive)
zephyr/libzephyr.a(crc32_sw.c.obj)
                              (--whole-archive)
zephyr/libzephyr.a(crc16_sw.c.obj)
                              (--whole-archive)
zephyr/libzephyr.a(crc8_sw.c.obj)
                              (--whole-archive)
zephyr/libzephyr.a(crc7_sw.c.obj)
                              (--whole-archive)
zephyr/libzephyr.a(dec.c.obj)
                              (--whole-archive)
zephyr/libzephyr.a(fdtable.c.obj)
                              (--whole-archive)
zephyr/libzephyr.a(hex.c.obj)
                              (--whole-archive)
zephyr/libzephyr.a(notify.c.obj)
                              (--whole-archive)
zephyr/libzephyr.a(printk.c.obj)
                              (--whole-archive)
zephyr/libzephyr.a(onoff.c.obj)
                              (--whole-archive)
zephyr/libzephyr.a(rb.c.obj)  (--whole-archive)
zephyr/libzephyr.a(sem.c.obj)
                              (--whole-archive)
zephyr/libzephyr.a(thread_entry.c.obj)
                              (--whole-archive)
zephyr/libzephyr.a(timeutil.c.obj)
                              (--whole-archive)
zephyr/libzephyr.a(heap.c.obj)
                              (--whole-archive)
zephyr/libzephyr.a(heap-validate.c.obj)
                              (--whole-archive)
zephyr/libzephyr.a(bitarray.c.obj)
                              (--whole-archive)
zephyr/libzephyr.a(multi_heap.c.obj)
                              (--whole-archive)
zephyr/libzephyr.a(cbprintf_complete.c.obj)
                              (--whole-archive)
zephyr/libzephyr.a(ring_buffer.c.obj)
                              (--whole-archive)
zephyr/libzephyr.a(configs.c.obj)
                              (--whole-archive)
zephyr/libzephyr.a(soc_nrf_common.S.obj)
                              (--whole-archive)
zephyr/libzephyr.a(validate_base_addresses.c.obj)
                              (--whole-archive)
zephyr/libzephyr.a(validate_enabled_instances.c.obj)
                              (--whole-archive)
zephyr/libzephyr.a(usb_device.c.obj)
                              (--whole-archive)
zephyr/libzephyr.a(usb_descriptor.c.obj)
                              (--whole-archive)
zephyr/libzephyr.a(usb_transfer.c.obj)
                              (--whole-archive)
zephyr/libzephyr.a(cdc_acm.c.obj)
                              (--whole-archive)
zephyr/libzephyr.a(usb_work_q.c.obj)
                              (--whole-archive)
zephyr/libzephyr.a(pm.c.obj)  (--whole-archive)
zephyr/libzephyr.a(constraint.c.obj)
                              (--whole-archive)
zephyr/libzephyr.a(state.c.obj)
                              (--whole-archive)
zephyr/libzephyr.a(residency.c.obj)
                              (--whole-archive)
zephyr/libzephyr.a(tracing_none.c.obj)
                              (--whole-archive)
zephyr/arch/common/libarch__common.a(sw_isr_common.c.obj)
                              (--whole-archive)
zephyr/arch/arch/arm/core/aarch32/libarch__arm__core__aarch32.a(cpu_idle.S.obj)
                              (--whole-archive)
zephyr/arch/arch/arm/core/aarch32/libarch__arm__core__aarch32.a(fatal.c.obj)
                              (--whole-archive)
zephyr/arch/arch/arm/core/aarch32/libarch__arm__core__aarch32.a(irq_manage.c.obj)
                              (--whole-archive)
zephyr/arch/arch/arm/core/aarch32/libarch__arm__core__aarch32.a(nmi.c.obj)
                              (--whole-archive)
zephyr/arch/arch/arm/core/aarch32/libarch__arm__core__aarch32.a(nmi_on_reset.S.obj)
                              (--whole-archive)
zephyr/arch/arch/arm/core/aarch32/libarch__arm__core__aarch32.a(prep_c.c.obj)
                              (--whole-archive)
zephyr/arch/arch/arm/core/aarch32/libarch__arm__core__aarch32.a(swap.c.obj)
                              (--whole-archive)
zephyr/arch/arch/arm/core/aarch32/libarch__arm__core__aarch32.a(swap_helper.S.obj)
                              (--whole-archive)
zephyr/arch/arch/arm/core/aarch32/libarch__arm__core__aarch32.a(thread.c.obj)
                              (--whole-archive)
zephyr/arch/arch/arm/core/aarch32/libarch__arm__core__aarch32.a(isr_wrapper.S.obj)
                              (--whole-archive)
zephyr/arch/arch/arm/core/aarch32/cortex_m/libarch__arm__core__aarch32__cortex_m.a(exc_exit.S.obj)
                              (--whole-archive)
[...]
Memory Configuration

Name             Origin             Length             Attributes
FLASH            0x0000000000000000 0x0000000000100000 xr
SRAM             0x0000000020000000 0x0000000000040000 xw
IDT_LIST         0x00000000fffff7ff 0x0000000000000800 xw
*default*        0x0000000000000000 0xffffffffffffffff

Linker script and memory map

LOAD zephyr/CMakeFiles/zephyr_pre1.dir/misc/empty_file.c.obj
LOAD zephyr/CMakeFiles/zephyr_pre1.dir/dev_handles.c.obj
LOAD zephyr/CMakeFiles/offsets.dir/./arch/arm/core/offsets/offsets.c.obj
                0x0000000000000020                _region_min_align = 0x20

.rel.plt        0x0000000000000000        0x0
 *(SORT_BY_ALIGNMENT(.rel.plt))
                [!provide]                        PROVIDE (__rel_iplt_start = .)
 *(SORT_BY_ALIGNMENT(.rel.iplt))
 .rel.iplt      0x0000000000000000        0x0 app/libapp.a(main.c.obj)
                [!provide]                        PROVIDE (__rel_iplt_end = .)

.rela.plt       0x0000000000000000        0x0
 *(SORT_BY_ALIGNMENT(.rela.plt))
                [!provide]                        PROVIDE (__rela_iplt_start = .)
 *(SORT_BY_ALIGNMENT(.rela.iplt))
                [!provide]                        PROVIDE (__rela_iplt_end = .)

.rel.dyn
 *(SORT_BY_ALIGNMENT(.rel.*))

.rela.dyn
 *(SORT_BY_ALIGNMENT(.rela.*))

/DISCARD/
 *(SORT_BY_ALIGNMENT(.plt))

/DISCARD/
 *(SORT_BY_ALIGNMENT(.iplt))
                0x0000000000000000                __rom_region_start = 0x0

rom_start       0x0000000000000000      0x100
                0x0000000000000000                . = 0x0
                0x0000000000000000                . = ALIGN (0x4)
                0x0000000000000000                . = ALIGN (0x80)
                0x0000000000000000                . = ALIGN (0x100)
                0x0000000000000000                _vector_start = .
 *(SORT_BY_ALIGNMENT(.exc_vector_table))
 *(SORT_BY_ALIGNMENT(.exc_vector_table.*))
 .exc_vector_table._vector_table_section
                0x0000000000000000       0x40 zephyr/arch/arch/arm/core/aarch32/cortex_m/libarch__arm__core__aarch32__cortex_m.a(vector_table.S.obj)
                0x0000000000000000                _vector_table
 *(SORT_BY_ALIGNMENT(.gnu.linkonce.irq_vector_table*))
 .gnu.linkonce.irq_vector_table
                0x0000000000000040       0xc0 zephyr/arch/common/libisr_tables.a(isr_tables.c.obj)
                0x0000000000000040                _irq_vector_table
 *(SORT_BY_ALIGNMENT(.vectors))
                0x0000000000000100                _vector_end = .

text            0x0000000000000100     0xa95c
                0x0000000000000100                __text_region_start = .
 *(SORT_BY_ALIGNMENT(.text))
 .text          0x0000000000000100      0x378 /Users/rward/Downloads/gcc-arm-none-eabi-10.3-2021.10/bin/../lib/gcc/arm-none-eabi/10.3.1/thumb/v7e-m/nofp/libgcc.a(_arm_addsubdf3.o)
                0x0000000000000100                __aeabi_drsub
                0x0000000000000108                __subdf3
                0x0000000000000108                __aeabi_dsub
                0x000000000000010c                __aeabi_dadd
                0x000000000000010c                __adddf3
                0x0000000000000384                __aeabi_ui2d
                0x0000000000000384                __floatunsidf
                0x00000000000003a4                __floatsidf
                0x00000000000003a4                __aeabi_i2d
                0x00000000000003c8                __extendsfdf2
                0x00000000000003c8                __aeabi_f2d
                0x000000000000040c                __aeabi_ul2d
                0x000000000000040c                __floatundidf
                0x000000000000041c                __aeabi_l2d
                0x000000000000041c                __floatdidf
 .text          0x0000000000000478      0x424 /Users/rward/Downloads/gcc-arm-none-eabi-10.3-2021.10/bin/../lib/gcc/arm-none-eabi/10.3.1/thumb/v7e-m/nofp/libgcc.a(_arm_muldivdf3.o)
                0x0000000000000478                __aeabi_dmul
                0x0000000000000478                __muldf3
                0x00000000000006cc                __aeabi_ddiv
                0x00000000000006cc                __divdf3
 .text          0x000000000000089c       0x50 /Users/rward/Downloads/gcc-arm-none-eabi-10.3-2021.10/bin/../lib/gcc/arm-none-eabi/10.3.1/thumb/v7e-m/nofp/libgcc.a(_arm_fixdfsi.o)
                0x000000000000089c                __fixdfsi
                0x000000000000089c                __aeabi_d2iz
 .text          0x00000000000008ec       0x30 /Users/rward/Downloads/gcc-arm-none-eabi-10.3-2021.10/bin/../lib/gcc/arm-none-eabi/10.3.1/thumb/v7e-m/nofp/libgcc.a(_aeabi_uldivmod.o)
                0x00000000000008ec                __aeabi_uldivmod
 .text          0x000000000000091c      0x2d0 /Users/rward/Downloads/gcc-arm-none-eabi-10.3-2021.10/bin/../lib/gcc/arm-none-eabi/10.3.1/thumb/v7e-m/nofp/libgcc.a(_udivmoddi4.o)
                0x000000000000091c                __udivmoddi4
 .text          0x0000000000000bec        0x4 /Users/rward/Downloads/gcc-arm-none-eabi-10.3-2021.10/bin/../lib/gcc/arm-none-eabi/10.3.1/thumb/v7e-m/nofp/libgcc.a(_dvmd_tls.o)
                0x0000000000000bec                __aeabi_ldiv0
                0x0000000000000bec                __aeabi_idiv0
 .text          0x0000000000000bf0       0x14 /Users/rward/Downloads/gcc-arm-none-eabi-10.3-2021.10/arm-none-eabi/lib/thumb/v7e-m/nofp/libc_nano.a(lib_a-strcmp.o)
                0x0000000000000bf0                strcmp
 .text          0x0000000000000c04       0x10 /Users/rward/Downloads/gcc-arm-none-eabi-10.3-2021.10/arm-none-eabi/lib/thumb/v7e-m/nofp/libc_nano.a(lib_a-strlen.o)
                0x0000000000000c04                strlen
 *(SORT_BY_ALIGNMENT(.text.*))
 *fill*         0x0000000000000c14        0x4 
 .text.maxim_heart_rate_and_oxygen_saturation
                0x0000000000000c18      0x3c4 app/libapp.a(algorithm.c.obj)
                0x0000000000000c18                maxim_heart_rate_and_oxygen_saturation
 .text.main     0x0000000000000fdc      0x1d4 app/libapp.a(main.c.obj)
                0x0000000000000fdc                main
 .text.readPartID
                0x00000000000011b0       0x28 app/libapp.a(MAX30102.c.obj)
                0x00000000000011b0                readPartID
 .text.max30102_init
                0x00000000000011d8       0x40 app/libapp.a(MAX30102.c.obj)
                0x00000000000011d8                max30102_init
 .text.readINT1
                0x0000000000001218       0x24 app/libapp.a(MAX30102.c.obj)
                0x0000000000001218                readINT1
 .text.readINT2
                0x000000000000123c       0x24 app/libapp.a(MAX30102.c.obj)
                0x000000000000123c                readINT2
 .text.readFIFOv2
                0x0000000000001260       0x84 app/libapp.a(MAX30102.c.obj)
                0x0000000000001260                readFIFOv2
 .text.char_out
                0x00000000000012e4       0x10 zephyr/libzephyr.a(printk.c.obj)
 .text.__printk_hook_install
                0x00000000000012f4        0xc zephyr/libzephyr.a(printk.c.obj)
                0x00000000000012f4                __printk_hook_install
 .text.vprintk  0x0000000000001300       0x1c zephyr/libzephyr.a(printk.c.obj)
                0x0000000000001300                vprintk
 .text.process_event
                0x000000000000131c      0x1c0 zephyr/libzephyr.a(onoff.c.obj)
 .text.extract_decimal
                0x00000000000014dc       0x28 zephyr/libzephyr.a(cbprintf_complete.c.obj)
 .text.encode_uint
                0x0000000000001504       0x98 zephyr/libzephyr.a(cbprintf_complete.c.obj)
 .text.cbvprintf
                0x000000000000159c      0xcbc zephyr/libzephyr.a(cbprintf_complete.c.obj)
                0x000000000000159c                cbvprintf
 .text.class_handler
                0x0000000000002258       0x40 zephyr/libzephyr.a(usb_device.c.obj)
 .text.custom_handler
                0x0000000000002298       0x60 zephyr/libzephyr.a(usb_device.c.obj)
 .text.vendor_handler
                0x00000000000022f8       0x3c zephyr/libzephyr.a(usb_device.c.obj)
 .text.set_endpoint
                0x0000000000002334       0x54 zephyr/libzephyr.a(usb_device.c.obj)
 .text.usb_reset_alt_setting
                0x0000000000002388       0x14 zephyr/libzephyr.a(usb_device.c.obj)
 .text.is_ep_valid.part.0
                0x000000000000239c       0x38 zephyr/libzephyr.a(usb_device.c.obj)
 .text.usb_handle_request.constprop.0
                0x00000000000023d4       0x2c zephyr/libzephyr.a(usb_device.c.obj)
 .text.forward_status_cb
                0x0000000000002400       0x9c zephyr/libzephyr.a(usb_device.c.obj)
 .text.usb_halt_endpoint_req.isra.0
                0x000000000000249c       0x58 zephyr/libzephyr.a(usb_device.c.obj)
 .text.usb_handle_standard_request
                0x00000000000024f4      0x308 zephyr/libzephyr.a(usb_device.c.obj)
 .text.usb_data_to_host
                0x00000000000027fc       0x54 zephyr/libzephyr.a(usb_device.c.obj)
 .text.usb_handle_control_transfer
                0x0000000000002850       0xe8 zephyr/libzephyr.a(usb_device.c.obj)
 .text.usb_set_config
                0x0000000000002938       0x2c zephyr/libzephyr.a(usb_device.c.obj)
                0x0000000000002938                usb_set_config
 .text.usb_device_init
                0x0000000000002964       0x28 zephyr/libzephyr.a(usb_device.c.obj)
 .text.usb_enable
                0x000000000000298c       0xf4 zephyr/libzephyr.a(usb_device.c.obj)
                0x000000000000298c                usb_enable
 .text.usb_update_sn_string_descriptor
                0x0000000000002a80       0x88 zephyr/libzephyr.a(usb_descriptor.c.obj)
                0x0000000000002a80                usb_update_sn_string_descriptor
 .text.usb_fix_descriptor
                0x0000000000002b08      0x1b0 zephyr/libzephyr.a(usb_descriptor.c.obj)
 .text.usb_get_device_descriptor
                0x0000000000002cb8       0x18 zephyr/libzephyr.a(usb_descriptor.c.obj)
                0x0000000000002cb8                usb_get_device_descriptor
 .text.usb_ep_get_transfer
                0x0000000000002cd0       0x2c zephyr/libzephyr.a(usb_transfer.c.obj)
 .text.usb_transfer_work
                0x0000000000002cfc      0x110 zephyr/libzephyr.a(usb_transfer.c.obj)
 .text.usb_transfer_ep_callback
                0x0000000000002e0c       0x5c zephyr/libzephyr.a(usb_transfer.c.obj)
                0x0000000000002e0c                usb_transfer_ep_callback
 .text.usb_transfer
                0x0000000000002e68       0xe4 zephyr/libzephyr.a(usb_transfer.c.obj)
                0x0000000000002e68                usb_transfer
 .text.usb_cancel_transfer
                0x0000000000002f4c       0x3c zephyr/libzephyr.a(usb_transfer.c.obj)
                0x0000000000002f4c                usb_cancel_transfer
 .text.usb_cancel_transfers
                0x0000000000002f88       0x50 zephyr/libzephyr.a(usb_transfer.c.obj)
                0x0000000000002f88                usb_cancel_transfers
 .text.usb_transfer_init
                0x0000000000002fd8       0x34 zephyr/libzephyr.a(usb_transfer.c.obj)
                0x0000000000002fd8                usb_transfer_init
 .text.cdc_acm_int_in
                0x000000000000300c       0x18 zephyr/libzephyr.a(cdc_acm.c.obj)
 .text.cdc_acm_irq_rx_enable
                0x0000000000003024       0x20 zephyr/libzephyr.a(cdc_acm.c.obj)
 .text.cdc_acm_irq_tx_enable
                0x0000000000003044       0x20 zephyr/libzephyr.a(cdc_acm.c.obj)
 .text.cdc_acm_fifo_fill
                0x0000000000003064       0x34 zephyr/libzephyr.a(cdc_acm.c.obj)
 .text.cdc_acm_read_cb
                0x0000000000003098       0x50 zephyr/libzephyr.a(cdc_acm.c.obj)
 .text.cdc_acm_poll_out
                0x00000000000030e8       0x58 zephyr/libzephyr.a(cdc_acm.c.obj)
 .text.cdc_acm_write_cb
                0x0000000000003140       0x3c zephyr/libzephyr.a(cdc_acm.c.obj)
 .text.tx_work_handler
                0x000000000000317c       0x54 zephyr/libzephyr.a(cdc_acm.c.obj)
 .text.cdc_acm_class_handle_req
                0x00000000000031d0       0x64 zephyr/libzephyr.a(cdc_acm.c.obj)
                0x00000000000031d0                cdc_acm_class_handle_req
 .text.cdc_acm_reset_port
                0x0000000000003234       0x34 zephyr/libzephyr.a(cdc_acm.c.obj)
 .text.cdc_acm_dev_status_cb
                0x0000000000003268       0xa0 zephyr/libzephyr.a(cdc_acm.c.obj)
 .text.cdc_acm_init
                0x0000000000003308       0x48 zephyr/libzephyr.a(cdc_acm.c.obj)
 .text.cdc_acm_send_notification.isra.0
                0x0000000000003350       0x54 zephyr/libzephyr.a(cdc_acm.c.obj)
 .text.z_usb_work_q_init
                0x00000000000033a4       0x34 zephyr/libzephyr.a(usb_work_q.c.obj)
 .text.pm_state_notify
                0x00000000000033d8       0x5c zephyr/libzephyr.a(pm.c.obj)
 .text.atomic_clear_bit.constprop.0
                0x0000000000003434       0x30 zephyr/libzephyr.a(pm.c.obj)
 .text.pm_system_resume
                0x0000000000003464       0x88 zephyr/libzephyr.a(pm.c.obj)
                0x0000000000003464                pm_system_resume
 .text.pm_system_suspend
                0x00000000000034ec       0xf8 zephyr/libzephyr.a(pm.c.obj)
                0x00000000000034ec                pm_system_suspend
 .text.pm_constraint_get
                0x00000000000035e4       0x1c zephyr/libzephyr.a(constraint.c.obj)
                0x00000000000035e4                pm_constraint_get
 .text.pm_state_cpu_get_all
                0x0000000000003600       0x10 zephyr/libzephyr.a(state.c.obj)
                0x0000000000003600                pm_state_cpu_get_all
 .text.pm_policy_next_state
                0x0000000000003610       0x8c zephyr/libzephyr.a(residency.c.obj)
                0x0000000000003610                pm_policy_next_state
 .text.z_arm_cpu_idle_init
                0x000000000000369c        0xc zephyr/arch/arch/arm/core/aarch32/libarch__arm__core__aarch32.a(cpu_idle.S.obj)
                0x000000000000369c                z_arm_cpu_idle_init
 .text.arch_cpu_idle
                0x00000000000036a8       0x1c zephyr/arch/arch/arm/core/aarch32/libarch__arm__core__aarch32.a(cpu_idle.S.obj)
                0x00000000000036a8                arch_cpu_idle
 .text.arch_cpu_atomic_idle
                0x00000000000036c4       0x14 zephyr/arch/arch/arm/core/aarch32/libarch__arm__core__aarch32.a(cpu_idle.S.obj)
                0x00000000000036c4                arch_cpu_atomic_idle
 .text.arch_irq_enable
                0x00000000000036d8       0x20 zephyr/arch/arch/arm/core/aarch32/libarch__arm__core__aarch32.a(irq_manage.c.obj)
                0x00000000000036d8                arch_irq_enable
 .text.arch_irq_disable
                0x00000000000036f8       0x28 zephyr/arch/arch/arm/core/aarch32/libarch__arm__core__aarch32.a(irq_manage.c.obj)
                0x00000000000036f8                arch_irq_disable
 .text.arch_irq_is_enabled
                0x0000000000003720       0x1c zephyr/arch/arch/arm/core/aarch32/libarch__arm__core__aarch32.a(irq_manage.c.obj)
                0x0000000000003720                arch_irq_is_enabled
 .text.z_arm_irq_priority_set
                0x000000000000373c       0x30 zephyr/arch/arch/arm/core/aarch32/libarch__arm__core__aarch32.a(irq_manage.c.obj)
                0x000000000000373c                z_arm_irq_priority_set
 .text.z_SysNmiOnReset
                0x000000000000376c        0x8 zephyr/arch/arch/arm/core/aarch32/libarch__arm__core__aarch32.a(nmi_on_reset.S.obj)
                0x000000000000376c                z_SysNmiOnReset
 .text.z_arm_prep_c
                0x0000000000003774       0x48 zephyr/arch/arch/arm/core/aarch32/libarch__arm__core__aarch32.a(prep_c.c.obj)
                0x0000000000003774                z_arm_prep_c
 .text.arch_swap
                0x00000000000037bc       0x34 zephyr/arch/arch/arm/core/aarch32/libarch__arm__core__aarch32.a(swap.c.obj)
                0x00000000000037bc                arch_swap
 .text.z_arm_pendsv
                0x00000000000037f0       0x48 zephyr/arch/arch/arm/core/aarch32/libarch__arm__core__aarch32.a(swap_helper.S.obj)
                0x00000000000037f0                z_arm_pendsv
 .text.z_arm_svc
                0x0000000000003838       0x20 zephyr/arch/arch/arm/core/aarch32/libarch__arm__core__aarch32.a(swap_helper.S.obj)
                0x0000000000003838                z_arm_svc
 .text.arch_new_thread
                0x0000000000003858       0x38 zephyr/arch/arch/arm/core/aarch32/libarch__arm__core__aarch32.a(thread.c.obj)
                0x0000000000003858                arch_new_thread
 .text.arch_switch_to_main_thread
                0x0000000000003890       0x24 zephyr/arch/arch/arm/core/aarch32/libarch__arm__core__aarch32.a(thread.c.obj)
                0x0000000000003890                arch_switch_to_main_thread
 .text._isr_wrapper
                0x00000000000038b4       0x40 zephyr/arch/arch/arm/core/aarch32/libarch__arm__core__aarch32.a(isr_wrapper.S.obj)
                0x00000000000038b4                _isr_wrapper
 .text._HandlerModeExit
                0x00000000000038f4       0x1c zephyr/arch/arch/arm/core/aarch32/cortex_m/libarch__arm__core__aarch32__cortex_m.a(exc_exit.S.obj)
                0x00000000000038f4                z_arm_exc_exit
                0x00000000000038f4                z_arm_int_exit
 .text.bus_fault.constprop.0
                0x0000000000003910       0x3c zephyr/arch/arch/arm/core/aarch32/cortex_m/libarch__arm__core__aarch32__cortex_m.a(fault.c.obj)
 .text.mem_manage_fault.constprop.0
                0x000000000000394c       0x40 zephyr/arch/arch/arm/core/aarch32/cortex_m/libarch__arm__core__aarch32__cortex_m.a(fault.c.obj)
 .text.z_arm_fault
                0x000000000000398c      0x134 zephyr/arch/arch/arm/core/aarch32/cortex_m/libarch__arm__core__aarch32__cortex_m.a(fault.c.obj)
                0x000000000000398c                z_arm_fault
 .text.z_arm_fault_init
                0x0000000000003ac0       0x10 zephyr/arch/arch/arm/core/aarch32/cortex_m/libarch__arm__core__aarch32__cortex_m.a(fault.c.obj)
                0x0000000000003ac0                z_arm_fault_init
 .text.__fault  0x0000000000003ad0       0x14 zephyr/arch/arch/arm/core/aarch32/cortex_m/libarch__arm__core__aarch32__cortex_m.a(fault_s.S.obj)
                0x0000000000003ad0                z_arm_bus_fault
                0x0000000000003ad0                z_arm_usage_fault
                0x0000000000003ad0                z_arm_mpu_fault
                0x0000000000003ad0                z_arm_exc_spurious
                0x0000000000003ad0                z_arm_debug_monitor
                0x0000000000003ad0                z_arm_hard_fault
 .text.z_arm_interrupt_init
                0x0000000000003ae4       0x18 zephyr/arch/arch/arm/core/aarch32/cortex_m/libarch__arm__core__aarch32__cortex_m.a(irq_init.c.obj)
                0x0000000000003ae4                z_arm_interrupt_init
 .text._reset_section
                0x0000000000003afc       0x30 zephyr/arch/arch/arm/core/aarch32/cortex_m/libarch__arm__core__aarch32__cortex_m.a(reset.S.obj)
                0x0000000000003afc                z_arm_reset
                0x0000000000003afc                __start
 .text.z_impl_k_thread_abort
                0x0000000000003b2c       0x24 zephyr/arch/arch/arm/core/aarch32/cortex_m/libarch__arm__core__aarch32__cortex_m.a(thread_abort.c.obj)
                0x0000000000003b2c                z_impl_k_thread_abort
 .text.z_arm_configure_static_mpu_regions
                0x0000000000003b50       0x18 zephyr/arch/arch/arm/core/aarch32/mpu/libarch__arm__core__aarch32__mpu.a(arm_core_mpu.c.obj)
                0x0000000000003b50                z_arm_configure_static_mpu_regions
 .text.mpu_configure_regions
                0x0000000000003b68       0x84 zephyr/arch/arch/arm/core/aarch32/mpu/libarch__arm__core__aarch32__mpu.a(arm_mpu.c.obj)
 .text.arm_core_mpu_enable
                0x0000000000003bec       0x18 zephyr/arch/arch/arm/core/aarch32/mpu/libarch__arm__core__aarch32__mpu.a(arm_mpu.c.obj)
                0x0000000000003bec                arm_core_mpu_enable
 .text.arm_core_mpu_disable
                0x0000000000003c04       0x14 zephyr/arch/arch/arm/core/aarch32/mpu/libarch__arm__core__aarch32__mpu.a(arm_mpu.c.obj)
                0x0000000000003c04                arm_core_mpu_disable
 .text.arm_core_mpu_configure_static_mpu_regions
                0x0000000000003c18       0x14 zephyr/arch/arch/arm/core/aarch32/mpu/libarch__arm__core__aarch32__mpu.a(arm_mpu.c.obj)
                0x0000000000003c18                arm_core_mpu_configure_static_mpu_regions
 .text.z_arm_mpu_init
                0x0000000000003c2c       0x60 zephyr/arch/arch/arm/core/aarch32/mpu/libarch__arm__core__aarch32__mpu.a(arm_mpu.c.obj)
                0x0000000000003c2c                z_arm_mpu_init
 .text.__stdout_hook_install
                0x0000000000003c8c        0xc zephyr/lib/libc/newlib/liblib__libc__newlib.a(libc-hooks.c.obj)
                0x0000000000003c8c                __stdout_hook_install
 .text.z_impl_zephyr_write_stdout
                0x0000000000003c98       0x30 zephyr/lib/libc/newlib/liblib__libc__newlib.a(libc-hooks.c.obj)
                0x0000000000003c98                z_impl_zephyr_write_stdout
 .text.__chk_fail
                0x0000000000003cc8       0x1c zephyr/lib/libc/newlib/liblib__libc__newlib.a(libc-hooks.c.obj)
                0x0000000000003cc8                __chk_fail
 .text.nordicsemi_nrf52_init
                0x0000000000003ce4       0x30 zephyr/soc/arm/nordic_nrf/nrf52/libsoc__arm__nordic_nrf__nrf52.a(soc.c.obj)
 .text.arch_busy_wait
                0x0000000000003d14       0x14 zephyr/soc/arm/nordic_nrf/nrf52/libsoc__arm__nordic_nrf__nrf52.a(soc.c.obj)
                0x0000000000003d14                arch_busy_wait
 .text.board_particle_argon_init
                0x0000000000003d28       0x38 zephyr/boards/arm/particle_argon/libboards__arm__particle_argon.a(board.c.obj)
 .text.endpoint_ctx
                0x0000000000003d60       0x50 zephyr/drivers/usb/device/libdrivers__usb__device.a(usb_dc_nrfx.c.obj)
 .text.usbd_evt_put
                0x0000000000003db0        0xc zephyr/drivers/usb/device/libdrivers__usb__device.a(usb_dc_nrfx.c.obj)
 .text.usbd_work_schedule
                0x0000000000003dbc       0x10 zephyr/drivers/usb/device/libdrivers__usb__device.a(usb_dc_nrfx.c.obj)
 .text.usb_init
                0x0000000000003dcc       0x48 zephyr/drivers/usb/device/libdrivers__usb__device.a(usb_dc_nrfx.c.obj)
 .text.usbd_evt_get
                0x0000000000003e14       0x10 zephyr/drivers/usb/device/libdrivers__usb__device.a(usb_dc_nrfx.c.obj)
 .text.usbd_evt_flush
                0x0000000000003e24       0x1c zephyr/drivers/usb/device/libdrivers__usb__device.a(usb_dc_nrfx.c.obj)
 .text.usbd_evt_alloc
                0x0000000000003e40       0x44 zephyr/drivers/usb/device/libdrivers__usb__device.a(usb_dc_nrfx.c.obj)
 .text.usbd_event_transfer_data
                0x0000000000003e84       0xa8 zephyr/drivers/usb/device/libdrivers__usb__device.a(usb_dc_nrfx.c.obj)
 .text.usb_dc_power_event_handler
                0x0000000000003f2c       0x34 zephyr/drivers/usb/device/libdrivers__usb__device.a(usb_dc_nrfx.c.obj)
 .text.hfxo_stop.constprop.0.isra.0
                0x0000000000003f60       0x44 zephyr/drivers/usb/device/libdrivers__usb__device.a(usb_dc_nrfx.c.obj)
 .text.usbd_event_handler
                0x0000000000003fa4      0x11c zephyr/drivers/usb/device/libdrivers__usb__device.a(usb_dc_nrfx.c.obj)
 .text.eps_ctx_init
                0x00000000000040c0       0x68 zephyr/drivers/usb/device/libdrivers__usb__device.a(usb_dc_nrfx.c.obj)
 .text.usbd_work_handler
                0x0000000000004128      0x2e4 zephyr/drivers/usb/device/libdrivers__usb__device.a(usb_dc_nrfx.c.obj)
 .text.usb_dc_attach
                0x000000000000440c       0x7c zephyr/drivers/usb/device/libdrivers__usb__device.a(usb_dc_nrfx.c.obj)
                0x000000000000440c                usb_dc_attach
 .text.usb_dc_set_address
                0x0000000000004488       0x24 zephyr/drivers/usb/device/libdrivers__usb__device.a(usb_dc_nrfx.c.obj)
                0x0000000000004488                usb_dc_set_address
 .text.usb_dc_ep_configure
                0x00000000000044ac       0x44 zephyr/drivers/usb/device/libdrivers__usb__device.a(usb_dc_nrfx.c.obj)
                0x00000000000044ac                usb_dc_ep_configure
 .text.usb_dc_ep_set_stall
                0x00000000000044f0       0x50 zephyr/drivers/usb/device/libdrivers__usb__device.a(usb_dc_nrfx.c.obj)
                0x00000000000044f0                usb_dc_ep_set_stall
 .text.usb_dc_ep_clear_stall
                0x0000000000004540       0x40 zephyr/drivers/usb/device/libdrivers__usb__device.a(usb_dc_nrfx.c.obj)
                0x0000000000004540                usb_dc_ep_clear_stall
 .text.usb_dc_ep_is_stalled
                0x0000000000004580       0x38 zephyr/drivers/usb/device/libdrivers__usb__device.a(usb_dc_nrfx.c.obj)
                0x0000000000004580                usb_dc_ep_is_stalled
 .text.usb_dc_ep_enable
                0x00000000000045b8       0x54 zephyr/drivers/usb/device/libdrivers__usb__device.a(usb_dc_nrfx.c.obj)
                0x00000000000045b8                usb_dc_ep_enable
 .text.usb_dc_ep_disable
                0x000000000000460c       0x4c zephyr/drivers/usb/device/libdrivers__usb__device.a(usb_dc_nrfx.c.obj)
                0x000000000000460c                usb_dc_ep_disable
 .text.usb_dc_ep_write
                0x0000000000004658       0xf0 zephyr/drivers/usb/device/libdrivers__usb__device.a(usb_dc_nrfx.c.obj)
                0x0000000000004658                usb_dc_ep_write
 .text.usb_dc_ep_read_wait
                0x0000000000004748       0x90 zephyr/drivers/usb/device/libdrivers__usb__device.a(usb_dc_nrfx.c.obj)
                0x0000000000004748                usb_dc_ep_read_wait
 .text.usb_dc_ep_read_continue
                0x00000000000047d8       0x84 zephyr/drivers/usb/device/libdrivers__usb__device.a(usb_dc_nrfx.c.obj)
                0x00000000000047d8                usb_dc_ep_read_continue
 .text.usb_dc_ep_set_callback
                0x000000000000485c       0x28 zephyr/drivers/usb/device/libdrivers__usb__device.a(usb_dc_nrfx.c.obj)
                0x000000000000485c                usb_dc_ep_set_callback
 .text.usb_dc_set_status_callback
                0x0000000000004884        0xc zephyr/drivers/usb/device/libdrivers__usb__device.a(usb_dc_nrfx.c.obj)
                0x0000000000004884                usb_dc_set_status_callback
 .text.usb_dc_ep_mps
                0x0000000000004890       0x24 zephyr/drivers/usb/device/libdrivers__usb__device.a(usb_dc_nrfx.c.obj)
                0x0000000000004890                usb_dc_ep_mps
 .text.onoff_stop
                0x00000000000048b4       0x30 zephyr/drivers/clock_control/libdrivers__clock_control.a(clock_control_nrf.c.obj)
 .text.onoff_start
                0x00000000000048e4       0x44 zephyr/drivers/clock_control/libdrivers__clock_control.a(clock_control_nrf.c.obj)
 .text.clk_init
                0x0000000000004928       0x60 zephyr/drivers/clock_control/libdrivers__clock_control.a(clock_control_nrf.c.obj)
 .text.clkstarted_handle.constprop.0
                0x0000000000004988       0x34 zephyr/drivers/clock_control/libdrivers__clock_control.a(clock_control_nrf.c.obj)
 .text.clock_event_handler
                0x00000000000049bc       0x1c zephyr/drivers/clock_control/libdrivers__clock_control.a(clock_control_nrf.c.obj)
 .text.generic_hfclk_start
                0x00000000000049d8       0x64 zephyr/drivers/clock_control/libdrivers__clock_control.a(clock_control_nrf.c.obj)
 .text.api_blocking_start
                0x0000000000004a3c       0x34 zephyr/drivers/clock_control/libdrivers__clock_control.a(clock_control_nrf.c.obj)
 .text.generic_hfclk_stop
                0x0000000000004a70       0x2c zephyr/drivers/clock_control/libdrivers__clock_control.a(clock_control_nrf.c.obj)
 .text.z_nrf_clock_control_get_onoff
                0x0000000000004a9c       0x10 zephyr/drivers/clock_control/libdrivers__clock_control.a(clock_control_nrf.c.obj)
                0x0000000000004a9c                z_nrf_clock_control_get_onoff
 .text.z_nrf_clock_control_lf_on
                0x0000000000004aac      0x100 zephyr/drivers/clock_control/libdrivers__clock_control.a(clock_control_nrf.c.obj)
                0x0000000000004aac                z_nrf_clock_control_lf_on
 .text.uart_console_init
                0x0000000000004bac       0x30 zephyr/drivers/console/libdrivers__console.a(uart_console.c.obj)
 .text.console_out
                0x0000000000004bdc       0x28 zephyr/drivers/console/libdrivers__console.a(uart_console.c.obj)
 .text.gpio_nrfx_pin_interrupt_configure
                0x0000000000004c04       0xd4 zephyr/drivers/gpio/libdrivers__gpio.a(gpio_nrfx.c.obj)
 .text.gpio_nrfx_init
                0x0000000000004cd8       0x38 zephyr/drivers/gpio/libdrivers__gpio.a(gpio_nrfx.c.obj)
 .text.nrfx_gpio_handler
                0x0000000000004d10       0x44 zephyr/drivers/gpio/libdrivers__gpio.a(gpio_nrfx.c.obj)
 .text.gpio_nrfx_pin_configure
                0x0000000000004d54      0x15c zephyr/drivers/gpio/libdrivers__gpio.a(gpio_nrfx.c.obj)
 .text.i2c_nrfx_twi_recover_bus
                0x0000000000004eb0       0x20 zephyr/drivers/i2c/libdrivers__i2c.a(i2c_nrfx_twi.c.obj)
 .text.twi_0_init
                0x0000000000004ed0       0x34 zephyr/drivers/i2c/libdrivers__i2c.a(i2c_nrfx_twi.c.obj)
 .text.event_handler
                0x0000000000004f04       0x34 zephyr/drivers/i2c/libdrivers__i2c.a(i2c_nrfx_twi.c.obj)
 .text.twi_1_init
                0x0000000000004f38       0x34 zephyr/drivers/i2c/libdrivers__i2c.a(i2c_nrfx_twi.c.obj)
 .text.i2c_nrfx_twi_transfer
                0x0000000000004f6c       0xf8 zephyr/drivers/i2c/libdrivers__i2c.a(i2c_nrfx_twi.c.obj)
 .text.nrf_gpio_pin_port_decode
                0x0000000000005064       0x1c zephyr/drivers/serial/libdrivers__serial.a(uart_nrfx_uarte.c.obj)
 .text.uarte_nrfx_configure
                0x0000000000005080      0x164 zephyr/drivers/serial/libdrivers__serial.a(uart_nrfx_uarte.c.obj)
 .text.uarte_nrfx_poll_out
                0x00000000000051e4       0x94 zephyr/drivers/serial/libdrivers__serial.a(uart_nrfx_uarte.c.obj)
 .text.uarte_instance_init.constprop.0
                0x0000000000005278      0x16c zephyr/drivers/serial/libdrivers__serial.a(uart_nrfx_uarte.c.obj)
 .text.compare_int_lock
                0x00000000000053e4       0x50 zephyr/drivers/timer/libdrivers__timer.a(nrf_rtc_timer.c.obj)
 .text.sys_clock_timeout_handler
                0x0000000000005434       0x78 zephyr/drivers/timer/libdrivers__timer.a(nrf_rtc_timer.c.obj)
 .text.compare_int_unlock
                0x00000000000054ac       0x5c zephyr/drivers/timer/libdrivers__timer.a(nrf_rtc_timer.c.obj)
 .text.z_nrf_rtc_timer_read
                0x0000000000005508       0x44 zephyr/drivers/timer/libdrivers__timer.a(nrf_rtc_timer.c.obj)
                0x0000000000005508                z_nrf_rtc_timer_read
 .text.compare_set
                0x000000000000554c      0x148 zephyr/drivers/timer/libdrivers__timer.a(nrf_rtc_timer.c.obj)
 .text.sys_clock_driver_init
                0x0000000000005694       0x80 zephyr/drivers/timer/libdrivers__timer.a(nrf_rtc_timer.c.obj)
 .text.rtc_nrf_isr
                0x0000000000005714       0xec zephyr/drivers/timer/libdrivers__timer.a(nrf_rtc_timer.c.obj)
                0x0000000000005714                rtc_nrf_isr
 .text.sys_clock_set_timeout
                0x0000000000005800       0x64 zephyr/drivers/timer/libdrivers__timer.a(nrf_rtc_timer.c.obj)
                0x0000000000005800                sys_clock_set_timeout
 .text.sys_clock_elapsed
                0x0000000000005864       0x14 zephyr/drivers/timer/libdrivers__timer.a(nrf_rtc_timer.c.obj)
                0x0000000000005864                sys_clock_elapsed
 .text.nrf52_errata_98
                0x0000000000005878       0x24 modules/hal_nordic/nrfx/libmodules__hal_nordic__nrfx.a(system_nrf52840.c.obj)
 .text.nvmc_wait
                0x000000000000589c       0x10 modules/hal_nordic/nrfx/libmodules__hal_nordic__nrfx.a(system_nrf52840.c.obj)
                0x000000000000589c                nvmc_wait
 .text.SystemInit
                0x00000000000058ac      0x1d4 modules/hal_nordic/nrfx/libmodules__hal_nordic__nrfx.a(system_nrf52840.c.obj)
                0x00000000000058ac                SystemInit
 .text.nrfx_flag32_alloc
                0x0000000000005a80       0x4c modules/hal_nordic/nrfx/libmodules__hal_nordic__nrfx.a(nrfx_flag32_allocator.c.obj)
                0x0000000000005a80                nrfx_flag32_alloc
 .text.nrfx_flag32_free
                0x0000000000005acc       0x44 modules/hal_nordic/nrfx/libmodules__hal_nordic__nrfx.a(nrfx_flag32_allocator.c.obj)
                0x0000000000005acc                nrfx_flag32_free
 .text.nrfx_clock_init
                0x0000000000005b10       0x20 modules/hal_nordic/nrfx/libmodules__hal_nordic__nrfx.a(nrfx_clock.c.obj)
                0x0000000000005b10                nrfx_clock_init
 .text.nrfx_clock_enable
                0x0000000000005b30       0x1c modules/hal_nordic/nrfx/libmodules__hal_nordic__nrfx.a(nrfx_clock.c.obj)
                0x0000000000005b30                nrfx_clock_enable
 .text.nrfx_clock_stop
                0x0000000000005b4c       0x78 modules/hal_nordic/nrfx/libmodules__hal_nordic__nrfx.a(nrfx_clock.c.obj)
                0x0000000000005b4c                nrfx_clock_stop
 .text.nrfx_clock_irq_handler
                0x0000000000005bc4       0x68 modules/hal_nordic/nrfx/libmodules__hal_nordic__nrfx.a(nrfx_clock.c.obj)
                0x0000000000005bc4                nrfx_clock_irq_handler
 .text.nrf_gpio_pin_port_decode
                0x0000000000005c2c       0x1c modules/hal_nordic/nrfx/libmodules__hal_nordic__nrfx.a(nrfx_gpiote.c.obj)
 .text.pin_in_use_by_te
                0x0000000000005c48       0x14 modules/hal_nordic/nrfx/libmodules__hal_nordic__nrfx.a(nrfx_gpiote.c.obj)
 .text.call_handler
                0x0000000000005c5c       0x3c modules/hal_nordic/nrfx/libmodules__hal_nordic__nrfx.a(nrfx_gpiote.c.obj)
 .text.release_handler
                0x0000000000005c98       0x54 modules/hal_nordic/nrfx/libmodules__hal_nordic__nrfx.a(nrfx_gpiote.c.obj)
 .text.pin_handler_trigger_uninit
                0x0000000000005cec       0x38 modules/hal_nordic/nrfx/libmodules__hal_nordic__nrfx.a(nrfx_gpiote.c.obj)
 .text.nrfx_gpiote_input_configure
                0x0000000000005d24      0x15c modules/hal_nordic/nrfx/libmodules__hal_nordic__nrfx.a(nrfx_gpiote.c.obj)
                0x0000000000005d24                nrfx_gpiote_input_configure
 .text.nrfx_gpiote_output_configure
                0x0000000000005e80       0xe4 modules/hal_nordic/nrfx/libmodules__hal_nordic__nrfx.a(nrfx_gpiote.c.obj)
                0x0000000000005e80                nrfx_gpiote_output_configure
 .text.nrfx_gpiote_global_callback_set
                0x0000000000005f64        0xc modules/hal_nordic/nrfx/libmodules__hal_nordic__nrfx.a(nrfx_gpiote.c.obj)
                0x0000000000005f64                nrfx_gpiote_global_callback_set
 .text.nrfx_gpiote_channel_get
                0x0000000000005f70       0x2c modules/hal_nordic/nrfx/libmodules__hal_nordic__nrfx.a(nrfx_gpiote.c.obj)
                0x0000000000005f70                nrfx_gpiote_channel_get
 .text.nrfx_gpiote_init
                0x0000000000005f9c       0x50 modules/hal_nordic/nrfx/libmodules__hal_nordic__nrfx.a(nrfx_gpiote.c.obj)
                0x0000000000005f9c                nrfx_gpiote_init
 .text.nrfx_gpiote_is_init
                0x0000000000005fec       0x14 modules/hal_nordic/nrfx/libmodules__hal_nordic__nrfx.a(nrfx_gpiote.c.obj)
                0x0000000000005fec                nrfx_gpiote_is_init
 .text.nrfx_gpiote_channel_free
                0x0000000000006000        0xc modules/hal_nordic/nrfx/libmodules__hal_nordic__nrfx.a(nrfx_gpiote.c.obj)
                0x0000000000006000                nrfx_gpiote_channel_free
 .text.nrfx_gpiote_channel_alloc
                0x000000000000600c        0xc modules/hal_nordic/nrfx/libmodules__hal_nordic__nrfx.a(nrfx_gpiote.c.obj)
                0x000000000000600c                nrfx_gpiote_channel_alloc
 .text.nrfx_gpiote_trigger_enable
                0x0000000000006018       0x90 modules/hal_nordic/nrfx/libmodules__hal_nordic__nrfx.a(nrfx_gpiote.c.obj)
                0x0000000000006018                nrfx_gpiote_trigger_enable
 .text.nrfx_gpiote_trigger_disable
                0x00000000000060a8       0x50 modules/hal_nordic/nrfx/libmodules__hal_nordic__nrfx.a(nrfx_gpiote.c.obj)
                0x00000000000060a8                nrfx_gpiote_trigger_disable
 .text.nrfx_gpiote_pin_uninit
                0x00000000000060f8       0x48 modules/hal_nordic/nrfx/libmodules__hal_nordic__nrfx.a(nrfx_gpiote.c.obj)
                0x00000000000060f8                nrfx_gpiote_pin_uninit
 .text.nrfx_gpiote_irq_handler
                0x0000000000006140      0x1ac modules/hal_nordic/nrfx/libmodules__hal_nordic__nrfx.a(nrfx_gpiote.c.obj)
                0x0000000000006140                nrfx_gpiote_irq_handler
 .text.nrfx_power_init
                0x00000000000062ec       0x74 modules/hal_nordic/nrfx/libmodules__hal_nordic__nrfx.a(nrfx_power.c.obj)
                0x00000000000062ec                nrfx_power_init
 .text.nrfx_power_usbevt_uninit
                0x0000000000006360       0x18 modules/hal_nordic/nrfx/libmodules__hal_nordic__nrfx.a(nrfx_power.c.obj)
                0x0000000000006360                nrfx_power_usbevt_uninit
 .text.nrfx_power_usbevt_init
                0x0000000000006378       0x14 modules/hal_nordic/nrfx/libmodules__hal_nordic__nrfx.a(nrfx_power.c.obj)
                0x0000000000006378                nrfx_power_usbevt_init
 .text.nrfx_power_irq_handler
                0x000000000000638c       0xa0 modules/hal_nordic/nrfx/libmodules__hal_nordic__nrfx.a(nrfx_power.c.obj)
                0x000000000000638c                nrfx_power_irq_handler
 .text.nrfx_ppi_channel_alloc
                0x000000000000642c        0xc modules/hal_nordic/nrfx/libmodules__hal_nordic__nrfx.a(nrfx_ppi.c.obj)
                0x000000000000642c                nrfx_ppi_channel_alloc
 .text.twi_tx_start_transfer
                0x0000000000006438       0xd8 modules/hal_nordic/nrfx/libmodules__hal_nordic__nrfx.a(nrfx_twi.c.obj)
 .text.twi_rx_start_transfer
                0x0000000000006510       0xe8 modules/hal_nordic/nrfx/libmodules__hal_nordic__nrfx.a(nrfx_twi.c.obj)
 .text.nrfx_twi_init
                0x00000000000065f8       0xbc modules/hal_nordic/nrfx/libmodules__hal_nordic__nrfx.a(nrfx_twi.c.obj)
                0x00000000000065f8                nrfx_twi_init
 .text.nrfx_twi_enable
                0x00000000000066b4       0x20 modules/hal_nordic/nrfx/libmodules__hal_nordic__nrfx.a(nrfx_twi.c.obj)
                0x00000000000066b4                nrfx_twi_enable
 .text.nrfx_twi_disable
                0x00000000000066d4       0x3c modules/hal_nordic/nrfx/libmodules__hal_nordic__nrfx.a(nrfx_twi.c.obj)
                0x00000000000066d4                nrfx_twi_disable
 .text.nrfx_twi_xfer
                0x0000000000006710       0xdc modules/hal_nordic/nrfx/libmodules__hal_nordic__nrfx.a(nrfx_twi.c.obj)
                0x0000000000006710                nrfx_twi_xfer
 .text.nrfx_twi_0_irq_handler
                0x00000000000067ec       0x10 modules/hal_nordic/nrfx/libmodules__hal_nordic__nrfx.a(nrfx_twi.c.obj)
                0x00000000000067ec                nrfx_twi_0_irq_handler
 .text.nrfx_twi_1_irq_handler
                0x00000000000067fc       0x10 modules/hal_nordic/nrfx/libmodules__hal_nordic__nrfx.a(nrfx_twi.c.obj)
                0x00000000000067fc                nrfx_twi_1_irq_handler
 .text.nrf52_errata_187
                0x000000000000680c       0x28 modules/hal_nordic/nrfx/libmodules__hal_nordic__nrfx.a(nrfx_usbd.c.obj)
 .text.ep_state_access
                0x0000000000006834       0x1c modules/hal_nordic/nrfx/libmodules__hal_nordic__nrfx.a(nrfx_usbd.c.obj)
 .text.usbd_dma_pending_clear
                0x0000000000006850       0x20 modules/hal_nordic/nrfx/libmodules__hal_nordic__nrfx.a(nrfx_usbd.c.obj)
 .text.ev_usbreset_handler
                0x0000000000006870       0x34 modules/hal_nordic/nrfx/libmodules__hal_nordic__nrfx.a(nrfx_usbd.c.obj)
 .text.ev_usbevent_handler
                0x00000000000068a4       0x94 modules/hal_nordic/nrfx/libmodules__hal_nordic__nrfx.a(nrfx_usbd.c.obj)
 .text.usbd_errata_187_211_begin
                0x0000000000006938       0x40 modules/hal_nordic/nrfx/libmodules__hal_nordic__nrfx.a(nrfx_usbd.c.obj)
 .text.usbd_errata_187_211_end
                0x0000000000006978       0x40 modules/hal_nordic/nrfx/libmodules__hal_nordic__nrfx.a(nrfx_usbd.c.obj)
 .text.nrfx_usbd_feeder_flash
                0x00000000000069b8       0x38 modules/hal_nordic/nrfx/libmodules__hal_nordic__nrfx.a(nrfx_usbd.c.obj)
                0x00000000000069b8                nrfx_usbd_feeder_flash
 .text.nrfx_usbd_feeder_flash_zlp
                0x00000000000069f0       0x40 modules/hal_nordic/nrfx/libmodules__hal_nordic__nrfx.a(nrfx_usbd.c.obj)
                0x00000000000069f0                nrfx_usbd_feeder_flash_zlp
 .text.ev_sof_handler
                0x0000000000006a30       0x44 modules/hal_nordic/nrfx/libmodules__hal_nordic__nrfx.a(nrfx_usbd.c.obj)
 .text.atomic_and.constprop.0.isra.0
                0x0000000000006a74       0x20 modules/hal_nordic/nrfx/libmodules__hal_nordic__nrfx.a(nrfx_usbd.c.obj)
 .text.nrf_usbd_ep0in_dma_handler
                0x0000000000006a94       0x2c modules/hal_nordic/nrfx/libmodules__hal_nordic__nrfx.a(nrfx_usbd.c.obj)
 .text.usbd_ep_data_handler
                0x0000000000006ac0       0x8c modules/hal_nordic/nrfx/libmodules__hal_nordic__nrfx.a(nrfx_usbd.c.obj)
 .text.ev_setup_data_handler
                0x0000000000006b4c       0x1c modules/hal_nordic/nrfx/libmodules__hal_nordic__nrfx.a(nrfx_usbd.c.obj)
 .text.ev_dma_epout8_handler
                0x0000000000006b68       0x40 modules/hal_nordic/nrfx/libmodules__hal_nordic__nrfx.a(nrfx_usbd.c.obj)
 .text.ev_dma_epin8_handler
                0x0000000000006ba8       0x50 modules/hal_nordic/nrfx/libmodules__hal_nordic__nrfx.a(nrfx_usbd.c.obj)
 .text.nrfx_usbd_uninit
                0x0000000000006bf8       0x14 modules/hal_nordic/nrfx/libmodules__hal_nordic__nrfx.a(nrfx_usbd.c.obj)
                0x0000000000006bf8                nrfx_usbd_uninit
 .text.nrfx_usbd_enable
                0x0000000000006c0c      0x13c modules/hal_nordic/nrfx/libmodules__hal_nordic__nrfx.a(nrfx_usbd.c.obj)
                0x0000000000006c0c                nrfx_usbd_enable
 .text.nrfx_usbd_start
                0x0000000000006d48       0x3c modules/hal_nordic/nrfx/libmodules__hal_nordic__nrfx.a(nrfx_usbd.c.obj)
                0x0000000000006d48                nrfx_usbd_start
 .text.nrfx_usbd_is_enabled
                0x0000000000006d84       0x14 modules/hal_nordic/nrfx/libmodules__hal_nordic__nrfx.a(nrfx_usbd.c.obj)
                0x0000000000006d84                nrfx_usbd_is_enabled
 .text.nrfx_usbd_init
                0x0000000000006d98       0x8c modules/hal_nordic/nrfx/libmodules__hal_nordic__nrfx.a(nrfx_usbd.c.obj)
                0x0000000000006d98                nrfx_usbd_init
 .text.nrfx_usbd_ep_transfer
                0x0000000000006e24       0xf4 modules/hal_nordic/nrfx/libmodules__hal_nordic__nrfx.a(nrfx_usbd.c.obj)
                0x0000000000006e24                nrfx_usbd_ep_transfer
 .text.nrfx_usbd_epout_size_get
                0x0000000000006f18       0x28 modules/hal_nordic/nrfx/libmodules__hal_nordic__nrfx.a(nrfx_usbd.c.obj)
                0x0000000000006f18                nrfx_usbd_epout_size_get
 .text.usbd_dmareq_process
                0x0000000000006f40      0x180 modules/hal_nordic/nrfx/libmodules__hal_nordic__nrfx.a(nrfx_usbd.c.obj)
 .text.ev_epdata_handler
                0x00000000000070c0       0x44 modules/hal_nordic/nrfx/libmodules__hal_nordic__nrfx.a(nrfx_usbd.c.obj)
 .text.nrf_usbd_epout_dma_handler
                0x0000000000007104       0x64 modules/hal_nordic/nrfx/libmodules__hal_nordic__nrfx.a(nrfx_usbd.c.obj)
 .text.nrfx_usbd_ep_stall
                0x0000000000007168       0x10 modules/hal_nordic/nrfx/libmodules__hal_nordic__nrfx.a(nrfx_usbd.c.obj)
                0x0000000000007168                nrfx_usbd_ep_stall
 .text.nrfx_usbd_ep_stall_check
                0x0000000000007178       0x34 modules/hal_nordic/nrfx/libmodules__hal_nordic__nrfx.a(nrfx_usbd.c.obj)
                0x0000000000007178                nrfx_usbd_ep_stall_check
 .text.nrfx_usbd_ep_dtoggle_clear
                0x00000000000071ac       0x18 modules/hal_nordic/nrfx/libmodules__hal_nordic__nrfx.a(nrfx_usbd.c.obj)
                0x00000000000071ac                nrfx_usbd_ep_dtoggle_clear
 .text.nrfx_usbd_setup_get
                0x00000000000071c4       0x44 modules/hal_nordic/nrfx/libmodules__hal_nordic__nrfx.a(nrfx_usbd.c.obj)
                0x00000000000071c4                nrfx_usbd_setup_get
 .text.nrfx_usbd_setup_data_clear
                0x0000000000007208       0x10 modules/hal_nordic/nrfx/libmodules__hal_nordic__nrfx.a(nrfx_usbd.c.obj)
                0x0000000000007208                nrfx_usbd_setup_data_clear
 .text.ev_dma_epout0_handler
                0x0000000000007218       0x50 modules/hal_nordic/nrfx/libmodules__hal_nordic__nrfx.a(nrfx_usbd.c.obj)
 .text.nrfx_usbd_setup_clear
                0x0000000000007268       0x10 modules/hal_nordic/nrfx/libmodules__hal_nordic__nrfx.a(nrfx_usbd.c.obj)
                0x0000000000007268                nrfx_usbd_setup_clear
 .text.nrfx_usbd_setup_stall
                0x0000000000007278       0x10 modules/hal_nordic/nrfx/libmodules__hal_nordic__nrfx.a(nrfx_usbd.c.obj)
                0x0000000000007278                nrfx_usbd_setup_stall
 .text.nrfx_usbd_last_setup_dir_get
                0x0000000000007288        0xc modules/hal_nordic/nrfx/libmodules__hal_nordic__nrfx.a(nrfx_usbd.c.obj)
                0x0000000000007288                nrfx_usbd_last_setup_dir_get
 .text.nrfx_usbd_transfer_out_drop
                0x0000000000007294       0x54 modules/hal_nordic/nrfx/libmodules__hal_nordic__nrfx.a(nrfx_usbd.c.obj)
                0x0000000000007294                nrfx_usbd_transfer_out_drop
 .text.usbd_ep_abort
                0x00000000000072e8       0xf4 modules/hal_nordic/nrfx/libmodules__hal_nordic__nrfx.a(nrfx_usbd.c.obj)
 .text.ev_setup_handler
                0x00000000000073dc       0x74 modules/hal_nordic/nrfx/libmodules__hal_nordic__nrfx.a(nrfx_usbd.c.obj)
 .text.nrfx_usbd_irq_handler
                0x0000000000007450       0x7c modules/hal_nordic/nrfx/libmodules__hal_nordic__nrfx.a(nrfx_usbd.c.obj)
                0x0000000000007450                nrfx_usbd_irq_handler
 .text.usbd_ep_abort_all
                0x00000000000074cc       0x50 modules/hal_nordic/nrfx/libmodules__hal_nordic__nrfx.a(nrfx_usbd.c.obj)
 .text.nrfx_usbd_stop
                0x000000000000751c       0x3c modules/hal_nordic/nrfx/libmodules__hal_nordic__nrfx.a(nrfx_usbd.c.obj)
                0x000000000000751c                nrfx_usbd_stop
 .text.nrfx_usbd_disable
                0x0000000000007558       0x30 modules/hal_nordic/nrfx/libmodules__hal_nordic__nrfx.a(nrfx_usbd.c.obj)
                0x0000000000007558                nrfx_usbd_disable
 .text.nrfx_usbd_suspend
                0x0000000000007588       0x60 modules/hal_nordic/nrfx/libmodules__hal_nordic__nrfx.a(nrfx_usbd.c.obj)
                0x0000000000007588                nrfx_usbd_suspend
 .text.nrfx_usbd_ep_disable
                0x00000000000075e8       0x58 modules/hal_nordic/nrfx/libmodules__hal_nordic__nrfx.a(nrfx_usbd.c.obj)
                0x00000000000075e8                nrfx_usbd_ep_disable
 .text.nrfx_usbd_ep_enable
                0x0000000000007640       0xa4 modules/hal_nordic/nrfx/libmodules__hal_nordic__nrfx.a(nrfx_usbd.c.obj)
                0x0000000000007640                nrfx_usbd_ep_enable
 .text.nrfx_usbd_ep_stall_clear
                0x00000000000076e4       0x20 modules/hal_nordic/nrfx/libmodules__hal_nordic__nrfx.a(nrfx_usbd.c.obj)
                0x00000000000076e4                nrfx_usbd_ep_stall_clear
 .text.nrf_gpio_pin_port_decode
                0x0000000000007704       0x1c modules/hal_nordic/nrfx/libmodules__hal_nordic__nrfx.a(nrfx_twi_twim.c.obj)
 .text.nrfx_twi_twim_bus_recover
                0x0000000000007720       0xc8 modules/hal_nordic/nrfx/libmodules__hal_nordic__nrfx.a(nrfx_twi_twim.c.obj)
                0x0000000000007720                nrfx_twi_twim_bus_recover
 .text.z_sys_init_run_level
                0x00000000000077e8       0x40 zephyr/kernel/libkernel.a(device.c.obj)
                0x00000000000077e8                z_sys_init_run_level
 .text.z_impl_device_get_binding
                0x0000000000007828       0x54 zephyr/kernel/libkernel.a(device.c.obj)
                0x0000000000007828                z_impl_device_get_binding
 .text.init_idle_thread
                0x000000000000787c       0x54 zephyr/kernel/libkernel.a(init.c.obj)
 .text.bg_thread_main
                0x00000000000078d0       0x34 zephyr/kernel/libkernel.a(init.c.obj)
 .text.z_bss_zero
                0x0000000000007904       0x14 zephyr/kernel/libkernel.a(init.c.obj)
                0x0000000000007904                z_bss_zero
 .text.z_cstart
                0x0000000000007918       0xe8 zephyr/kernel/libkernel.a(init.c.obj)
                0x0000000000007918                z_cstart
 .text.init_mem_slab_module
                0x0000000000007a00       0x44 zephyr/kernel/libkernel.a(mem_slab.c.obj)
 .text.k_mem_slab_alloc
                0x0000000000007a44       0x5c zephyr/kernel/libkernel.a(mem_slab.c.obj)
                0x0000000000007a44                k_mem_slab_alloc
 .text.z_setup_new_thread
                0x0000000000007aa0       0x60 zephyr/kernel/libkernel.a(thread.c.obj)
                0x0000000000007aa0                z_setup_new_thread
 .text.z_impl_k_thread_create
                0x0000000000007b00       0x58 zephyr/kernel/libkernel.a(thread.c.obj)
                0x0000000000007b00                z_impl_k_thread_create
 .text.z_init_static_threads
                0x0000000000007b58       0xb8 zephyr/kernel/libkernel.a(thread.c.obj)
                0x0000000000007b58                z_init_static_threads
 .text.idle     0x0000000000007c10       0x38 zephyr/kernel/libkernel.a(idle.c.obj)
                0x0000000000007c10                idle
 .text.z_impl_k_mutex_lock
                0x0000000000007c48       0xf0 zephyr/kernel/libkernel.a(mutex.c.obj)
                0x0000000000007c48                z_impl_k_mutex_lock
 .text.z_impl_k_mutex_unlock
                0x0000000000007d38       0x84 zephyr/kernel/libkernel.a(mutex.c.obj)
                0x0000000000007d38                z_impl_k_mutex_unlock
 .text.z_impl_k_queue_get
                0x0000000000007dbc       0x68 zephyr/kernel/libkernel.a(queue.c.obj)
                0x0000000000007dbc                z_impl_k_queue_get
 .text.z_impl_k_sem_give
                0x0000000000007e24       0x40 zephyr/kernel/libkernel.a(sem.c.obj)
                0x0000000000007e24                z_impl_k_sem_give
 .text.z_impl_k_sem_take
                0x0000000000007e64       0x50 zephyr/kernel/libkernel.a(sem.c.obj)
                0x0000000000007e64                z_impl_k_sem_take
 .text.work_queue_main
                0x0000000000007eb4      0x12c zephyr/kernel/libkernel.a(work.c.obj)
 .text.submit_to_queue_locked
                0x0000000000007fe0       0xa0 zephyr/kernel/libkernel.a(work.c.obj)
 .text.k_work_queue_start
                0x0000000000008080       0x70 zephyr/kernel/libkernel.a(work.c.obj)
                0x0000000000008080                k_work_queue_start
 .text.z_reset_time_slice
                0x00000000000080f0       0x2c zephyr/kernel/libkernel.a(sched.c.obj)
                0x00000000000080f0                z_reset_time_slice
 .text.k_sched_time_slice_set
                0x000000000000811c       0x60 zephyr/kernel/libkernel.a(sched.c.obj)
                0x000000000000811c                k_sched_time_slice_set
 .text.z_reschedule
                0x000000000000817c       0x24 zephyr/kernel/libkernel.a(sched.c.obj)
                0x000000000000817c                z_reschedule
 .text.k_sched_lock
                0x00000000000081a0       0x28 zephyr/kernel/libkernel.a(sched.c.obj)
                0x00000000000081a0                k_sched_lock
 .text.update_cache
                0x00000000000081c8       0x40 zephyr/kernel/libkernel.a(sched.c.obj)
 .text.move_thread_to_end_of_prio_q
                0x0000000000008208       0x74 zephyr/kernel/libkernel.a(sched.c.obj)
 .text.z_time_slice
                0x000000000000827c       0x80 zephyr/kernel/libkernel.a(sched.c.obj)
                0x000000000000827c                z_time_slice
 .text.ready_thread
                0x00000000000082fc       0x6c zephyr/kernel/libkernel.a(sched.c.obj)
 .text.z_sched_start
                0x0000000000008368       0x3c zephyr/kernel/libkernel.a(sched.c.obj)
                0x0000000000008368                z_sched_start
 .text.unready_thread
                0x00000000000083a4       0x30 zephyr/kernel/libkernel.a(sched.c.obj)
 .text.pend     0x00000000000083d4       0x4c zephyr/kernel/libkernel.a(sched.c.obj)
 .text.z_pend_curr
                0x0000000000008420       0x28 zephyr/kernel/libkernel.a(sched.c.obj)
                0x0000000000008420                z_pend_curr
 .text.z_set_prio
                0x0000000000008448       0x90 zephyr/kernel/libkernel.a(sched.c.obj)
                0x0000000000008448                z_set_prio
 .text.z_impl_k_thread_suspend
                0x00000000000084d8       0x64 zephyr/kernel/libkernel.a(sched.c.obj)
                0x00000000000084d8                z_impl_k_thread_suspend
 .text.k_sched_unlock
                0x000000000000853c       0x38 zephyr/kernel/libkernel.a(sched.c.obj)
                0x000000000000853c                k_sched_unlock
 .text.z_sched_init
                0x0000000000008574       0x18 zephyr/kernel/libkernel.a(sched.c.obj)
                0x0000000000008574                z_sched_init
 .text.z_impl_k_yield
                0x000000000000858c       0x80 zephyr/kernel/libkernel.a(sched.c.obj)
                0x000000000000858c                z_impl_k_yield
 .text.z_tick_sleep
                0x000000000000860c       0x90 zephyr/kernel/libkernel.a(sched.c.obj)
 .text.z_impl_k_sleep
                0x000000000000869c       0x34 zephyr/kernel/libkernel.a(sched.c.obj)
                0x000000000000869c                z_impl_k_sleep
 .text.z_impl_z_current_get
                0x00000000000086d0        0xc zephyr/kernel/libkernel.a(sched.c.obj)
                0x00000000000086d0                z_impl_z_current_get
 .text.z_impl_k_is_preempt_thread
                0x00000000000086dc       0x20 zephyr/kernel/libkernel.a(sched.c.obj)
                0x00000000000086dc                z_impl_k_is_preempt_thread
 .text.z_thread_abort
                0x00000000000086fc       0xa4 zephyr/kernel/libkernel.a(sched.c.obj)
                0x00000000000086fc                z_thread_abort
 .text.z_sched_wait
                0x00000000000087a0       0x24 zephyr/kernel/libkernel.a(sched.c.obj)
                0x00000000000087a0                z_sched_wait
 .text.z_data_copy
                0x00000000000087c4       0x34 zephyr/kernel/libkernel.a(xip.c.obj)
                0x00000000000087c4                z_data_copy
 .text.elapsed  0x00000000000087f8       0x14 zephyr/kernel/libkernel.a(timeout.c.obj)
 .text.next_timeout
                0x000000000000880c       0x4c zephyr/kernel/libkernel.a(timeout.c.obj)
 .text.remove_timeout
                0x0000000000008858       0x34 zephyr/kernel/libkernel.a(timeout.c.obj)
 .text.z_add_timeout
                0x000000000000888c       0xf4 zephyr/kernel/libkernel.a(timeout.c.obj)
                0x000000000000888c                z_add_timeout
 .text.sys_clock_announce
                0x0000000000008980       0xb8 zephyr/kernel/libkernel.a(timeout.c.obj)
                0x0000000000008980                sys_clock_announce
 .text.sys_clock_tick_get
                0x0000000000008a38       0x30 zephyr/kernel/libkernel.a(timeout.c.obj)
                0x0000000000008a38                sys_clock_tick_get
 .text.z_thread_aligned_alloc
                0x0000000000008a68       0x40 zephyr/kernel/libkernel.a(mempool.c.obj)
                0x0000000000008a68                z_thread_aligned_alloc
 .text.boot_banner
                0x0000000000008aa8       0x18 zephyr/kernel/libkernel.a(banner.c.obj)
                0x0000000000008aa8                boot_banner
 .text.statics_init
                0x0000000000008ac0       0x24 zephyr/kernel/libkernel.a(kheap.c.obj)
 .text.k_sys_work_q_init
                0x0000000000008ae4       0x34 zephyr/kernel/libkernel.a(system_work_q.c.obj)
 .text._OffsetAbsSyms
                0x0000000000008b18        0x2 zephyr/CMakeFiles/offsets.dir/./arch/arm/core/offsets/offsets.c.obj
                0x0000000000008b18                _OffsetAbsSyms
 .text.gpio_pin_get.constprop.0
                0x0000000000008b1a       0x1c app/libapp.a(main.c.obj)
 .text.i2c_write_read.constprop.0
                0x0000000000008b36       0x2a app/libapp.a(MAX30102.c.obj)
 .text.i2c_reg_read_byte.constprop.0
                0x0000000000008b60       0x16 app/libapp.a(MAX30102.c.obj)
 .text.i2c_reg_write_byte.constprop.0
                0x0000000000008b76       0x26 app/libapp.a(MAX30102.c.obj)
 .text.maxim_max30102_init
                0x0000000000008b9c       0xa2 app/libapp.a(MAX30102.c.obj)
                0x0000000000008b9c                maxim_max30102_init
 .text.MAX30102_setup
                0x0000000000008c3e       0x18 app/libapp.a(MAX30102.c.obj)
                0x0000000000008c3e                MAX30102_setup
 .text.reset    0x0000000000008c56        0x8 app/libapp.a(MAX30102.c.obj)
                0x0000000000008c56                reset
 .text.maxim_peaks_above_min_height
                0x0000000000008c5e       0x68 app/libapp.a(algorithm.c.obj)
                0x0000000000008c5e                maxim_peaks_above_min_height
 .text.maxim_sort_ascend
                0x0000000000008cc6       0x2c app/libapp.a(algorithm.c.obj)
                0x0000000000008cc6                maxim_sort_ascend
 .text.maxim_sort_indices_descend
                0x0000000000008cf2       0x3c app/libapp.a(algorithm.c.obj)
                0x0000000000008cf2                maxim_sort_indices_descend
 .text.maxim_remove_close_peaks
                0x0000000000008d2e       0x6c app/libapp.a(algorithm.c.obj)
                0x0000000000008d2e                maxim_remove_close_peaks
 .text.maxim_find_peaks
                0x0000000000008d9a       0x26 app/libapp.a(algorithm.c.obj)
                0x0000000000008d9a                maxim_find_peaks
 .text.sys_notify_validate
                0x0000000000008dc0       0x22 zephyr/libzephyr.a(notify.c.obj)
                0x0000000000008dc0                sys_notify_validate
 .text.sys_notify_finalize
                0x0000000000008de2       0x1a zephyr/libzephyr.a(notify.c.obj)
                0x0000000000008de2                sys_notify_finalize
 .text.arch_printk_char_out
                0x0000000000008dfc        0x4 zephyr/libzephyr.a(printk.c.obj)
                0x0000000000008dfc                arch_printk_char_out
 .text.printk   0x0000000000008e00       0x1a zephyr/libzephyr.a(printk.c.obj)
                0x0000000000008e00                printk
 .text.sys_slist_find_and_remove
                0x0000000000008e1a       0x34 zephyr/libzephyr.a(onoff.c.obj)
 .text.process_recheck
                0x0000000000008e4e       0x38 zephyr/libzephyr.a(onoff.c.obj)
 .text.notify_one
                0x0000000000008e86       0x2c zephyr/libzephyr.a(onoff.c.obj)
 .text.transition_complete
                0x0000000000008eb2       0x1c zephyr/libzephyr.a(onoff.c.obj)
 .text.validate_args
                0x0000000000008ece       0x1e zephyr/libzephyr.a(onoff.c.obj)
 .text.onoff_manager_init
                0x0000000000008eec       0x26 zephyr/libzephyr.a(onoff.c.obj)
                0x0000000000008eec                onoff_manager_init
 .text.onoff_request
                0x0000000000008f12       0x92 zephyr/libzephyr.a(onoff.c.obj)
                0x0000000000008f12                onoff_request
 .text.onoff_release
                0x0000000000008fa4       0x4a zephyr/libzephyr.a(onoff.c.obj)
                0x0000000000008fa4                onoff_release
 .text.onoff_cancel
                0x0000000000008fee       0x38 zephyr/libzephyr.a(onoff.c.obj)
                0x0000000000008fee                onoff_cancel
 .text.z_thread_entry
                0x0000000000009026       0x14 zephyr/libzephyr.a(thread_entry.c.obj)
                0x0000000000009026                z_thread_entry
 .text.chunk_size
                0x000000000000903a        0xa zephyr/libzephyr.a(heap.c.obj)
 .text.free_list_add
                0x0000000000009044       0x4e zephyr/libzephyr.a(heap.c.obj)
 .text.free_list_remove_bidx
                0x0000000000009092       0x3a zephyr/libzephyr.a(heap.c.obj)
 .text.free_list_remove
                0x00000000000090cc       0x1a zephyr/libzephyr.a(heap.c.obj)
 .text.alloc_chunk
                0x00000000000090e6       0x6c zephyr/libzephyr.a(heap.c.obj)
 .text.merge_chunks
                0x0000000000009152       0x2c zephyr/libzephyr.a(heap.c.obj)
 .text.split_chunks
                0x000000000000917e       0x34 zephyr/libzephyr.a(heap.c.obj)
 .text.free_chunk
                0x00000000000091b2       0x62 zephyr/libzephyr.a(heap.c.obj)
 .text.sys_heap_free
                0x0000000000009214       0x1e zephyr/libzephyr.a(heap.c.obj)
                0x0000000000009214                sys_heap_free
 .text.sys_heap_alloc
                0x0000000000009232       0x52 zephyr/libzephyr.a(heap.c.obj)
                0x0000000000009232                sys_heap_alloc
 .text.sys_heap_aligned_alloc
                0x0000000000009284       0xd0 zephyr/libzephyr.a(heap.c.obj)
                0x0000000000009284                sys_heap_aligned_alloc
 .text.sys_heap_init
                0x0000000000009354       0x72 zephyr/libzephyr.a(heap.c.obj)
                0x0000000000009354                sys_heap_init
 .text._ldiv5   0x00000000000093c6       0x30 zephyr/libzephyr.a(cbprintf_complete.c.obj)
 .text._get_digit
                0x00000000000093f6       0x2e zephyr/libzephyr.a(cbprintf_complete.c.obj)
 .text.outs     0x0000000000009424       0x2c zephyr/libzephyr.a(cbprintf_complete.c.obj)
 .text.ring_buf_get_rewind_threshold
                0x0000000000009450        0x6 zephyr/libzephyr.a(ring_buffer.c.obj)
                0x0000000000009450                ring_buf_get_rewind_threshold
 .text.ring_buf_is_empty
                0x0000000000009456       0x22 zephyr/libzephyr.a(ring_buffer.c.obj)
                0x0000000000009456                ring_buf_is_empty
 .text.ring_buf_put_claim
                0x0000000000009478       0x5a zephyr/libzephyr.a(ring_buffer.c.obj)
                0x0000000000009478                ring_buf_put_claim
 .text.ring_buf_put_finish
                0x00000000000094d2       0x38 zephyr/libzephyr.a(ring_buffer.c.obj)
                0x00000000000094d2                ring_buf_put_finish
 .text.ring_buf_put
                0x000000000000950a       0x3e zephyr/libzephyr.a(ring_buffer.c.obj)
                0x000000000000950a                ring_buf_put
 .text.ring_buf_get_claim
                0x0000000000009548       0x56 zephyr/libzephyr.a(ring_buffer.c.obj)
                0x0000000000009548                ring_buf_get_claim
 .text.ring_buf_get_finish
                0x000000000000959e       0x3c zephyr/libzephyr.a(ring_buffer.c.obj)
                0x000000000000959e                ring_buf_get_finish
 .text.ring_buf_get
                0x00000000000095da       0x40 zephyr/libzephyr.a(ring_buffer.c.obj)
                0x00000000000095da                ring_buf_get
 .text._ConfigAbsSyms
                0x000000000000961a        0x2 zephyr/libzephyr.a(configs.c.obj)
                0x000000000000961a                _ConfigAbsSyms
 .text.usb_write
                0x000000000000961c       0x30 zephyr/libzephyr.a(usb_device.c.obj)
                0x000000000000961c                usb_write
 .text.usb_get_dev_data_by_cfg
                0x000000000000964c       0x18 zephyr/libzephyr.a(usb_descriptor.c.obj)
                0x000000000000964c                usb_get_dev_data_by_cfg
 .text.usb_get_dev_data_by_iface
                0x0000000000009664       0x1c zephyr/libzephyr.a(usb_descriptor.c.obj)
                0x0000000000009664                usb_get_dev_data_by_iface
 .text.usb_get_dev_data_by_ep
                0x0000000000009680       0x2c zephyr/libzephyr.a(usb_descriptor.c.obj)
                0x0000000000009680                usb_get_dev_data_by_ep
 .text.usb_transfer_is_busy
                0x00000000000096ac       0x16 zephyr/libzephyr.a(usb_transfer.c.obj)
                0x00000000000096ac                usb_transfer_is_busy
 .text.cdc_interface_config
                0x00000000000096c2       0x14 zephyr/libzephyr.a(cdc_acm.c.obj)
 .text.cdc_acm_irq_callback_work_handler
                0x00000000000096d6        0x8 zephyr/libzephyr.a(cdc_acm.c.obj)
 .text.cdc_acm_irq_tx_disable
                0x00000000000096de        0xa zephyr/libzephyr.a(cdc_acm.c.obj)
 .text.cdc_acm_irq_tx_ready
                0x00000000000096e8        0xe zephyr/libzephyr.a(cdc_acm.c.obj)
 .text.cdc_acm_irq_rx_disable
                0x00000000000096f6        0xa zephyr/libzephyr.a(cdc_acm.c.obj)
 .text.cdc_acm_irq_rx_ready
                0x0000000000009700        0x8 zephyr/libzephyr.a(cdc_acm.c.obj)
 .text.cdc_acm_irq_is_pending
                0x0000000000009708       0x1e zephyr/libzephyr.a(cdc_acm.c.obj)
 .text.cdc_acm_irq_update
                0x0000000000009726        0x4 zephyr/libzephyr.a(cdc_acm.c.obj)
 .text.cdc_acm_irq_callback_set
                0x000000000000972a        0x8 zephyr/libzephyr.a(cdc_acm.c.obj)
 .text.cdc_acm_line_ctrl_get
                0x0000000000009732       0x30 zephyr/libzephyr.a(cdc_acm.c.obj)
 .text.cdc_acm_fifo_read
                0x0000000000009762       0x1e zephyr/libzephyr.a(cdc_acm.c.obj)
 .text.cdc_acm_poll_in
                0x0000000000009780       0x12 zephyr/libzephyr.a(cdc_acm.c.obj)
 .text.cdc_acm_line_ctrl_set
                0x0000000000009792       0xc4 zephyr/libzephyr.a(cdc_acm.c.obj)
 .text.z_arm_fatal_error
                0x0000000000009856        0x4 zephyr/arch/arch/arm/core/aarch32/libarch__arm__core__aarch32.a(fatal.c.obj)
                0x0000000000009856                z_arm_fatal_error
 .text.z_do_kernel_oops
                0x000000000000985a        0x8 zephyr/arch/arch/arm/core/aarch32/libarch__arm__core__aarch32.a(fatal.c.obj)
                0x000000000000985a                z_do_kernel_oops
 .text.z_irq_spurious
                0x0000000000009862        0x8 zephyr/arch/arch/arm/core/aarch32/libarch__arm__core__aarch32.a(irq_manage.c.obj)
                0x0000000000009862                z_irq_spurious
 .text.z_arm_nmi
                0x000000000000986a        0xe zephyr/arch/arch/arm/core/aarch32/libarch__arm__core__aarch32.a(nmi.c.obj)
                0x000000000000986a                z_arm_nmi
 .text.malloc_prepare
                0x0000000000009878        0x4 zephyr/lib/libc/newlib/liblib__libc__newlib.a(libc-hooks.c.obj)
 .text._stdout_hook_default
                0x000000000000987c        0x6 zephyr/lib/libc/newlib/liblib__libc__newlib.a(libc-hooks.c.obj)
 .text.pm_power_state_set
                0x0000000000009882       0x26 zephyr/soc/arm/nordic_nrf/nrf52/libsoc__arm__nordic_nrf__nrf52.a(power.c.obj)
                0x0000000000009882                pm_power_state_set
 .text.pm_power_state_exit_post_ops
                0x00000000000098a8       0x16 zephyr/soc/arm/nordic_nrf/nrf52/libsoc__arm__nordic_nrf__nrf52.a(power.c.obj)
                0x00000000000098a8                pm_power_state_exit_post_ops
 .text.z_impl_gpio_pin_configure.isra.0
                0x00000000000098be       0x2a zephyr/boards/arm/particle_argon/libboards__arm__particle_argon.a(board.c.obj)
 .text.ep_ctx_reset
                0x00000000000098e8       0x26 zephyr/drivers/usb/device/libdrivers__usb__device.a(usb_dc_nrfx.c.obj)
 .text.k_mutex_lock.constprop.0.isra.0
                0x000000000000990e        0x4 zephyr/drivers/usb/device/libdrivers__usb__device.a(usb_dc_nrfx.c.obj)
 .text.k_mutex_unlock.isra.0
                0x0000000000009912        0x4 zephyr/drivers/usb/device/libdrivers__usb__device.a(usb_dc_nrfx.c.obj)
 .text.usb_dc_ep_check_cap
                0x0000000000009916       0x30 zephyr/drivers/usb/device/libdrivers__usb__device.a(usb_dc_nrfx.c.obj)
                0x0000000000009916                usb_dc_ep_check_cap
 .text.usb_dc_ep_read
                0x0000000000009946       0x1e zephyr/drivers/usb/device/libdrivers__usb__device.a(usb_dc_nrfx.c.obj)
                0x0000000000009946                usb_dc_ep_read
 .text.get_status
                0x0000000000009964       0x12 zephyr/drivers/clock_control/libdrivers__clock_control.a(clock_control_nrf.c.obj)
 .text.set_on_state
                0x0000000000009976       0x26 zephyr/drivers/clock_control/libdrivers__clock_control.a(clock_control_nrf.c.obj)
 .text.stop     0x000000000000999c       0x52 zephyr/drivers/clock_control/libdrivers__clock_control.a(clock_control_nrf.c.obj)
 .text.api_stop
                0x00000000000099ee        0x6 zephyr/drivers/clock_control/libdrivers__clock_control.a(clock_control_nrf.c.obj)
 .text.async_start
                0x00000000000099f4       0x62 zephyr/drivers/clock_control/libdrivers__clock_control.a(clock_control_nrf.c.obj)
 .text.api_start
                0x0000000000009a56        0xe zephyr/drivers/clock_control/libdrivers__clock_control.a(clock_control_nrf.c.obj)
 .text.onoff_started_callback
                0x0000000000009a64       0x12 zephyr/drivers/clock_control/libdrivers__clock_control.a(clock_control_nrf.c.obj)
 .text.lfclk_start
                0x0000000000009a76        0x6 zephyr/drivers/clock_control/libdrivers__clock_control.a(clock_control_nrf.c.obj)
 .text.lfclk_stop
                0x0000000000009a7c        0x6 zephyr/drivers/clock_control/libdrivers__clock_control.a(clock_control_nrf.c.obj)
 .text.blocking_start_callback
                0x0000000000009a82        0x6 zephyr/drivers/clock_control/libdrivers__clock_control.a(clock_control_nrf.c.obj)
 .text.gpio_nrfx_port_get_raw
                0x0000000000009a88        0xe zephyr/drivers/gpio/libdrivers__gpio.a(gpio_nrfx.c.obj)
 .text.gpio_nrfx_port_set_masked_raw
                0x0000000000009a96       0x16 zephyr/drivers/gpio/libdrivers__gpio.a(gpio_nrfx.c.obj)
 .text.gpio_nrfx_port_set_bits_raw
                0x0000000000009aac        0xc zephyr/drivers/gpio/libdrivers__gpio.a(gpio_nrfx.c.obj)
 .text.gpio_nrfx_port_clear_bits_raw
                0x0000000000009ab8        0xc zephyr/drivers/gpio/libdrivers__gpio.a(gpio_nrfx.c.obj)
 .text.gpio_nrfx_port_toggle_bits
                0x0000000000009ac4       0x12 zephyr/drivers/gpio/libdrivers__gpio.a(gpio_nrfx.c.obj)
 .text.gpio_nrfx_manage_callback
                0x0000000000009ad6       0x54 zephyr/drivers/gpio/libdrivers__gpio.a(gpio_nrfx.c.obj)
 .text.i2c_nrfx_twi_configure
                0x0000000000009b2a       0x32 zephyr/drivers/i2c/libdrivers__i2c.a(i2c_nrfx_twi.c.obj)
 .text.z_impl_hwinfo_get_device_id
                0x0000000000009b5c       0x6e zephyr/drivers/hwinfo/libdrivers__hwinfo.a(hwinfo_nrf.c.obj)
                0x0000000000009b5c                z_impl_hwinfo_get_device_id
 .text.uarte_nrfx_config_get
                0x0000000000009bca       0x10 zephyr/drivers/serial/libdrivers__serial.a(uart_nrfx_uarte.c.obj)
 .text.uarte_nrfx_err_check
                0x0000000000009bda        0xe zephyr/drivers/serial/libdrivers__serial.a(uart_nrfx_uarte.c.obj)
 .text.uarte_nrfx_poll_in
                0x0000000000009be8       0x26 zephyr/drivers/serial/libdrivers__serial.a(uart_nrfx_uarte.c.obj)
 .text.uarte_nrfx_fifo_read
                0x0000000000009c0e       0x2c zephyr/drivers/serial/libdrivers__serial.a(uart_nrfx_uarte.c.obj)
 .text.uarte_nrfx_irq_tx_enable
                0x0000000000009c3a       0x2e zephyr/drivers/serial/libdrivers__serial.a(uart_nrfx_uarte.c.obj)
 .text.uarte_nrfx_irq_tx_disable
                0x0000000000009c68        0xa zephyr/drivers/serial/libdrivers__serial.a(uart_nrfx_uarte.c.obj)
 .text.uarte_nrfx_irq_tx_ready_complete
                0x0000000000009c72       0x2a zephyr/drivers/serial/libdrivers__serial.a(uart_nrfx_uarte.c.obj)
 .text.uarte_nrfx_irq_rx_ready
                0x0000000000009c9c       0x10 zephyr/drivers/serial/libdrivers__serial.a(uart_nrfx_uarte.c.obj)
 .text.uarte_nrfx_irq_rx_enable
                0x0000000000009cac        0xc zephyr/drivers/serial/libdrivers__serial.a(uart_nrfx_uarte.c.obj)
 .text.uarte_nrfx_irq_rx_disable
                0x0000000000009cb8        0xc zephyr/drivers/serial/libdrivers__serial.a(uart_nrfx_uarte.c.obj)
 .text.uarte_nrfx_irq_err_enable
                0x0000000000009cc4        0xe zephyr/drivers/serial/libdrivers__serial.a(uart_nrfx_uarte.c.obj)
 .text.uarte_nrfx_irq_err_disable
                0x0000000000009cd2        0xe zephyr/drivers/serial/libdrivers__serial.a(uart_nrfx_uarte.c.obj)
 .text.uarte_nrfx_irq_update
                0x0000000000009ce0        0x4 zephyr/drivers/serial/libdrivers__serial.a(uart_nrfx_uarte.c.obj)
 .text.uarte_nrfx_irq_callback_set
                0x0000000000009ce4        0xa zephyr/drivers/serial/libdrivers__serial.a(uart_nrfx_uarte.c.obj)
 .text.uarte_nrfx_irq_is_pending
                0x0000000000009cee       0x36 zephyr/drivers/serial/libdrivers__serial.a(uart_nrfx_uarte.c.obj)
 .text.nrf_gpio_cfg_input
                0x0000000000009d24       0x1c zephyr/drivers/serial/libdrivers__serial.a(uart_nrfx_uarte.c.obj)
 .text.tx_start.isra.0
                0x0000000000009d40       0x36 zephyr/drivers/serial/libdrivers__serial.a(uart_nrfx_uarte.c.obj)
 .text.is_tx_ready.isra.0
                0x0000000000009d76       0x20 zephyr/drivers/serial/libdrivers__serial.a(uart_nrfx_uarte.c.obj)
 .text.uarte_nrfx_fifo_fill
                0x0000000000009d96       0x80 zephyr/drivers/serial/libdrivers__serial.a(uart_nrfx_uarte.c.obj)
 .text.uarte_nrfx_isr_int
                0x0000000000009e16       0xba zephyr/drivers/serial/libdrivers__serial.a(uart_nrfx_uarte.c.obj)
 .text.uarte_1_init
                0x0000000000009ed0       0x1e zephyr/drivers/serial/libdrivers__serial.a(uart_nrfx_uarte.c.obj)
 .text.uarte_0_init
                0x0000000000009eee       0x1e zephyr/drivers/serial/libdrivers__serial.a(uart_nrfx_uarte.c.obj)
 .text.sys_clock_idle_exit
                0x0000000000009f0c        0x2 zephyr/drivers/timer/libdrivers__timer.a(sys_clock_init.c.obj)
                0x0000000000009f0c                sys_clock_idle_exit
 .text.nrf52_errata_36
                0x0000000000009f0e       0x12 modules/hal_nordic/nrfx/libmodules__hal_nordic__nrfx.a(system_nrf52840.c.obj)
 .text.nrfx_isr
                0x0000000000009f20        0x2 modules/hal_nordic/nrfx/libmodules__hal_nordic__nrfx.a(nrfx_glue.c.obj)
                0x0000000000009f20                nrfx_isr
 .text.nrfx_busy_wait
                0x0000000000009f22        0x4 modules/hal_nordic/nrfx/libmodules__hal_nordic__nrfx.a(nrfx_glue.c.obj)
                0x0000000000009f22                nrfx_busy_wait
 .text.nrfx_clock_start
                0x0000000000009f26       0x58 modules/hal_nordic/nrfx/libmodules__hal_nordic__nrfx.a(nrfx_clock.c.obj)
                0x0000000000009f26                nrfx_clock_start
 .text.nrf_gpio_reconfigure
                0x0000000000009f7e       0x8e modules/hal_nordic/nrfx/libmodules__hal_nordic__nrfx.a(nrfx_gpiote.c.obj)
 .text.nrf_gpio_cfg_sense_set
                0x000000000000a00c       0x1e modules/hal_nordic/nrfx/libmodules__hal_nordic__nrfx.a(nrfx_gpiote.c.obj)
 .text.nrf_power_event_get_and_clear.constprop.0
                0x000000000000a02a       0x18 modules/hal_nordic/nrfx/libmodules__hal_nordic__nrfx.a(nrfx_power.c.obj)
 .text.nrfx_power_usbevt_enable
                0x000000000000a042        0xe modules/hal_nordic/nrfx/libmodules__hal_nordic__nrfx.a(nrfx_power.c.obj)
                0x000000000000a042                nrfx_power_usbevt_enable
 .text.nrfx_power_usbevt_disable
                0x000000000000a050        0xe modules/hal_nordic/nrfx/libmodules__hal_nordic__nrfx.a(nrfx_power.c.obj)
                0x000000000000a050                nrfx_power_usbevt_disable
 .text.nrfx_power_clock_irq_handler
                0x000000000000a05e        0xe modules/hal_nordic/nrfx/libmodules__hal_nordic__nrfx.a(nrfx_power.c.obj)
                0x000000000000a05e                nrfx_power_clock_irq_handler
 .text.twi_send_byte
                0x000000000000a06c       0x3a modules/hal_nordic/nrfx/libmodules__hal_nordic__nrfx.a(nrfx_twi.c.obj)
 .text.twi_transfer
                0x000000000000a0a6      0x118 modules/hal_nordic/nrfx/libmodules__hal_nordic__nrfx.a(nrfx_twi.c.obj)
 .text.twi_irq_handler
                0x000000000000a1be       0xba modules/hal_nordic/nrfx/libmodules__hal_nordic__nrfx.a(nrfx_twi.c.obj)
 .text.nrf52_errata_166
                0x000000000000a278       0x12 modules/hal_nordic/nrfx/libmodules__hal_nordic__nrfx.a(nrfx_usbd.c.obj)
 .text.nrfx_usbd_consumer
                0x000000000000a28a       0x2e modules/hal_nordic/nrfx/libmodules__hal_nordic__nrfx.a(nrfx_usbd.c.obj)
                0x000000000000a28a                nrfx_usbd_consumer
 .text.nrfx_usbd_feeder_ram
                0x000000000000a2b8       0x22 modules/hal_nordic/nrfx/libmodules__hal_nordic__nrfx.a(nrfx_usbd.c.obj)
                0x000000000000a2b8                nrfx_usbd_feeder_ram
 .text.nrfx_usbd_feeder_ram_zlp
                0x000000000000a2da       0x2a modules/hal_nordic/nrfx/libmodules__hal_nordic__nrfx.a(nrfx_usbd.c.obj)
                0x000000000000a2da                nrfx_usbd_feeder_ram_zlp
 .text.ep2bit   0x000000000000a304       0x12 modules/hal_nordic/nrfx/libmodules__hal_nordic__nrfx.a(nrfx_usbd.c.obj)
 .text.ev_started_handler
                0x000000000000a316        0x2 modules/hal_nordic/nrfx/libmodules__hal_nordic__nrfx.a(nrfx_usbd.c.obj)
 .text.nrf_usbd_epin_dma_handler
                0x000000000000a318       0x32 modules/hal_nordic/nrfx/libmodules__hal_nordic__nrfx.a(nrfx_usbd.c.obj)
 .text.ev_dma_epin7_handler
                0x000000000000a34a        0x6 modules/hal_nordic/nrfx/libmodules__hal_nordic__nrfx.a(nrfx_usbd.c.obj)
 .text.ev_dma_epin6_handler
                0x000000000000a350        0x6 modules/hal_nordic/nrfx/libmodules__hal_nordic__nrfx.a(nrfx_usbd.c.obj)
 .text.ev_dma_epin5_handler
                0x000000000000a356        0x6 modules/hal_nordic/nrfx/libmodules__hal_nordic__nrfx.a(nrfx_usbd.c.obj)
 .text.ev_dma_epin4_handler
                0x000000000000a35c        0x6 modules/hal_nordic/nrfx/libmodules__hal_nordic__nrfx.a(nrfx_usbd.c.obj)
 .text.ev_dma_epin3_handler
                0x000000000000a362        0x6 modules/hal_nordic/nrfx/libmodules__hal_nordic__nrfx.a(nrfx_usbd.c.obj)
 .text.ev_dma_epin2_handler
                0x000000000000a368        0x6 modules/hal_nordic/nrfx/libmodules__hal_nordic__nrfx.a(nrfx_usbd.c.obj)
 .text.ev_dma_epin1_handler
                0x000000000000a36e        0x6 modules/hal_nordic/nrfx/libmodules__hal_nordic__nrfx.a(nrfx_usbd.c.obj)
 .text.ev_dma_epin0_handler
                0x000000000000a374        0x4 modules/hal_nordic/nrfx/libmodules__hal_nordic__nrfx.a(nrfx_usbd.c.obj)
 .text.nrfx_usbd_ep_max_packet_size_set
                0x000000000000a378        0xa modules/hal_nordic/nrfx/libmodules__hal_nordic__nrfx.a(nrfx_usbd.c.obj)
                0x000000000000a378                nrfx_usbd_ep_max_packet_size_set
 .text.nrfx_usbd_ep_status_get
                0x000000000000a382       0x2e modules/hal_nordic/nrfx/libmodules__hal_nordic__nrfx.a(nrfx_usbd.c.obj)
                0x000000000000a382                nrfx_usbd_ep_status_get
 .text.ev_dma_epout7_handler
                0x000000000000a3b0        0x6 modules/hal_nordic/nrfx/libmodules__hal_nordic__nrfx.a(nrfx_usbd.c.obj)
 .text.ev_dma_epout6_handler
                0x000000000000a3b6        0x6 modules/hal_nordic/nrfx/libmodules__hal_nordic__nrfx.a(nrfx_usbd.c.obj)
 .text.ev_dma_epout5_handler
                0x000000000000a3bc        0x6 modules/hal_nordic/nrfx/libmodules__hal_nordic__nrfx.a(nrfx_usbd.c.obj)
 .text.ev_dma_epout4_handler
                0x000000000000a3c2        0x6 modules/hal_nordic/nrfx/libmodules__hal_nordic__nrfx.a(nrfx_usbd.c.obj)
 .text.ev_dma_epout3_handler
                0x000000000000a3c8        0x6 modules/hal_nordic/nrfx/libmodules__hal_nordic__nrfx.a(nrfx_usbd.c.obj)
 .text.ev_dma_epout2_handler
                0x000000000000a3ce        0x6 modules/hal_nordic/nrfx/libmodules__hal_nordic__nrfx.a(nrfx_usbd.c.obj)
 .text.ev_dma_epout1_handler
                0x000000000000a3d4        0x6 modules/hal_nordic/nrfx/libmodules__hal_nordic__nrfx.a(nrfx_usbd.c.obj)
 .text.nrfx_usbd_ep_abort
                0x000000000000a3da        0x4 modules/hal_nordic/nrfx/libmodules__hal_nordic__nrfx.a(nrfx_usbd.c.obj)
                0x000000000000a3da                nrfx_usbd_ep_abort
 .text.nrf_gpio_pin_set
                0x000000000000a3de       0x1a modules/hal_nordic/nrfx/libmodules__hal_nordic__nrfx.a(nrfx_twi_twim.c.obj)
 .text.z_device_state_init
                0x000000000000a3f8        0x2 zephyr/kernel/libkernel.a(device.c.obj)
                0x000000000000a3f8                z_device_state_init
 .text.z_device_is_ready
                0x000000000000a3fa       0x14 zephyr/kernel/libkernel.a(device.c.obj)
                0x000000000000a3fa                z_device_is_ready
 .text.arch_system_halt
                0x000000000000a40e       0x12 zephyr/kernel/libkernel.a(fatal.c.obj)
                0x000000000000a40e                arch_system_halt
 .text.k_sys_fatal_error_handler
                0x000000000000a420        0x6 zephyr/kernel/libkernel.a(fatal.c.obj)
                0x000000000000a420                k_sys_fatal_error_handler
 .text.z_fatal_error
                0x000000000000a426       0x36 zephyr/kernel/libkernel.a(fatal.c.obj)
                0x000000000000a426                z_fatal_error
 .text.k_mem_slab_free
                0x000000000000a45c       0x52 zephyr/kernel/libkernel.a(mem_slab.c.obj)
                0x000000000000a45c                k_mem_slab_free
 .text.k_is_in_isr
                0x000000000000a4ae        0xc zephyr/kernel/libkernel.a(thread.c.obj)
                0x000000000000a4ae                k_is_in_isr
 .text.z_impl_k_thread_name_set
                0x000000000000a4ba        0x6 zephyr/kernel/libkernel.a(thread.c.obj)
                0x000000000000a4ba                z_impl_k_thread_name_set
 .text.z_impl_k_thread_start
                0x000000000000a4c0        0x4 zephyr/kernel/libkernel.a(thread.c.obj)
                0x000000000000a4c0                z_impl_k_thread_start
 .text.z_pm_save_idle_exit
                0x000000000000a4c4        0xe zephyr/kernel/libkernel.a(idle.c.obj)
                0x000000000000a4c4                z_pm_save_idle_exit
 .text.adjust_owner_prio.isra.0
                0x000000000000a4d2       0x10 zephyr/kernel/libkernel.a(mutex.c.obj)
 .text.z_impl_k_mutex_init
                0x000000000000a4e2        0xe zephyr/kernel/libkernel.a(mutex.c.obj)
                0x000000000000a4e2                z_impl_k_mutex_init
 .text.queue_insert
                0x000000000000a4f0       0xc0 zephyr/kernel/libkernel.a(queue.c.obj)
 .text.z_queue_node_peek
                0x000000000000a5b0       0x18 zephyr/kernel/libkernel.a(queue.c.obj)
                0x000000000000a5b0                z_queue_node_peek
 .text.k_queue_append
                0x000000000000a5c8       0x16 zephyr/kernel/libkernel.a(queue.c.obj)
                0x000000000000a5c8                k_queue_append
 .text.z_impl_k_sem_init
                0x000000000000a5de       0x18 zephyr/kernel/libkernel.a(sem.c.obj)
                0x000000000000a5de                z_impl_k_sem_init
 .text.flag_test_and_clear
                0x000000000000a5f6       0x16 zephyr/kernel/libkernel.a(work.c.obj)
 .text.notify_queue_locked.isra.0
                0x000000000000a60c        0xe zephyr/kernel/libkernel.a(work.c.obj)
 .text.k_work_init
                0x000000000000a61a       0x12 zephyr/kernel/libkernel.a(work.c.obj)
                0x000000000000a61a                k_work_init
 .text.k_work_submit_to_queue
                0x000000000000a62c       0x3a zephyr/kernel/libkernel.a(work.c.obj)
                0x000000000000a62c                k_work_submit_to_queue
 .text.sys_dlist_remove
                0x000000000000a666       0x10 zephyr/kernel/libkernel.a(sched.c.obj)
 .text.unpend_thread_no_timeout
                0x000000000000a676       0x14 zephyr/kernel/libkernel.a(sched.c.obj)
 .text.z_unpend_thread
                0x000000000000a68a       0x28 zephyr/kernel/libkernel.a(sched.c.obj)
                0x000000000000a68a                z_unpend_thread
 .text.z_reschedule_irqlock
                0x000000000000a6b2       0x18 zephyr/kernel/libkernel.a(sched.c.obj)
                0x000000000000a6b2                z_reschedule_irqlock
 .text.z_reschedule_unlocked
                0x000000000000a6ca       0x14 zephyr/kernel/libkernel.a(sched.c.obj)
 .text.z_priq_dumb_best
                0x000000000000a6de        0xc zephyr/kernel/libkernel.a(sched.c.obj)
                0x000000000000a6de                z_priq_dumb_best
 .text.z_ready_thread
                0x000000000000a6ea       0x20 zephyr/kernel/libkernel.a(sched.c.obj)
                0x000000000000a6ea                z_ready_thread
 .text.z_thread_timeout
                0x000000000000a70a       0x44 zephyr/kernel/libkernel.a(sched.c.obj)
                0x000000000000a70a                z_thread_timeout
 .text.add_to_waitq_locked
                0x000000000000a74e       0x54 zephyr/kernel/libkernel.a(sched.c.obj)
 .text.z_unpend_first_thread
                0x000000000000a7a2       0x30 zephyr/kernel/libkernel.a(sched.c.obj)
                0x000000000000a7a2                z_unpend_first_thread
 .text.z_unpend_all
                0x000000000000a7d2       0x20 zephyr/kernel/libkernel.a(sched.c.obj)
                0x000000000000a7d2                z_unpend_all
 .text.z_sched_wake
                0x000000000000a7f2       0x3a zephyr/kernel/libkernel.a(sched.c.obj)
                0x000000000000a7f2                z_sched_wake
 .text.z_abort_timeout
                0x000000000000a82c       0x2c zephyr/kernel/libkernel.a(timeout.c.obj)
                0x000000000000a82c                z_abort_timeout
 .text.z_get_next_timeout_expiry
                0x000000000000a858       0x20 zephyr/kernel/libkernel.a(timeout.c.obj)
                0x000000000000a858                z_get_next_timeout_expiry
 .text.z_set_timeout_expiry
                0x000000000000a878       0x34 zephyr/kernel/libkernel.a(timeout.c.obj)
                0x000000000000a878                z_set_timeout_expiry
 .text.sys_clock_tick_get_32
                0x000000000000a8ac        0x8 zephyr/kernel/libkernel.a(timeout.c.obj)
                0x000000000000a8ac                sys_clock_tick_get_32
 .text.z_impl_k_busy_wait
                0x000000000000a8b4        0x8 zephyr/kernel/libkernel.a(timeout.c.obj)
                0x000000000000a8b4                z_impl_k_busy_wait
 .text.sys_clock_timeout_end_calc
                0x000000000000a8bc       0x56 zephyr/kernel/libkernel.a(timeout.c.obj)
                0x000000000000a8bc                sys_clock_timeout_end_calc
 .text.k_free   0x000000000000a912        0xe zephyr/kernel/libkernel.a(mempool.c.obj)
                0x000000000000a912                k_free
 .text.k_heap_init
                0x000000000000a920       0x10 zephyr/kernel/libkernel.a(kheap.c.obj)
                0x000000000000a920                k_heap_init
 .text.k_heap_aligned_alloc
                0x000000000000a930       0x82 zephyr/kernel/libkernel.a(kheap.c.obj)
                0x000000000000a930                k_heap_aligned_alloc
 .text.k_heap_free
                0x000000000000a9b2       0x3a zephyr/kernel/libkernel.a(kheap.c.obj)
                0x000000000000a9b2                k_heap_free
 .text.memcpy   0x000000000000a9ec       0x1c /Users/rward/Downloads/gcc-arm-none-eabi-10.3-2021.10/arm-none-eabi/lib/thumb/v7e-m/nofp/libc_nano.a(lib_a-memcpy-stub.o)
                0x000000000000a9ec                memcpy
 .text.__memcpy_chk
                0x000000000000aa08       0x26 /Users/rward/Downloads/gcc-arm-none-eabi-10.3-2021.10/arm-none-eabi/lib/thumb/v7e-m/nofp/libc_nano.a(lib_a-memcpy_chk.o)
                0x000000000000aa08                __memcpy_chk
 .text.memset   0x000000000000aa2e       0x10 /Users/rward/Downloads/gcc-arm-none-eabi-10.3-2021.10/arm-none-eabi/lib/thumb/v7e-m/nofp/libc_nano.a(lib_a-memset.o)
                0x000000000000aa2e                memset
 .text.strnlen  0x000000000000aa3e       0x18 /Users/rward/Downloads/gcc-arm-none-eabi-10.3-2021.10/arm-none-eabi/lib/thumb/v7e-m/nofp/libc_nano.a(lib_a-strnlen.o)
                0x000000000000aa3e                strnlen
 *(SORT_BY_ALIGNMENT(.TEXT.*))
 *fill*         0x000000000000aa56        0x2 
 .TEXT.z_arm_platform_init
                0x000000000000aa58        0x4 zephyr/libzephyr.a(soc_nrf_common.S.obj)
                0x000000000000aa58                z_arm_platform_init
 *(SORT_BY_ALIGNMENT(.gnu.linkonce.t.*))
 *(SORT_BY_ALIGNMENT(.glue_7t))
 .glue_7t       0x000000000000aa5c        0x0 linker stubs
 *(SORT_BY_ALIGNMENT(.glue_7))
 .glue_7        0x000000000000aa5c        0x0 linker stubs
 *(SORT_BY_ALIGNMENT(.vfp11_veneer))
 .vfp11_veneer  0x000000000000aa5c        0x0 linker stubs
 *(SORT_BY_ALIGNMENT(.v4_bx))
 .v4_bx         0x000000000000aa5c        0x0 linker stubs
                0x000000000000aa5c                __text_region_end = .

.ARM.exidx      0x000000000000aa5c        0x8
                0x000000000000aa5c                __exidx_start = .
 *(SORT_BY_ALIGNMENT(.ARM.exidx*) SORT_BY_ALIGNMENT(gnu.linkonce.armexidx.*))
 .ARM.exidx     0x000000000000aa5c        0x8 /Users/rward/Downloads/gcc-arm-none-eabi-10.3-2021.10/bin/../lib/gcc/arm-none-eabi/10.3.1/thumb/v7e-m/nofp/libgcc.a(_udivmoddi4.o)
                0x000000000000aa64                __exidx_end = .
                0x000000000000aa64                __rodata_region_start = .

initlevel       0x000000000000aa64       0x98
                0x000000000000aa64                __init_start = .
                0x000000000000aa64                __init_PRE_KERNEL_1_start = .
 *(SORT_BY_NAME(SORT_BY_ALIGNMENT(.z_init_PRE_KERNEL_1[0-9]_*)))
 .z_init_PRE_KERNEL_10_
                0x000000000000aa64        0x8 zephyr/soc/arm/nordic_nrf/nrf52/libsoc__arm__nordic_nrf__nrf52.a(soc.c.obj)
 *(SORT_BY_NAME(SORT_BY_ALIGNMENT(.z_init_PRE_KERNEL_1[1-9][0-9]_*)))
 .z_init_PRE_KERNEL_130_
                0x000000000000aa6c        0x8 zephyr/drivers/clock_control/libdrivers__clock_control.a(clock_control_nrf.c.obj)
 .z_init_PRE_KERNEL_130_
                0x000000000000aa74        0x8 zephyr/kernel/libkernel.a(mem_slab.c.obj)
 .z_init_PRE_KERNEL_130_
                0x000000000000aa7c        0x8 zephyr/kernel/libkernel.a(kheap.c.obj)
 .z_init_PRE_KERNEL_140_
                0x000000000000aa84       0x10 zephyr/drivers/gpio/libdrivers__gpio.a(gpio_nrfx.c.obj)
 .z_init_PRE_KERNEL_155_
                0x000000000000aa94        0x8 zephyr/libzephyr.a(cdc_acm.c.obj)
 .z_init_PRE_KERNEL_155_
                0x000000000000aa9c       0x10 zephyr/drivers/serial/libdrivers__serial.a(uart_nrfx_uarte.c.obj)
 .z_init_PRE_KERNEL_160_
                0x000000000000aaac        0x8 zephyr/drivers/console/libdrivers__console.a(uart_console.c.obj)
                0x000000000000aab4                __init_PRE_KERNEL_2_start = .
 *(SORT_BY_NAME(SORT_BY_ALIGNMENT(.z_init_PRE_KERNEL_2[0-9]_*)))
 .z_init_PRE_KERNEL_20_
                0x000000000000aab4        0x8 zephyr/drivers/timer/libdrivers__timer.a(nrf_rtc_timer.c.obj)
 *(SORT_BY_NAME(SORT_BY_ALIGNMENT(.z_init_PRE_KERNEL_2[1-9][0-9]_*)))
                0x000000000000aabc                __init_POST_KERNEL_start = .
 *(SORT_BY_NAME(SORT_BY_ALIGNMENT(.z_init_POST_KERNEL[0-9]_*)))
 *(SORT_BY_NAME(SORT_BY_ALIGNMENT(.z_init_POST_KERNEL[1-9][0-9]_*)))
 .z_init_POST_KERNEL40_
                0x000000000000aabc        0x8 zephyr/libzephyr.a(usb_work_q.c.obj)
 .z_init_POST_KERNEL40_
                0x000000000000aac4        0x8 zephyr/kernel/libkernel.a(system_work_q.c.obj)
 .z_init_POST_KERNEL50_
                0x000000000000aacc        0x8 zephyr/drivers/usb/device/libdrivers__usb__device.a(usb_dc_nrfx.c.obj)
 .z_init_POST_KERNEL60_
                0x000000000000aad4       0x10 zephyr/drivers/i2c/libdrivers__i2c.a(i2c_nrfx_twi.c.obj)
 .z_init_POST_KERNEL90_
                0x000000000000aae4        0x8 zephyr/libzephyr.a(usb_device.c.obj)
 .z_init_POST_KERNEL99_
                0x000000000000aaec        0x8 zephyr/boards/arm/particle_argon/libboards__arm__particle_argon.a(board.c.obj)
                0x000000000000aaf4                __init_APPLICATION_start = .
 *(SORT_BY_NAME(SORT_BY_ALIGNMENT(.z_init_APPLICATION[0-9]_*)))
 *(SORT_BY_NAME(SORT_BY_ALIGNMENT(.z_init_APPLICATION[1-9][0-9]_*)))
 .z_init_APPLICATION40_
                0x000000000000aaf4        0x8 zephyr/lib/libc/newlib/liblib__libc__newlib.a(libc-hooks.c.obj)
                0x000000000000aafc                __init_SMP_start = .
 *(SORT_BY_NAME(SORT_BY_ALIGNMENT(.z_init_SMP[0-9]_*)))
 *(SORT_BY_NAME(SORT_BY_ALIGNMENT(.z_init_SMP[1-9][0-9]_*)))
                0x000000000000aafc                __init_end = .

devices         0x000000000000aafc       0xc0
                0x000000000000aafc                __device_start = .
                0x000000000000aafc                __device_PRE_KERNEL_1_start = .
 *(SORT_BY_NAME(SORT_BY_ALIGNMENT(.z_device_PRE_KERNEL_1[0-9]_*)))
 *(SORT_BY_NAME(SORT_BY_ALIGNMENT(.z_device_PRE_KERNEL_1[1-9][0-9]_*)))
 .z_device_PRE_KERNEL_130_