Archive member included to satisfy reference by file (symbol)

app/libapp.a(main.c.obj)      (--whole-archive)
app/libapp.a(MAX30102.c.obj)  (--whole-archive)
app/libapp.a(algorithm.c.obj)
                              (--whole-archive)
app/libapp.a(heart_rate.c.obj)
                              (--whole-archive)
app/libapp.a(bpm_spo2.c.obj)  (--whole-archive)
app/libapp.a(argon_ble.c.obj)
                              (--whole-archive)
zephyr/libzephyr.a(cbprintf.c.obj)
                              (--whole-archive)
zephyr/libzephyr.a(cbprintf_packaged.c.obj)
                              (--whole-archive)
zephyr/libzephyr.a(crc32c_sw.c.obj)
                              (--whole-archive)
zephyr/libzephyr.a(crc32_sw.c.obj)
                              (--whole-archive)
zephyr/libzephyr.a(crc16_sw.c.obj)
                              (--whole-archive)
zephyr/libzephyr.a(crc8_sw.c.obj)
                              (--whole-archive)
zephyr/libzephyr.a(crc7_sw.c.obj)
                              (--whole-archive)
zephyr/libzephyr.a(dec.c.obj)
                              (--whole-archive)
zephyr/libzephyr.a(fdtable.c.obj)
                              (--whole-archive)
zephyr/libzephyr.a(hex.c.obj)
                              (--whole-archive)
zephyr/libzephyr.a(notify.c.obj)
                              (--whole-archive)
zephyr/libzephyr.a(printk.c.obj)
                              (--whole-archive)
zephyr/libzephyr.a(onoff.c.obj)
                              (--whole-archive)
zephyr/libzephyr.a(rb.c.obj)  (--whole-archive)
zephyr/libzephyr.a(sem.c.obj)
                              (--whole-archive)
zephyr/libzephyr.a(thread_entry.c.obj)
                              (--whole-archive)
zephyr/libzephyr.a(timeutil.c.obj)
                              (--whole-archive)
zephyr/libzephyr.a(heap.c.obj)
                              (--whole-archive)
zephyr/libzephyr.a(heap-validate.c.obj)
                              (--whole-archive)
zephyr/libzephyr.a(bitarray.c.obj)
                              (--whole-archive)
zephyr/libzephyr.a(multi_heap.c.obj)
                              (--whole-archive)
zephyr/libzephyr.a(cbprintf_complete.c.obj)
                              (--whole-archive)
zephyr/libzephyr.a(ring_buffer.c.obj)
                              (--whole-archive)
zephyr/libzephyr.a(configs.c.obj)
                              (--whole-archive)
zephyr/libzephyr.a(soc_nrf_common.S.obj)
                              (--whole-archive)
zephyr/libzephyr.a(validate_base_addresses.c.obj)
                              (--whole-archive)
zephyr/libzephyr.a(validate_enabled_instances.c.obj)
                              (--whole-archive)
zephyr/libzephyr.a(dis.c.obj)
                              (--whole-archive)
zephyr/libzephyr.a(addr_utils.c.obj)
                              (--whole-archive)
zephyr/libzephyr.a(usb_device.c.obj)
                              (--whole-archive)
zephyr/libzephyr.a(usb_descriptor.c.obj)
                              (--whole-archive)
zephyr/libzephyr.a(usb_transfer.c.obj)
                              (--whole-archive)
zephyr/libzephyr.a(cdc_acm.c.obj)
                              (--whole-archive)
zephyr/libzephyr.a(usb_work_q.c.obj)
                              (--whole-archive)
zephyr/libzephyr.a(pm.c.obj)  (--whole-archive)
zephyr/libzephyr.a(constraint.c.obj)
                              (--whole-archive)
zephyr/libzephyr.a(state.c.obj)
                              (--whole-archive)
zephyr/libzephyr.a(residency.c.obj)
                              (--whole-archive)
zephyr/libzephyr.a(tracing_none.c.obj)
                              (--whole-archive)
zephyr/libzephyr.a(utils.c.obj)
                              (--whole-archive)
zephyr/libzephyr.a(aes_decrypt.c.obj)
                              (--whole-archive)
zephyr/libzephyr.a(aes_encrypt.c.obj)
                              (--whole-archive)
zephyr/libzephyr.a(cmac_mode.c.obj)
                              (--whole-archive)
zephyr/arch/common/libarch__common.a(sw_isr_common.c.obj)
                              (--whole-archive)
zephyr/arch/arch/arm/core/aarch32/libarch__arm__core__aarch32.a(cpu_idle.S.obj)
                              (--whole-archive)
zephyr/arch/arch/arm/core/aarch32/libarch__arm__core__aarch32.a(fatal.c.obj)
                              (--whole-archive)
zephyr/arch/arch/arm/core/aarch32/libarch__arm__core__aarch32.a(irq_manage.c.obj)
                              (--whole-archive)
zephyr/arch/arch/arm/core/aarch32/libarch__arm__core__aarch32.a(nmi.c.obj)
                              (--whole-archive)
zephyr/arch/arch/arm/core/aarch32/libarch__arm__core__aarch32.a(nmi_on_reset.S.obj)
                              (--whole-archive)
zephyr/arch/arch/arm/core/aarch32/libarch__arm__core__aarch32.a(prep_c.c.obj)
                              (--whole-archive)
zephyr/arch/arch/arm/core/aarch32/libarch__arm__core__aarch32.a(swap.c.obj)
                              (--whole-archive)
[...]
Memory Configuration

Name             Origin             Length             Attributes
FLASH            0x0000000000000000 0x0000000000100000 xr
SRAM             0x0000000020000000 0x0000000000040000 xw
IDT_LIST         0x00000000fffff7ff 0x0000000000000800 xw
*default*        0x0000000000000000 0xffffffffffffffff

Linker script and memory map

LOAD zephyr/CMakeFiles/zephyr_final.dir/misc/empty_file.c.obj
LOAD zephyr/CMakeFiles/zephyr_final.dir/dev_handles.c.obj
LOAD zephyr/CMakeFiles/zephyr_final.dir/isr_tables.c.obj
LOAD zephyr/CMakeFiles/offsets.dir/./arch/arm/core/offsets/offsets.c.obj
                0x0000000000000020                _region_min_align = 0x20

.rel.plt        0x0000000000000000        0x0
 *(SORT_BY_ALIGNMENT(.rel.plt))
                [!provide]                        PROVIDE (__rel_iplt_start = .)
 *(SORT_BY_ALIGNMENT(.rel.iplt))
 .rel.iplt      0x0000000000000000        0x0 zephyr/CMakeFiles/zephyr_final.dir/isr_tables.c.obj
                [!provide]                        PROVIDE (__rel_iplt_end = .)

.rela.plt       0x0000000000000000        0x0
 *(SORT_BY_ALIGNMENT(.rela.plt))
                [!provide]                        PROVIDE (__rela_iplt_start = .)
 *(SORT_BY_ALIGNMENT(.rela.iplt))
                [!provide]                        PROVIDE (__rela_iplt_end = .)

.rel.dyn
 *(SORT_BY_ALIGNMENT(.rel.*))

.rela.dyn
 *(SORT_BY_ALIGNMENT(.rela.*))

/DISCARD/
 *(SORT_BY_ALIGNMENT(.plt))

/DISCARD/
 *(SORT_BY_ALIGNMENT(.iplt))
                0x0000000000000000                __rom_region_start = 0x0

rom_start       0x0000000000000000      0x100
                0x0000000000000000                . = 0x0
                0x0000000000000000                . = ALIGN (0x4)
                0x0000000000000000                . = ALIGN (0x80)
                0x0000000000000000                . = ALIGN (0x100)
                0x0000000000000000                _vector_start = .
 *(SORT_BY_ALIGNMENT(.exc_vector_table))
 *(SORT_BY_ALIGNMENT(.exc_vector_table.*))
 .exc_vector_table._vector_table_section
                0x0000000000000000       0x40 zephyr/arch/arch/arm/core/aarch32/cortex_m/libarch__arm__core__aarch32__cortex_m.a(vector_table.S.obj)
                0x0000000000000000                _vector_table
 *(SORT_BY_ALIGNMENT(.gnu.linkonce.irq_vector_table*))
 .gnu.linkonce.irq_vector_table
                0x0000000000000040       0xc0 zephyr/CMakeFiles/zephyr_final.dir/isr_tables.c.obj
                0x0000000000000040                _irq_vector_table
 *(SORT_BY_ALIGNMENT(.vectors))
                0x0000000000000100                _vector_end = .

text            0x0000000000000100    0x2475c
                0x0000000000000100                __text_region_start = .
 *(SORT_BY_ALIGNMENT(.text))
 .text          0x0000000000000100      0x378 /Users/rward/Downloads/gcc-arm-none-eabi-10.3-2021.10/bin/../lib/gcc/arm-none-eabi/10.3.1/thumb/v7e-m/nofp/libgcc.a(_arm_addsubdf3.o)
                0x0000000000000100                __aeabi_drsub
                0x0000000000000108                __subdf3
                0x0000000000000108                __aeabi_dsub
                0x000000000000010c                __aeabi_dadd
                0x000000000000010c                __adddf3
                0x0000000000000384                __aeabi_ui2d
                0x0000000000000384                __floatunsidf
                0x00000000000003a4                __floatsidf
                0x00000000000003a4                __aeabi_i2d
                0x00000000000003c8                __extendsfdf2
                0x00000000000003c8                __aeabi_f2d
                0x000000000000040c                __aeabi_ul2d
                0x000000000000040c                __floatundidf
                0x000000000000041c                __aeabi_l2d
                0x000000000000041c                __floatdidf
 .text          0x0000000000000478      0x424 /Users/rward/Downloads/gcc-arm-none-eabi-10.3-2021.10/bin/../lib/gcc/arm-none-eabi/10.3.1/thumb/v7e-m/nofp/libgcc.a(_arm_muldivdf3.o)
                0x0000000000000478                __aeabi_dmul
                0x0000000000000478                __muldf3
                0x00000000000006cc                __aeabi_ddiv
                0x00000000000006cc                __divdf3
 .text          0x000000000000089c       0x50 /Users/rward/Downloads/gcc-arm-none-eabi-10.3-2021.10/bin/../lib/gcc/arm-none-eabi/10.3.1/thumb/v7e-m/nofp/libgcc.a(_arm_fixdfsi.o)
                0x000000000000089c                __fixdfsi
                0x000000000000089c                __aeabi_d2iz
 .text          0x00000000000008ec       0x30 /Users/rward/Downloads/gcc-arm-none-eabi-10.3-2021.10/bin/../lib/gcc/arm-none-eabi/10.3.1/thumb/v7e-m/nofp/libgcc.a(_aeabi_uldivmod.o)
                0x00000000000008ec                __aeabi_uldivmod
 .text          0x000000000000091c      0x2d0 /Users/rward/Downloads/gcc-arm-none-eabi-10.3-2021.10/bin/../lib/gcc/arm-none-eabi/10.3.1/thumb/v7e-m/nofp/libgcc.a(_udivmoddi4.o)
                0x000000000000091c                __udivmoddi4
 .text          0x0000000000000bec        0x4 /Users/rward/Downloads/gcc-arm-none-eabi-10.3-2021.10/bin/../lib/gcc/arm-none-eabi/10.3.1/thumb/v7e-m/nofp/libgcc.a(_dvmd_tls.o)
                0x0000000000000bec                __aeabi_ldiv0
                0x0000000000000bec                __aeabi_idiv0
 *(SORT_BY_ALIGNMENT(.text.*))
 .text.maxim_heart_rate_and_oxygen_saturation
                0x0000000000000bf0      0x3c4 app/libapp.a(algorithm.c.obj)
                0x0000000000000bf0                maxim_heart_rate_and_oxygen_saturation
 *fill*         0x0000000000000fb4        0x4 
 .text.ull_drift_ticks_get
                0x0000000000000fb8       0x8c zephyr/subsys/bluetooth/controller/libsubsys__bluetooth__controller.a(ull.c.obj)
                0x0000000000000fb8                ull_drift_ticks_get
 *fill*         0x0000000000001044        0x4 
 .text.ll_adv_enable
                0x0000000000001048      0x460 zephyr/subsys/bluetooth/controller/libsubsys__bluetooth__controller.a(ull_adv.c.obj)
                0x0000000000001048                ll_adv_enable
 .text.ull_adv_time_update
                0x00000000000014a8       0xb0 zephyr/subsys/bluetooth/controller/libsubsys__bluetooth__controller.a(ull_adv.c.obj)
                0x00000000000014a8                ull_adv_time_update
 .text.ll_scan_params_set
                0x0000000000001558       0x70 zephyr/subsys/bluetooth/controller/libsubsys__bluetooth__controller.a(ull_scan.c.obj)
                0x0000000000001558                ll_scan_params_set
 .text.ull_scan_params_set
                0x00000000000015c8       0x54 zephyr/subsys/bluetooth/controller/libsubsys__bluetooth__controller.a(ull_scan.c.obj)
                0x00000000000015c8                ull_scan_params_set
 *fill*         0x000000000000161c        0x4 
 .text.ull_scan_enable
                0x0000000000001620      0x178 zephyr/subsys/bluetooth/controller/libsubsys__bluetooth__controller.a(ull_scan.c.obj)
                0x0000000000001620                ull_scan_enable
 .text.event_conn_upd_prep
                0x0000000000001798      0x744 zephyr/subsys/bluetooth/controller/libsubsys__bluetooth__controller.a(ull_conn.c.obj)
 *fill*         0x0000000000001edc        0x4 
 .text.ull_periph_setup
                0x0000000000001ee0      0x494 zephyr/subsys/bluetooth/controller/libsubsys__bluetooth__controller.a(ull_peripheral.c.obj)
                0x0000000000001ee0                ull_periph_setup
 *fill*         0x0000000000002374        0x4 
 .text.ll_create_connection
                0x0000000000002378      0x478 zephyr/subsys/bluetooth/controller/libsubsys__bluetooth__controller.a(ull_central.c.obj)
                0x0000000000002378                ll_create_connection
 .text.ull_central_setup
                0x00000000000027f0      0x290 zephyr/subsys/bluetooth/controller/libsubsys__bluetooth__controller.a(ull_central.c.obj)
                0x00000000000027f0                ull_central_setup
 .text.ull_sched_after_mstr_slot_get
                0x0000000000002a80      0x12c zephyr/subsys/bluetooth/controller/libsubsys__bluetooth__controller.a(ull_sched.c.obj)
                0x0000000000002a80                ull_sched_after_mstr_slot_get
 *fill*         0x0000000000002bac        0x4 
 .text.after_mstr_offset_get
                0x0000000000002bb0       0x94 zephyr/subsys/bluetooth/controller/libsubsys__bluetooth__controller.a(ull_sched.c.obj)
 *fill*         0x0000000000002c44        0x4 
 .text.ull_sched_mfy_win_offset_select
                0x0000000000002c48      0x124 zephyr/subsys/bluetooth/controller/libsubsys__bluetooth__controller.a(ull_sched.c.obj)
                0x0000000000002c48                ull_sched_mfy_win_offset_select
 *fill*         0x0000000000002d6c        0x4 
 .text.isr_window
                0x0000000000002d70       0x9c zephyr/subsys/bluetooth/controller/libsubsys__bluetooth__controller.a(lll_scan.c.obj)
 *fill*         0x0000000000002e0c        0x4 
 .text.isr_rx   0x0000000000002e10      0x538 zephyr/subsys/bluetooth/controller/libsubsys__bluetooth__controller.a(lll_scan.c.obj)
 .text.readPartID
                0x0000000000003348       0x28 app/libapp.a(MAX30102.c.obj)
                0x0000000000003348                readPartID
 .text.max30102_init
                0x0000000000003370       0x40 app/libapp.a(MAX30102.c.obj)
                0x0000000000003370                max30102_init
 .text.setPulseAmplitudeRed
                0x00000000000033b0       0x1c app/libapp.a(MAX30102.c.obj)
                0x00000000000033b0                setPulseAmplitudeRed
 .text.setPulseAmplitudeIR
                0x00000000000033cc       0x1c app/libapp.a(MAX30102.c.obj)
                0x00000000000033cc                setPulseAmplitudeIR
 .text.configureFIFO
                0x00000000000033e8       0x1c app/libapp.a(MAX30102.c.obj)
                0x00000000000033e8                configureFIFO
 .text.clearFIFO
                0x0000000000003404       0x38 app/libapp.a(MAX30102.c.obj)
                0x0000000000003404                clearFIFO
 .text.setInterrupts
                0x000000000000343c       0x34 app/libapp.a(MAX30102.c.obj)
                0x000000000000343c                setInterrupts
 .text.enableAFull
                0x0000000000003470       0x1c app/libapp.a(MAX30102.c.obj)
                0x0000000000003470                enableAFull
 .text.readINT1
                0x000000000000348c       0x24 app/libapp.a(MAX30102.c.obj)
                0x000000000000348c                readINT1
 .text.readINT2
                0x00000000000034b0       0x24 app/libapp.a(MAX30102.c.obj)
                0x00000000000034b0                readINT2
 .text.readFIFOv2
                0x00000000000034d4       0x84 app/libapp.a(MAX30102.c.obj)
                0x00000000000034d4                readFIFOv2
 .text.bitMask  0x0000000000003558       0x50 app/libapp.a(MAX30102.c.obj)
                0x0000000000003558                bitMask
 .text.MAX30102_setup
                0x00000000000035a8       0x74 app/libapp.a(MAX30102.c.obj)
                0x00000000000035a8                MAX30102_setup
 .text.bpm_spo2_thread_start
                0x000000000000361c      0x150 app/libapp.a(bpm_spo2.c.obj)
                0x000000000000361c                bpm_spo2_thread_start
 .text.discover_func
                0x000000000000376c       0x90 app/libapp.a(argon_ble.c.obj)
 .text.disconnected
                0x00000000000037fc       0x2c app/libapp.a(argon_ble.c.obj)
 .text.connected
                0x0000000000003828       0xbc app/libapp.a(argon_ble.c.obj)
 .text.scu_ble_connect_thread_entry
                0x00000000000038e4       0x74 app/libapp.a(argon_ble.c.obj)
                0x00000000000038e4                scu_ble_connect_thread_entry
 .text.update_data_thread
                0x0000000000003958       0x38 app/libapp.a(argon_ble.c.obj)
                0x0000000000003958                update_data_thread
 .text.char_out
                0x0000000000003990       0x10 zephyr/libzephyr.a(printk.c.obj)
 .text.__printk_hook_install
                0x00000000000039a0        0xc zephyr/libzephyr.a(printk.c.obj)
                0x00000000000039a0                __printk_hook_install
 .text.vprintk  0x00000000000039ac       0x1c zephyr/libzephyr.a(printk.c.obj)
                0x00000000000039ac                vprintk
 .text.process_event
                0x00000000000039c8      0x1c0 zephyr/libzephyr.a(onoff.c.obj)
 .text.cbvprintf
                0x0000000000003b88      0xd08 zephyr/libzephyr.a(cbprintf_complete.c.obj)
                0x0000000000003b88                cbvprintf
 .text.read_pnp_id
                0x0000000000004890       0x1c zephyr/libzephyr.a(dis.c.obj)
 .text.class_handler
                0x00000000000048ac       0x40 zephyr/libzephyr.a(usb_device.c.obj)
 .text.custom_handler
                0x00000000000048ec       0x60 zephyr/libzephyr.a(usb_device.c.obj)
 .text.vendor_handler
                0x000000000000494c       0x3c zephyr/libzephyr.a(usb_device.c.obj)
 .text.set_endpoint
                0x0000000000004988       0x54 zephyr/libzephyr.a(usb_device.c.obj)
 .text.usb_reset_alt_setting
                0x00000000000049dc       0x10 zephyr/libzephyr.a(usb_device.c.obj)
 .text.is_ep_valid.part.0
                0x00000000000049ec       0x38 zephyr/libzephyr.a(usb_device.c.obj)
 .text.usb_handle_request.constprop.0
                0x0000000000004a24       0x2c zephyr/libzephyr.a(usb_device.c.obj)
 .text.forward_status_cb
                0x0000000000004a50       0x9c zephyr/libzephyr.a(usb_device.c.obj)
 .text.usb_halt_endpoint_req.isra.0
                0x0000000000004aec       0x58 zephyr/libzephyr.a(usb_device.c.obj)
 .text.usb_handle_standard_request
                0x0000000000004b44      0x308 zephyr/libzephyr.a(usb_device.c.obj)
 .text.usb_data_to_host
                0x0000000000004e4c       0x54 zephyr/libzephyr.a(usb_device.c.obj)
 .text.usb_handle_control_transfer
                0x0000000000004ea0       0xe8 zephyr/libzephyr.a(usb_device.c.obj)
 .text.usb_set_config
                0x0000000000004f88       0x2c zephyr/libzephyr.a(usb_device.c.obj)
                0x0000000000004f88                usb_set_config
 .text.usb_device_init
                0x0000000000004fb4       0x28 zephyr/libzephyr.a(usb_device.c.obj)
 .text.usb_enable
                0x0000000000004fdc       0xf4 zephyr/libzephyr.a(usb_device.c.obj)
                0x0000000000004fdc                usb_enable
 .text.usb_update_sn_string_descriptor
                0x00000000000050d0       0x88 zephyr/libzephyr.a(usb_descriptor.c.obj)
                0x00000000000050d0                usb_update_sn_string_descriptor
 .text.usb_fix_descriptor
                0x0000000000005158      0x1b0 zephyr/libzephyr.a(usb_descriptor.c.obj)
 .text.usb_get_device_descriptor
                0x0000000000005308       0x18 zephyr/libzephyr.a(usb_descriptor.c.obj)
                0x0000000000005308                usb_get_device_descriptor
 .text.usb_ep_get_transfer
                0x0000000000005320       0x2c zephyr/libzephyr.a(usb_transfer.c.obj)
 .text.usb_transfer_work
                0x000000000000534c      0x110 zephyr/libzephyr.a(usb_transfer.c.obj)
 .text.usb_transfer_ep_callback
                0x000000000000545c       0x5c zephyr/libzephyr.a(usb_transfer.c.obj)
                0x000000000000545c                usb_transfer_ep_callback
 .text.usb_transfer
                0x00000000000054b8       0xe8 zephyr/libzephyr.a(usb_transfer.c.obj)
                0x00000000000054b8                usb_transfer
 .text.usb_cancel_transfer
                0x00000000000055a0       0x3c zephyr/libzephyr.a(usb_transfer.c.obj)
                0x00000000000055a0                usb_cancel_transfer
 .text.usb_cancel_transfers
                0x00000000000055dc       0x50 zephyr/libzephyr.a(usb_transfer.c.obj)
                0x00000000000055dc                usb_cancel_transfers
 .text.usb_transfer_init
                0x000000000000562c       0x34 zephyr/libzephyr.a(usb_transfer.c.obj)
                0x000000000000562c                usb_transfer_init
 .text.cdc_acm_class_handle_req
                0x0000000000005660       0x58 zephyr/libzephyr.a(cdc_acm.c.obj)
                0x0000000000005660                cdc_acm_class_handle_req
 .text.cdc_acm_int_in
                0x00000000000056b8       0x18 zephyr/libzephyr.a(cdc_acm.c.obj)
 .text.cdc_acm_irq_rx_enable
                0x00000000000056d0       0x20 zephyr/libzephyr.a(cdc_acm.c.obj)
 .text.cdc_acm_irq_tx_enable
                0x00000000000056f0       0x20 zephyr/libzephyr.a(cdc_acm.c.obj)
 .text.cdc_acm_reset_port
                0x0000000000005710       0x34 zephyr/libzephyr.a(cdc_acm.c.obj)
 .text.cdc_acm_fifo_fill
                0x0000000000005744       0x34 zephyr/libzephyr.a(cdc_acm.c.obj)
 .text.cdc_acm_read_cb
                0x0000000000005778       0x50 zephyr/libzephyr.a(cdc_acm.c.obj)
 .text.cdc_acm_poll_out
                0x00000000000057c8       0x58 zephyr/libzephyr.a(cdc_acm.c.obj)
 .text.cdc_acm_write_cb
                0x0000000000005820       0x3c zephyr/libzephyr.a(cdc_acm.c.obj)
 .text.tx_work_handler
                0x000000000000585c       0x54 zephyr/libzephyr.a(cdc_acm.c.obj)
 .text.cdc_acm_dev_status_cb
                0x00000000000058b0       0xa0 zephyr/libzephyr.a(cdc_acm.c.obj)
 .text.cdc_acm_init
                0x0000000000005950       0x48 zephyr/libzephyr.a(cdc_acm.c.obj)
 .text.cdc_acm_send_notification.isra.0
                0x0000000000005998       0x54 zephyr/libzephyr.a(cdc_acm.c.obj)
 .text.z_usb_work_q_init
                0x00000000000059ec       0x34 zephyr/libzephyr.a(usb_work_q.c.obj)
 .text.pm_state_notify
                0x0000000000005a20       0x5c zephyr/libzephyr.a(pm.c.obj)
 .text.atomic_clear_bit.constprop.0
                0x0000000000005a7c       0x30 zephyr/libzephyr.a(pm.c.obj)
 .text.pm_system_resume
                0x0000000000005aac       0x88 zephyr/libzephyr.a(pm.c.obj)
                0x0000000000005aac                pm_system_resume
 .text.pm_system_suspend
                0x0000000000005b34       0xf8 zephyr/libzephyr.a(pm.c.obj)
                0x0000000000005b34                pm_system_suspend
 .text.pm_constraint_get
                0x0000000000005c2c       0x1c zephyr/libzephyr.a(constraint.c.obj)
                0x0000000000005c2c                pm_constraint_get
 .text.pm_state_cpu_get_all
                0x0000000000005c48       0x10 zephyr/libzephyr.a(state.c.obj)
                0x0000000000005c48                pm_state_cpu_get_all
 .text.pm_policy_next_state
                0x0000000000005c58       0x8c zephyr/libzephyr.a(residency.c.obj)
                0x0000000000005c58                pm_policy_next_state
 .text.sub_bytes
                0x0000000000005ce4       0x18 zephyr/libzephyr.a(aes_encrypt.c.obj)
 .text.tc_aes128_set_encrypt_key
                0x0000000000005cfc       0xa4 zephyr/libzephyr.a(aes_encrypt.c.obj)
                0x0000000000005cfc                tc_aes128_set_encrypt_key
 .text.z_arm_cpu_idle_init
                0x0000000000005da0        0xc zephyr/arch/arch/arm/core/aarch32/libarch__arm__core__aarch32.a(cpu_idle.S.obj)
                0x0000000000005da0                z_arm_cpu_idle_init
 .text.arch_cpu_idle
                0x0000000000005dac       0x1c zephyr/arch/arch/arm/core/aarch32/libarch__arm__core__aarch32.a(cpu_idle.S.obj)
                0x0000000000005dac                arch_cpu_idle
 .text.arch_cpu_atomic_idle
                0x0000000000005dc8       0x14 zephyr/arch/arch/arm/core/aarch32/libarch__arm__core__aarch32.a(cpu_idle.S.obj)
                0x0000000000005dc8                arch_cpu_atomic_idle
 .text.arch_irq_enable
                0x0000000000005ddc       0x20 zephyr/arch/arch/arm/core/aarch32/libarch__arm__core__aarch32.a(irq_manage.c.obj)
                0x0000000000005ddc                arch_irq_enable
 .text.arch_irq_disable
                0x0000000000005dfc       0x28 zephyr/arch/arch/arm/core/aarch32/libarch__arm__core__aarch32.a(irq_manage.c.obj)
                0x0000000000005dfc                arch_irq_disable
 .text.arch_irq_is_enabled
                0x0000000000005e24       0x1c zephyr/arch/arch/arm/core/aarch32/libarch__arm__core__aarch32.a(irq_manage.c.obj)
                0x0000000000005e24                arch_irq_is_enabled
 .text.z_arm_irq_priority_set
                0x0000000000005e40       0x30 zephyr/arch/arch/arm/core/aarch32/libarch__arm__core__aarch32.a(irq_manage.c.obj)
                0x0000000000005e40                z_arm_irq_priority_set
 .text._arch_isr_direct_pm
                0x0000000000005e70       0x1c zephyr/arch/arch/arm/core/aarch32/libarch__arm__core__aarch32.a(irq_manage.c.obj)
                0x0000000000005e70                _arch_isr_direct_pm
 .text.z_SysNmiOnReset
                0x0000000000005e8c        0x8 zephyr/arch/arch/arm/core/aarch32/libarch__arm__core__aarch32.a(nmi_on_reset.S.obj)
                0x0000000000005e8c                z_SysNmiOnReset
 .text.z_arm_prep_c
                0x0000000000005e94       0x48 zephyr/arch/arch/arm/core/aarch32/libarch__arm__core__aarch32.a(prep_c.c.obj)
                0x0000000000005e94                z_arm_prep_c
 .text.arch_swap
                0x0000000000005edc       0x34 zephyr/arch/arch/arm/core/aarch32/libarch__arm__core__aarch32.a(swap.c.obj)
                0x0000000000005edc                arch_swap
 .text.z_arm_pendsv
                0x0000000000005f10       0x48 zephyr/arch/arch/arm/core/aarch32/libarch__arm__core__aarch32.a(swap_helper.S.obj)
                0x0000000000005f10                z_arm_pendsv
 .text.z_arm_svc
                0x0000000000005f58       0x20 zephyr/arch/arch/arm/core/aarch32/libarch__arm__core__aarch32.a(swap_helper.S.obj)
                0x0000000000005f58                z_arm_svc
 .text.arch_new_thread
                0x0000000000005f78       0x38 zephyr/arch/arch/arm/core/aarch32/libarch__arm__core__aarch32.a(thread.c.obj)
                0x0000000000005f78                arch_new_thread
 .text.arch_switch_to_main_thread
                0x0000000000005fb0       0x24 zephyr/arch/arch/arm/core/aarch32/libarch__arm__core__aarch32.a(thread.c.obj)
                0x0000000000005fb0                arch_switch_to_main_thread
 .text._isr_wrapper
                0x0000000000005fd4       0x40 zephyr/arch/arch/arm/core/aarch32/libarch__arm__core__aarch32.a(isr_wrapper.S.obj)
                0x0000000000005fd4                _isr_wrapper
 .text._HandlerModeExit
                0x0000000000006014       0x1c zephyr/arch/arch/arm/core/aarch32/cortex_m/libarch__arm__core__aarch32__cortex_m.a(exc_exit.S.obj)
                0x0000000000006014                z_arm_exc_exit
                0x0000000000006014                z_arm_int_exit
 .text.bus_fault.constprop.0
                0x0000000000006030       0x3c zephyr/arch/arch/arm/core/aarch32/cortex_m/libarch__arm__core__aarch32__cortex_m.a(fault.c.obj)
 .text.mem_manage_fault.constprop.0
                0x000000000000606c       0x40 zephyr/arch/arch/arm/core/aarch32/cortex_m/libarch__arm__core__aarch32__cortex_m.a(fault.c.obj)
 .text.z_arm_fault
                0x00000000000060ac      0x128 zephyr/arch/arch/arm/core/aarch32/cortex_m/libarch__arm__core__aarch32__cortex_m.a(fault.c.obj)
                0x00000000000060ac                z_arm_fault
 .text.z_arm_fault_init
                0x00000000000061d4       0x10 zephyr/arch/arch/arm/core/aarch32/cortex_m/libarch__arm__core__aarch32__cortex_m.a(fault.c.obj)
                0x00000000000061d4                z_arm_fault_init
 .text.__fault  0x00000000000061e4       0x14 zephyr/arch/arch/arm/core/aarch32/cortex_m/libarch__arm__core__aarch32__cortex_m.a(fault_s.S.obj)
                0x00000000000061e4                z_arm_bus_fault
                0x00000000000061e4                z_arm_usage_fault
                0x00000000000061e4                z_arm_mpu_fault
                0x00000000000061e4                z_arm_exc_spurious
                0x00000000000061e4                z_arm_debug_monitor
                0x00000000000061e4                z_arm_hard_fault
 .text.z_arm_interrupt_init
                0x00000000000061f8       0x18 zephyr/arch/arch/arm/core/aarch32/cortex_m/libarch__arm__core__aarch32__cortex_m.a(irq_init.c.obj)
                0x00000000000061f8                z_arm_interrupt_init
 .text._reset_section
                0x0000000000006210       0x30 zephyr/arch/arch/arm/core/aarch32/cortex_m/libarch__arm__core__aarch32__cortex_m.a(reset.S.obj)
                0x0000000000006210                z_arm_reset
                0x0000000000006210                __start
 .text.z_impl_k_thread_abort
                0x0000000000006240       0x24 zephyr/arch/arch/arm/core/aarch32/cortex_m/libarch__arm__core__aarch32__cortex_m.a(thread_abort.c.obj)
                0x0000000000006240                z_impl_k_thread_abort
 .text.z_arm_configure_static_mpu_regions
                0x0000000000006264       0x18 zephyr/arch/arch/arm/core/aarch32/mpu/libarch__arm__core__aarch32__mpu.a(arm_core_mpu.c.obj)
                0x0000000000006264                z_arm_configure_static_mpu_regions
 .text.mpu_configure_regions
                0x000000000000627c       0x84 zephyr/arch/arch/arm/core/aarch32/mpu/libarch__arm__core__aarch32__mpu.a(arm_mpu.c.obj)
 .text.arm_core_mpu_enable
                0x0000000000006300       0x18 zephyr/arch/arch/arm/core/aarch32/mpu/libarch__arm__core__aarch32__mpu.a(arm_mpu.c.obj)
                0x0000000000006300                arm_core_mpu_enable
 .text.arm_core_mpu_disable
                0x0000000000006318       0x14 zephyr/arch/arch/arm/core/aarch32/mpu/libarch__arm__core__aarch32__mpu.a(arm_mpu.c.obj)
                0x0000000000006318                arm_core_mpu_disable
 .text.arm_core_mpu_configure_static_mpu_regions
                0x000000000000632c       0x14 zephyr/arch/arch/arm/core/aarch32/mpu/libarch__arm__core__aarch32__mpu.a(arm_mpu.c.obj)
                0x000000000000632c                arm_core_mpu_configure_static_mpu_regions
 .text.z_arm_mpu_init
                0x0000000000006340       0x60 zephyr/arch/arch/arm/core/aarch32/mpu/libarch__arm__core__aarch32__mpu.a(arm_mpu.c.obj)
                0x0000000000006340                z_arm_mpu_init
 .text.__stdout_hook_install
                0x00000000000063a0        0xc zephyr/lib/libc/minimal/liblib__libc__minimal.a(stdout_console.c.obj)
                0x00000000000063a0                __stdout_hook_install
 .text.nordicsemi_nrf52_init
                0x00000000000063ac       0x30 zephyr/soc/arm/nordic_nrf/nrf52/libsoc__arm__nordic_nrf__nrf52.a(soc.c.obj)
 .text.arch_busy_wait
                0x00000000000063dc       0x14 zephyr/soc/arm/nordic_nrf/nrf52/libsoc__arm__nordic_nrf__nrf52.a(soc.c.obj)
                0x00000000000063dc                arch_busy_wait
 .text.board_particle_argon_init
                0x00000000000063f0       0x38 zephyr/boards/arm/particle_argon/libboards__arm__particle_argon.a(board.c.obj)
 .text.uuid_to_uuid128
                0x0000000000006428       0x6c zephyr/subsys/bluetooth/host/libsubsys__bluetooth__host.a(uuid.c.obj)
 .text.bt_buf_get_rx
                0x0000000000006494       0x20 zephyr/subsys/bluetooth/host/libsubsys__bluetooth__host.a(buf.c.obj)
                0x0000000000006494                bt_buf_get_rx
 .text.bt_buf_get_cmd_complete
                0x00000000000064b4       0x34 zephyr/subsys/bluetooth/host/libsubsys__bluetooth__host.a(buf.c.obj)
                0x00000000000064b4                bt_buf_get_cmd_complete
 .text.bt_buf_get_evt
                0x00000000000064e8       0x54 zephyr/subsys/bluetooth/host/libsubsys__bluetooth__host.a(buf.c.obj)
                0x00000000000064e8                bt_buf_get_evt
 .text.hci_disconn_complete_prio
                0x000000000000653c       0x3c zephyr/subsys/bluetooth/host/libsubsys__bluetooth__host.a(hci_core.c.obj)
 .text.hci_le_meta_event
                0x0000000000006578       0x20 zephyr/subsys/bluetooth/host/libsubsys__bluetooth__host.a(hci_core.c.obj)
 .text.find_pending_connect.part.0
                0x0000000000006598       0x3c zephyr/subsys/bluetooth/host/libsubsys__bluetooth__host.a(hci_core.c.obj)
 .text.hci_cmd_done
                0x00000000000065d4       0xbc zephyr/subsys/bluetooth/host/libsubsys__bluetooth__host.a(hci_core.c.obj)
 .text.hci_cmd_status
                0x0000000000006690       0x2c zephyr/subsys/bluetooth/host/libsubsys__bluetooth__host.a(hci_core.c.obj)
 .text.hci_cmd_complete
                0x00000000000066bc       0x30 zephyr/subsys/bluetooth/host/libsubsys__bluetooth__host.a(hci_core.c.obj)
 .text.bt_hci_cmd_state_set_init
                0x00000000000066ec       0x24 zephyr/subsys/bluetooth/host/libsubsys__bluetooth__host.a(hci_core.c.obj)
                0x00000000000066ec                bt_hci_cmd_state_set_init
 .text.bt_hci_cmd_create
                0x0000000000006710       0x74 zephyr/subsys/bluetooth/host/libsubsys__bluetooth__host.a(hci_core.c.obj)
                0x0000000000006710                bt_hci_cmd_create
 .text.bt_hci_cmd_send_sync
                0x0000000000006784       0xc4 zephyr/subsys/bluetooth/host/libsubsys__bluetooth__host.a(hci_core.c.obj)
                0x0000000000006784                bt_hci_cmd_send_sync
 .text.bt_le_create_conn_legacy
                0x0000000000006848       0xa0 zephyr/subsys/bluetooth/host/libsubsys__bluetooth__host.a(hci_core.c.obj)
                0x0000000000006848                bt_le_create_conn_legacy
 .text.bt_le_create_conn_cancel
                0x00000000000068e8       0x34 zephyr/subsys/bluetooth/host/libsubsys__bluetooth__host.a(hci_core.c.obj)
                0x00000000000068e8                bt_le_create_conn_cancel
 .text.bt_send  0x000000000000691c       0x10 zephyr/subsys/bluetooth/host/libsubsys__bluetooth__host.a(hci_core.c.obj)
                0x000000000000691c                bt_send
 .text.bt_hci_cmd_send
                0x000000000000692c       0x44 zephyr/subsys/bluetooth/host/libsubsys__bluetooth__host.a(hci_core.c.obj)
                0x000000000000692c                bt_hci_cmd_send
 .text.conn_auto_initiate
                0x0000000000006970       0xc4 zephyr/subsys/bluetooth/host/libsubsys__bluetooth__host.a(hci_core.c.obj)
 .text.bt_hci_le_enh_conn_complete
                0x0000000000006a34      0x210 zephyr/subsys/bluetooth/host/libsubsys__bluetooth__host.a(hci_core.c.obj)
                0x0000000000006a34                bt_hci_le_enh_conn_complete
 .text.hci_tx_thread
                0x0000000000006c44      0x134 zephyr/subsys/bluetooth/host/libsubsys__bluetooth__host.a(hci_core.c.obj)
 .text.hci_event_prio
                0x0000000000006d78       0xa4 zephyr/subsys/bluetooth/host/libsubsys__bluetooth__host.a(hci_core.c.obj)
                0x0000000000006d78                hci_event_prio
 .text.bt_recv  0x0000000000006e1c      0x108 zephyr/subsys/bluetooth/host/libsubsys__bluetooth__host.a(hci_core.c.obj)
                0x0000000000006e1c                bt_recv
 .text.bt_recv_prio
                0x0000000000006f24       0x3c zephyr/subsys/bluetooth/host/libsubsys__bluetooth__host.a(hci_core.c.obj)
                0x0000000000006f24                bt_recv_prio
 .text.bt_hci_driver_register
                0x0000000000006f60       0x28 zephyr/subsys/bluetooth/host/libsubsys__bluetooth__host.a(hci_core.c.obj)
                0x0000000000006f60                bt_hci_driver_register
 .text.bt_finalize_init
                0x0000000000006f88       0x18 zephyr/subsys/bluetooth/host/libsubsys__bluetooth__host.a(hci_core.c.obj)
                0x0000000000006f88                bt_finalize_init
 .text.bt_init  0x0000000000006fa0      0x3b8 zephyr/subsys/bluetooth/host/libsubsys__bluetooth__host.a(hci_core.c.obj)
 .text.init_work
                0x0000000000007358       0x18 zephyr/subsys/bluetooth/host/libsubsys__bluetooth__host.a(hci_core.c.obj)
 .text.bt_set_name
                0x0000000000007370       0x3c zephyr/subsys/bluetooth/host/libsubsys__bluetooth__host.a(hci_core.c.obj)
                0x0000000000007370                bt_set_name
 .text.bt_enable
                0x00000000000073ac       0xa4 zephyr/subsys/bluetooth/host/libsubsys__bluetooth__host.a(hci_core.c.obj)
                0x00000000000073ac                bt_enable
 .text.bt_get_name
                0x0000000000007450        0x8 zephyr/subsys/bluetooth/host/libsubsys__bluetooth__host.a(hci_core.c.obj)
                0x0000000000007450                bt_get_name
 .text.id_find  0x0000000000007458       0x34 zephyr/subsys/bluetooth/host/libsubsys__bluetooth__host.a(id.c.obj)
 .text.set_random_address
                0x000000000000748c       0x5c zephyr/subsys/bluetooth/host/libsubsys__bluetooth__host.a(id.c.obj)
 .text.id_create.constprop.0
                0x00000000000074e8       0x6c zephyr/subsys/bluetooth/host/libsubsys__bluetooth__host.a(id.c.obj)
 .text.bt_id_adv_random_addr_check
                0x0000000000007554       0x1c zephyr/subsys/bluetooth/host/libsubsys__bluetooth__host.a(id.c.obj)
                0x0000000000007554                bt_id_adv_random_addr_check
 .text.bt_id_create
                0x0000000000007570       0x94 zephyr/subsys/bluetooth/host/libsubsys__bluetooth__host.a(id.c.obj)
                0x0000000000007570                bt_id_create
 .text.bt_id_read_public_addr
                0x0000000000007604       0x70 zephyr/subsys/bluetooth/host/libsubsys__bluetooth__host.a(id.c.obj)
                0x0000000000007604                bt_id_read_public_addr
 .text.bt_setup_public_id_addr
                0x0000000000007674       0x20 zephyr/subsys/bluetooth/host/libsubsys__bluetooth__host.a(id.c.obj)
                0x0000000000007674                bt_setup_public_id_addr
 .text.bt_read_static_addr
                0x0000000000007694       0x60 zephyr/subsys/bluetooth/host/libsubsys__bluetooth__host.a(id.c.obj)
                0x0000000000007694                bt_read_static_addr
 .text.bt_setup_random_id_addr
                0x00000000000076f4       0x5c zephyr/subsys/bluetooth/host/libsubsys__bluetooth__host.a(id.c.obj)
                0x00000000000076f4                bt_setup_random_id_addr
 .text.bt_id_set_create_conn_own_addr
                0x0000000000007750       0x24 zephyr/subsys/bluetooth/host/libsubsys__bluetooth__host.a(id.c.obj)
                0x0000000000007750                bt_id_set_create_conn_own_addr
 .text.bt_id_set_scan_own_addr
                0x0000000000007774       0x34 zephyr/subsys/bluetooth/host/libsubsys__bluetooth__host.a(id.c.obj)
                0x0000000000007774                bt_id_set_scan_own_addr
 .text.bt_id_set_adv_own_addr
                0x00000000000077a8       0xd4 zephyr/subsys/bluetooth/host/libsubsys__bluetooth__host.a(id.c.obj)
                0x00000000000077a8                bt_id_set_adv_own_addr
 .text.bt_id_init
                0x000000000000787c       0x30 zephyr/subsys/bluetooth/host/libsubsys__bluetooth__host.a(id.c.obj)
                0x000000000000787c                bt_id_init
 .text.valid_adv_param
                0x00000000000078ac       0x88 zephyr/subsys/bluetooth/host/libsubsys__bluetooth__host.a(adv.c.obj)
 .text.le_adv_start_add_conn
                0x0000000000007934       0x88 zephyr/subsys/bluetooth/host/libsubsys__bluetooth__host.a(adv.c.obj)
 .text.bt_le_adv_lookup_legacy
                0x00000000000079bc        0x8 zephyr/subsys/bluetooth/host/libsubsys__bluetooth__host.a(adv.c.obj)
                0x00000000000079bc                bt_le_adv_lookup_legacy
 .text.bt_le_adv_start_legacy
                0x00000000000079c4      0x24c zephyr/subsys/bluetooth/host/libsubsys__bluetooth__host.a(adv.c.obj)
                0x00000000000079c4                bt_le_adv_start_legacy
 .text.bt_le_adv_start
                0x0000000000007c10       0x64 zephyr/subsys/bluetooth/host/libsubsys__bluetooth__host.a(adv.c.obj)
                0x0000000000007c10                bt_le_adv_start
 .text.bt_le_adv_stop
                0x0000000000007c74       0xc0 zephyr/subsys/bluetooth/host/libsubsys__bluetooth__host.a(adv.c.obj)
                0x0000000000007c74                bt_le_adv_stop
 .text.bt_le_adv_resume
                0x0000000000007d34       0x80 zephyr/subsys/bluetooth/host/libsubsys__bluetooth__host.a(adv.c.obj)
                0x0000000000007d34                bt_le_adv_resume
 .text.atomic_get.constprop.0
                0x0000000000007db4       0x14 zephyr/subsys/bluetooth/host/libsubsys__bluetooth__host.a(scan.c.obj)
 .text.bt_le_scan_set_enable_legacy
                0x0000000000007dc8       0x64 zephyr/subsys/bluetooth/host/libsubsys__bluetooth__host.a(scan.c.obj)
 .text.start_le_scan_legacy
                0x0000000000007e2c       0xa4 zephyr/subsys/bluetooth/host/libsubsys__bluetooth__host.a(scan.c.obj)
 .text.bt_scan_reset
                0x0000000000007ed0        0xc zephyr/subsys/bluetooth/host/libsubsys__bluetooth__host.a(scan.c.obj)
                0x0000000000007ed0                bt_scan_reset
 .text.bt_le_scan_update
                0x0000000000007edc       0x84 zephyr/subsys/bluetooth/host/libsubsys__bluetooth__host.a(scan.c.obj)
                0x0000000000007edc                bt_le_scan_update
 .text.bt_hci_le_adv_report
                0x0000000000007f60      0x1cc zephyr/subsys/bluetooth/host/libsubsys__bluetooth__host.a(scan.c.obj)
                0x0000000000007f60                bt_hci_le_adv_report
 .text.tx_free  0x000000000000812c       0x14 zephyr/subsys/bluetooth/host/libsubsys__bluetooth__host.a(conn.c.obj)
 .text.notify_connected
                0x0000000000008140       0x48 zephyr/subsys/bluetooth/host/libsubsys__bluetooth__host.a(conn.c.obj)
 .text.send_frag
                0x0000000000008188      0x110 zephyr/subsys/bluetooth/host/libsubsys__bluetooth__host.a(conn.c.obj)
 .text.bt_conn_get_pkts
                0x0000000000008298        0x8 zephyr/subsys/bluetooth/host/libsubsys__bluetooth__host.a(conn.c.obj)
                0x0000000000008298                bt_conn_get_pkts
 .text.bt_conn_new
                0x00000000000082a0       0x68 zephyr/subsys/bluetooth/host/libsubsys__bluetooth__host.a(conn.c.obj)
                0x00000000000082a0                bt_conn_new
 .text.bt_conn_send_cb
                0x0000000000008308       0x6c zephyr/subsys/bluetooth/host/libsubsys__bluetooth__host.a(conn.c.obj)
                0x0000000000008308                bt_conn_send_cb
 .text.bt_conn_prepare_events
                0x0000000000008374       0x78 zephyr/subsys/bluetooth/host/libsubsys__bluetooth__host.a(conn.c.obj)
                0x0000000000008374                bt_conn_prepare_events
 .text.bt_conn_lookup_handle
                0x00000000000083ec       0x10 zephyr/subsys/bluetooth/host/libsubsys__bluetooth__host.a(conn.c.obj)
                0x00000000000083ec                bt_conn_lookup_handle
 .text.bt_conn_set_state
                0x00000000000083fc      0x1b4 zephyr/subsys/bluetooth/host/libsubsys__bluetooth__host.a(conn.c.obj)
                0x00000000000083fc                bt_conn_set_state
 .text.bt_conn_index
                0x00000000000085b0       0x18 zephyr/subsys/bluetooth/host/libsubsys__bluetooth__host.a(conn.c.obj)
                0x00000000000085b0                bt_conn_index
 .text.bt_conn_create_pdu_timeout
                0x00000000000085c8       0x24 zephyr/subsys/bluetooth/host/libsubsys__bluetooth__host.a(conn.c.obj)
                0x00000000000085c8                bt_conn_create_pdu_timeout
 .text.notify_le_param_updated
                0x00000000000085ec       0x90 zephyr/subsys/bluetooth/host/libsubsys__bluetooth__host.a(conn.c.obj)
                0x00000000000085ec                notify_le_param_updated
 .text.le_param_req
                0x000000000000867c       0x74 zephyr/subsys/bluetooth/host/libsubsys__bluetooth__host.a(conn.c.obj)
                0x000000000000867c                le_param_req
 .text.bt_conn_cb_register
                0x00000000000086f0       0x10 zephyr/subsys/bluetooth/host/libsubsys__bluetooth__host.a(conn.c.obj)
                0x00000000000086f0                bt_conn_cb_register
 .text.bt_conn_add_le
                0x0000000000008700       0x34 zephyr/subsys/bluetooth/host/libsubsys__bluetooth__host.a(conn.c.obj)
                0x0000000000008700                bt_conn_add_le
 .text.bt_conn_lookup_addr_le
                0x0000000000008734       0x3c zephyr/subsys/bluetooth/host/libsubsys__bluetooth__host.a(conn.c.obj)
                0x0000000000008734                bt_conn_lookup_addr_le
 .text.bt_conn_lookup_state_le
                0x0000000000008770       0x44 zephyr/subsys/bluetooth/host/libsubsys__bluetooth__host.a(conn.c.obj)
                0x0000000000008770                bt_conn_lookup_state_le
 .text.send_conn_le_param_update
                0x00000000000087b4       0x68 zephyr/subsys/bluetooth/host/libsubsys__bluetooth__host.a(conn.c.obj)
 .text.deferred_work
                0x000000000000881c       0xe8 zephyr/subsys/bluetooth/host/libsubsys__bluetooth__host.a(conn.c.obj)
 .text.bt_conn_create_frag_timeout
                0x0000000000008904        0xc zephyr/subsys/bluetooth/host/libsubsys__bluetooth__host.a(conn.c.obj)
                0x0000000000008904                bt_conn_create_frag_timeout
 .text.create_frag
                0x0000000000008910       0x6c zephyr/subsys/bluetooth/host/libsubsys__bluetooth__host.a(conn.c.obj)
 .text.bt_conn_process_tx
                0x000000000000897c       0xcc zephyr/subsys/bluetooth/host/libsubsys__bluetooth__host.a(conn.c.obj)
                0x000000000000897c                bt_conn_process_tx
 .text.bt_conn_init
                0x0000000000008a48       0x68 zephyr/subsys/bluetooth/host/libsubsys__bluetooth__host.a(conn.c.obj)
                0x0000000000008a48                bt_conn_init
 .text.l2cap_accept
                0x0000000000008ab0       0x1c zephyr/subsys/bluetooth/host/libsubsys__bluetooth__host.a(l2cap.c.obj)
 .text.bt_l2cap_connected
                0x0000000000008acc       0xb8 zephyr/subsys/bluetooth/host/libsubsys__bluetooth__host.a(l2cap.c.obj)
                0x0000000000008acc                bt_l2cap_connected
 .text.bt_l2cap_update_conn_param
                0x0000000000008b84       0x64 zephyr/subsys/bluetooth/host/libsubsys__bluetooth__host.a(l2cap.c.obj)
                0x0000000000008b84                bt_l2cap_update_conn_param
 .text.att_cfm_sent
                0x0000000000008be8       0x10 zephyr/subsys/bluetooth/host/libsubsys__bluetooth__host.a(att.c.obj)
 .text.att_rsp_sent
                0x0000000000008bf8       0x10 zephyr/subsys/bluetooth/host/libsubsys__bluetooth__host.a(att.c.obj)
 .text.att_req_sent
                0x0000000000008c08       0x10 zephyr/subsys/bluetooth/host/libsubsys__bluetooth__host.a(att.c.obj)
 .text.bt_att_released
                0x0000000000008c18       0x18 zephyr/subsys/bluetooth/host/libsubsys__bluetooth__host.a(att.c.obj)
 .text.bt_att_accept
                0x0000000000008c30       0x90 zephyr/subsys/bluetooth/host/libsubsys__bluetooth__host.a(att.c.obj)
 .text.read_group_cb
                0x0000000000008cc0       0xac zephyr/subsys/bluetooth/host/libsubsys__bluetooth__host.a(att.c.obj)
 .text.chan_send
                0x0000000000008d6c       0xbc zephyr/subsys/bluetooth/host/libsubsys__bluetooth__host.a(att.c.obj)
 .text.read_type_cb
                0x0000000000008e28       0xa8 zephyr/subsys/bluetooth/host/libsubsys__bluetooth__host.a(att.c.obj)
 .text.bt_att_connected
                0x0000000000008ed0       0x68 zephyr/subsys/bluetooth/host/libsubsys__bluetooth__host.a(att.c.obj)
 .text.att_indicate
                0x0000000000008f38       0x3c zephyr/subsys/bluetooth/host/libsubsys__bluetooth__host.a(att.c.obj)
 .text.send_err_rsp.part.0
                0x0000000000008f74       0x40 zephyr/subsys/bluetooth/host/libsubsys__bluetooth__host.a(att.c.obj)
 .text.bt_att_recv
                0x0000000000008fb4       0xe4 zephyr/subsys/bluetooth/host/libsubsys__bluetooth__host.a(att.c.obj)
 .text.att_write_rsp.constprop.0
                0x0000000000009098       0xc8 zephyr/subsys/bluetooth/host/libsubsys__bluetooth__host.a(att.c.obj)
 .text.att_read_group_req
                0x0000000000009160      0x108 zephyr/subsys/bluetooth/host/libsubsys__bluetooth__host.a(att.c.obj)
 .text.att_read_mult_req
                0x0000000000009268       0x9c zephyr/subsys/bluetooth/host/libsubsys__bluetooth__host.a(att.c.obj)
 .text.att_read_rsp
                0x0000000000009304       0x94 zephyr/subsys/bluetooth/host/libsubsys__bluetooth__host.a(att.c.obj)
 .text.att_read_type_req
                0x0000000000009398       0xc8 zephyr/subsys/bluetooth/host/libsubsys__bluetooth__host.a(att.c.obj)
 .text.att_find_type_req
                0x0000000000009460       0xdc zephyr/subsys/bluetooth/host/libsubsys__bluetooth__host.a(att.c.obj)
 .text.att_find_info_req
                0x000000000000953c       0x78 zephyr/subsys/bluetooth/host/libsubsys__bluetooth__host.a(att.c.obj)
 .text.att_mtu_req
                0x00000000000095b4       0x6c zephyr/subsys/bluetooth/host/libsubsys__bluetooth__host.a(att.c.obj)
 .text.bt_att_req_alloc
                0x0000000000009620       0x44 zephyr/subsys/bluetooth/host/libsubsys__bluetooth__host.a(att.c.obj)
                0x0000000000009620                bt_att_req_alloc
 .text.bt_att_req_free
                0x0000000000009664       0x24 zephyr/subsys/bluetooth/host/libsubsys__bluetooth__host.a(att.c.obj)
                0x0000000000009664                bt_att_req_free
 .text.att_handle_rsp
                0x0000000000009688       0x64 zephyr/subsys/bluetooth/host/libsubsys__bluetooth__host.a(att.c.obj)
 .text.att_error_rsp
                0x00000000000096ec       0x20 zephyr/subsys/bluetooth/host/libsubsys__bluetooth__host.a(att.c.obj)
 .text.bt_att_disconnected
                0x000000000000970c       0xb4 zephyr/subsys/bluetooth/host/libsubsys__bluetooth__host.a(att.c.obj)
 .text.bt_att_req_cancel
                0x00000000000097c0       0x5c zephyr/subsys/bluetooth/host/libsubsys__bluetooth__host.a(att.c.obj)
                0x00000000000097c0                bt_att_req_cancel
 .text.find_cf_cfg
                0x000000000000981c       0x3c zephyr/subsys/bluetooth/host/libsubsys__bluetooth__host.a(gatt.c.obj)
 .text.find_sc_cfg
                0x0000000000009858       0x20 zephyr/subsys/bluetooth/host/libsubsys__bluetooth__host.a(gatt.c.obj)
 .text.gatt_sub_find
                0x0000000000009878       0x3c zephyr/subsys/bluetooth/host/libsubsys__bluetooth__host.a(gatt.c.obj)
 .text.sc_indicate_rsp
                0x00000000000098b4       0x54 zephyr/subsys/bluetooth/host/libsubsys__bluetooth__host.a(gatt.c.obj)
 .text.gatt_write_ccc
                0x0000000000009908       0x24 zephyr/subsys/bluetooth/host/libsubsys__bluetooth__host.a(gatt.c.obj)
 .text.disconnected_cb
                0x000000000000992c       0x9c zephyr/subsys/bluetooth/host/libsubsys__bluetooth__host.a(gatt.c.obj)
 .text.bt_gatt_init
                0x00000000000099c8       0xac zephyr/subsys/bluetooth/host/libsubsys__bluetooth__host.a(gatt.c.obj)
                0x00000000000099c8                bt_gatt_init
 .text.bt_gatt_attr_get_handle
                0x0000000000009a74       0x60 zephyr/subsys/bluetooth/host/libsubsys__bluetooth__host.a(gatt.c.obj)
                0x0000000000009a74                bt_gatt_attr_get_handle
 .text.bt_gatt_foreach_attr_type
                0x0000000000009ad4       0xb4 zephyr/subsys/bluetooth/host/libsubsys__bluetooth__host.a(gatt.c.obj)
                0x0000000000009ad4                bt_gatt_foreach_attr_type
 .text.db_hash_gen.constprop.0
                0x0000000000009b88       0x74 zephyr/subsys/bluetooth/host/libsubsys__bluetooth__host.a(gatt.c.obj)
 .text.gatt_indicate
                0x0000000000009bfc       0x94 zephyr/subsys/bluetooth/host/libsubsys__bluetooth__host.a(gatt.c.obj)
 .text.bt_gatt_indicate
                0x0000000000009c90       0xf0 zephyr/subsys/bluetooth/host/libsubsys__bluetooth__host.a(gatt.c.obj)
                0x0000000000009c90                bt_gatt_indicate
 .text.sc_process
                0x0000000000009d80       0x70 zephyr/subsys/bluetooth/host/libsubsys__bluetooth__host.a(gatt.c.obj)
 .text.notify_cb
                0x0000000000009df0       0xd8 zephyr/subsys/bluetooth/host/libsubsys__bluetooth__host.a(gatt.c.obj)
 .text.update_ccc
                0x0000000000009ec8       0xa8 zephyr/subsys/bluetooth/host/libsubsys__bluetooth__host.a(gatt.c.obj)
 .text.bt_gatt_discover
                0x0000000000009f70      0x16c zephyr/subsys/bluetooth/host/libsubsys__bluetooth__host.a(gatt.c.obj)
                0x0000000000009f70                bt_gatt_discover
 .text.gatt_read_type_rsp
                0x000000000000a0dc      0x2b4 zephyr/subsys/bluetooth/host/libsubsys__bluetooth__host.a(gatt.c.obj)
 .text.bt_gatt_connected
                0x000000000000a390       0x58 zephyr/subsys/bluetooth/host/libsubsys__bluetooth__host.a(gatt.c.obj)
                0x000000000000a390                bt_gatt_connected
 .text.bt_gatt_att_max_mtu_changed
                0x000000000000a3e8       0x28 zephyr/subsys/bluetooth/host/libsubsys__bluetooth__host.a(gatt.c.obj)
                0x000000000000a3e8                bt_gatt_att_max_mtu_changed
 .text.db_hash_read
                0x000000000000a410       0x5c zephyr/subsys/bluetooth/host/libsubsys__bluetooth__host.a(gatt.c.obj)
 .text.bt_gatt_disconnected
                0x000000000000a46c       0xcc zephyr/subsys/bluetooth/host/libsubsys__bluetooth__host.a(gatt.c.obj)
                0x000000000000a46c                bt_gatt_disconnected
 .text.bt_smp_accept
                0x000000000000a538       0x1c zephyr/subsys/bluetooth/host/libsubsys__bluetooth__host.a(smp_null.c.obj)
 .text.mem_init
                0x000000000000a554       0x60 zephyr/subsys/bluetooth/controller/libsubsys__bluetooth__controller.a(mem.c.obj)
                0x000000000000a554                mem_init
 .text.mem_acquire
                0x000000000000a5b4       0x34 zephyr/subsys/bluetooth/controller/libsubsys__bluetooth__controller.a(mem.c.obj)
                0x000000000000a5b4                mem_acquire
 .text.mem_release
                0x000000000000a5e8       0x30 zephyr/subsys/bluetooth/controller/libsubsys__bluetooth__controller.a(mem.c.obj)
                0x000000000000a5e8                mem_release
 .text.mem_get  0x000000000000a618        0x8 zephyr/subsys/bluetooth/controller/libsubsys__bluetooth__controller.a(mem.c.obj)
                0x000000000000a618                mem_get
 .text.mem_index_get
                0x000000000000a620        0xc zephyr/subsys/bluetooth/controller/libsubsys__bluetooth__controller.a(mem.c.obj)
                0x000000000000a620                mem_index_get
 .text.mem_rcopy
                0x000000000000a62c       0x1c zephyr/subsys/bluetooth/controller/libsubsys__bluetooth__controller.a(mem.c.obj)
                0x000000000000a62c                mem_rcopy
 .text.mem_nz   0x000000000000a648       0x18 zephyr/subsys/bluetooth/controller/libsubsys__bluetooth__controller.a(mem.c.obj)
                0x000000000000a648                mem_nz
 .text.memq_init
                0x000000000000a660        0x8 zephyr/subsys/bluetooth/controller/libsubsys__bluetooth__controller.a(memq.c.obj)
                0x000000000000a660                memq_init
 .text.memq_deinit
                0x000000000000a668       0x14 zephyr/subsys/bluetooth/controller/libsubsys__bluetooth__controller.a(memq.c.obj)
                0x000000000000a668                memq_deinit
 .text.memq_enqueue
                0x000000000000a67c       0x14 zephyr/subsys/bluetooth/controller/libsubsys__bluetooth__controller.a(memq.c.obj)
                0x000000000000a67c                memq_enqueue
 .text.memq_peek
                0x000000000000a690       0x10 zephyr/subsys/bluetooth/controller/libsubsys__bluetooth__controller.a(memq.c.obj)
                0x000000000000a690                memq_peek
 .text.memq_dequeue
                0x000000000000a6a0       0x20 zephyr/subsys/bluetooth/controller/libsubsys__bluetooth__controller.a(memq.c.obj)
                0x000000000000a6a0                memq_dequeue
 .text.mayfly_init
                0x000000000000a6c0       0x40 zephyr/subsys/bluetooth/controller/libsubsys__bluetooth__controller.a(mayfly.c.obj)
                0x000000000000a6c0                mayfly_init
 .text.mayfly_enable
                0x000000000000a700       0x64 zephyr/subsys/bluetooth/controller/libsubsys__bluetooth__controller.a(mayfly.c.obj)
                0x000000000000a700                mayfly_enable
 .text.mayfly_enqueue
                0x000000000000a764       0xb0 zephyr/subsys/bluetooth/controller/libsubsys__bluetooth__controller.a(mayfly.c.obj)
                0x000000000000a764                mayfly_enqueue
 .text.mayfly_run
                0x000000000000a814      0x14c zephyr/subsys/bluetooth/controller/libsubsys__bluetooth__controller.a(mayfly.c.obj)
                0x000000000000a814                mayfly_run
 .text.util_ones_count_get
                0x000000000000a960       0x28 zephyr/subsys/bluetooth/controller/libsubsys__bluetooth__controller.a(util.c.obj)
                0x000000000000a960                util_ones_count_get
 .text.util_aa_le32
                0x000000000000a988      0x130 zephyr/subsys/bluetooth/controller/libsubsys__bluetooth__controller.a(util.c.obj)
                0x000000000000a988                util_aa_le32
 .text.ticker_dequeue
                0x000000000000aab8       0x74 zephyr/subsys/bluetooth/controller/libsubsys__bluetooth__controller.a(ticker.c.obj)
 .text.ticks_to_expire_prep
                0x000000000000ab2c       0x48 zephyr/subsys/bluetooth/controller/libsubsys__bluetooth__controller.a(ticker.c.obj)
 .text.ticker_job_list_insert
                0x000000000000ab74      0x20c zephyr/subsys/bluetooth/controller/libsubsys__bluetooth__controller.a(ticker.c.obj)
 .text.ticker_worker
                0x000000000000ad80      0x2e0 zephyr/subsys/bluetooth/controller/libsubsys__bluetooth__controller.a(ticker.c.obj)
                0x000000000000ad80                ticker_worker
 .text.ticker_job
                0x000000000000b060      0x95c zephyr/subsys/bluetooth/controller/libsubsys__bluetooth__controller.a(ticker.c.obj)
                0x000000000000b060                ticker_job
 .text.ticker_init
                0x000000000000b9bc       0x88 zephyr/subsys/bluetooth/controller/libsubsys__bluetooth__controller.a(ticker.c.obj)
                0x000000000000b9bc                ticker_init
 .text.ticker_trigger
                0x000000000000ba44       0x30 zephyr/subsys/bluetooth/controller/libsubsys__bluetooth__controller.a(ticker.c.obj)
                0x000000000000ba44                ticker_trigger
 .text.ticker_start_ext
                0x000000000000ba74       0xac zephyr/subsys/bluetooth/controller/libsubsys__bluetooth__controller.a(ticker.c.obj)
                0x000000000000ba74                ticker_start_ext
 .text.ticker_start
                0x000000000000bb20       0x38 zephyr/subsys/bluetooth/controller/libsubsys__bluetooth__controller.a(ticker.c.obj)
                0x000000000000bb20                ticker_start
 .text.ticker_update_ext
                0x000000000000bb58       0xac zephyr/subsys/bluetooth/controller/libsubsys__bluetooth__controller.a(ticker.c.obj)
                0x000000000000bb58                ticker_update_ext
 .text.ticker_update
                0x000000000000bc04       0x30 zephyr/subsys/bluetooth/controller/libsubsys__bluetooth__controller.a(ticker.c.obj)
                0x000000000000bc04                ticker_update
 .text.ticker_stop
                0x000000000000bc34       0x84 zephyr/subsys/bluetooth/controller/libsubsys__bluetooth__controller.a(ticker.c.obj)
                0x000000000000bc34                ticker_stop
 .text.ticker_next_slot_get
                0x000000000000bcb8       0x8c zephyr/subsys/bluetooth/controller/libsubsys__bluetooth__controller.a(ticker.c.obj)
                0x000000000000bcb8                ticker_next_slot_get
 .text.ticker_job_sched
                0x000000000000bd44       0x30 zephyr/subsys/bluetooth/controller/libsubsys__bluetooth__controller.a(ticker.c.obj)
                0x000000000000bd44                ticker_job_sched
 .text.ticker_ticks_now_get
                0x000000000000bd74        0x4 zephyr/subsys/bluetooth/controller/libsubsys__bluetooth__controller.a(ticker.c.obj)
                0x000000000000bd74                ticker_ticks_now_get
 .text.ticker_ticks_diff_get
                0x000000000000bd78        0x8 zephyr/subsys/bluetooth/controller/libsubsys__bluetooth__controller.a(ticker.c.obj)
                0x000000000000bd78                ticker_ticks_diff_get
 .text.ll_addr_set
                0x000000000000bd80       0x44 zephyr/subsys/bluetooth/controller/libsubsys__bluetooth__controller.a(ll_addr.c.obj)
                0x000000000000bd80                ll_addr_set
 .text.ll_addr_get
                0x000000000000bdc4       0x20 zephyr/subsys/bluetooth/controller/libsubsys__bluetooth__controller.a(ll_addr.c.obj)
                0x000000000000bdc4                ll_addr_get
 .text.ll_addr_read
                0x000000000000bde4       0x30 zephyr/subsys/bluetooth/controller/libsubsys__bluetooth__controller.a(ll_addr.c.obj)
                0x000000000000bde4                ll_addr_read
 .text.ll_tx_pwr_lvl_get
                0x000000000000be14       0x20 zephyr/subsys/bluetooth/controller/libsubsys__bluetooth__controller.a(ll_tx_pwr.c.obj)
                0x000000000000be14                ll_tx_pwr_lvl_get
 .text.ll_tx_pwr_get
                0x000000000000be34        0x8 zephyr/subsys/bluetooth/controller/libsubsys__bluetooth__controller.a(ll_tx_pwr.c.obj)
                0x000000000000be34                ll_tx_pwr_get
 .text.hci_driver_init
                0x000000000000be3c       0x10 zephyr/subsys/bluetooth/controller/libsubsys__bluetooth__controller.a(hci_driver.c.obj)
 .text.hci_driver_send
                0x000000000000be4c       0x6c zephyr/subsys/bluetooth/controller/libsubsys__bluetooth__controller.a(hci_driver.c.obj)
 .text.recv_thread
                0x000000000000beb8      0x118 zephyr/subsys/bluetooth/controller/libsubsys__bluetooth__controller.a(hci_driver.c.obj)
 .text.prio_recv_thread
                0x000000000000bfd0       0xc8 zephyr/subsys/bluetooth/controller/libsubsys__bluetooth__controller.a(hci_driver.c.obj)
 .text.hci_driver_open
                0x000000000000c098       0x90 zephyr/subsys/bluetooth/controller/libsubsys__bluetooth__controller.a(hci_driver.c.obj)
 .text.dup_found.part.0
                0x000000000000c128       0xc0 zephyr/subsys/bluetooth/controller/libsubsys__bluetooth__controller.a(hci.c.obj)
 .text.le_remote_feat_complete
                0x000000000000c1e8       0x70 zephyr/subsys/bluetooth/controller/libsubsys__bluetooth__controller.a(hci.c.obj)
 .text.hci_vendor_cmd_handle_common
                0x000000000000c258      0x17c zephyr/subsys/bluetooth/controller/libsubsys__bluetooth__controller.a(hci.c.obj)
                0x000000000000c258                hci_vendor_cmd_handle_common
 .text.hci_cmd_handle
                0x000000000000c3d4      0xa30 zephyr/subsys/bluetooth/controller/libsubsys__bluetooth__controller.a(hci.c.obj)
                0x000000000000c3d4                hci_cmd_handle
 .text.hci_acl_handle
                0x000000000000ce04       0xc8 zephyr/subsys/bluetooth/controller/libsubsys__bluetooth__controller.a(hci.c.obj)
                0x000000000000ce04                hci_acl_handle
 .text.hci_disconn_complete_encode
                0x000000000000cecc       0x40 zephyr/subsys/bluetooth/controller/libsubsys__bluetooth__controller.a(hci.c.obj)
                0x000000000000cecc                hci_disconn_complete_encode
 .text.hci_disconn_complete_process
                0x000000000000cf0c       0x10 zephyr/subsys/bluetooth/controller/libsubsys__bluetooth__controller.a(hci.c.obj)
                0x000000000000cf0c                hci_disconn_complete_process
 .text.hci_acl_encode
                0x000000000000cf1c       0x74 zephyr/subsys/bluetooth/controller/libsubsys__bluetooth__controller.a(hci.c.obj)
                0x000000000000cf1c                hci_acl_encode
 .text.hci_evt_encode
                0x000000000000cf90      0x7f8 zephyr/subsys/bluetooth/controller/libsubsys__bluetooth__controller.a(hci.c.obj)
                0x000000000000cf90                hci_evt_encode
 .text.hci_num_cmplt_encode
                0x000000000000d788       0x30 zephyr/subsys/bluetooth/controller/libsubsys__bluetooth__controller.a(hci.c.obj)
                0x000000000000d788                hci_num_cmplt_encode
 .text.hci_get_class
                0x000000000000d7b8       0x2c zephyr/subsys/bluetooth/controller/libsubsys__bluetooth__controller.a(hci.c.obj)
                0x000000000000d7b8                hci_get_class
 .text.hci_init
                0x000000000000d7e4       0x4c zephyr/subsys/bluetooth/controller/libsubsys__bluetooth__controller.a(hci.c.obj)
                0x000000000000d7e4                hci_init
 .text.bt_rand  0x000000000000d830        0x4 zephyr/subsys/bluetooth/controller/libsubsys__bluetooth__controller.a(crypto.c.obj)
                0x000000000000d830                bt_rand
 .text.bt_encrypt_le
                0x000000000000d834        0xc zephyr/subsys/bluetooth/controller/libsubsys__bluetooth__controller.a(crypto.c.obj)
                0x000000000000d834                bt_encrypt_le
 .text.ll_feat_get
                0x000000000000d840        0xc zephyr/subsys/bluetooth/controller/libsubsys__bluetooth__controller.a(ll_feat.c.obj)
                0x000000000000d840                ll_feat_get
 .text.perform_lll_reset
                0x000000000000d84c       0xc0 zephyr/subsys/bluetooth/controller/libsubsys__bluetooth__controller.a(ull.c.obj)
 .text.ull_ticker_status_give
                0x000000000000d90c        0xc zephyr/subsys/bluetooth/controller/libsubsys__bluetooth__controller.a(ull.c.obj)
                0x000000000000d90c                ull_ticker_status_give
 .text.disabled_cb
                0x000000000000d918        0x4 zephyr/subsys/bluetooth/controller/libsubsys__bluetooth__controller.a(ull.c.obj)
 .text.tx_cmplt_get
                0x000000000000d91c       0xc0 zephyr/subsys/bluetooth/controller/libsubsys__bluetooth__controller.a(ull.c.obj)
 .text.ull_done
                0x000000000000d9dc      0x114 zephyr/subsys/bluetooth/controller/libsubsys__bluetooth__controller.a(ull.c.obj)
 .text.rx_alloc
                0x000000000000daf0       0xe8 zephyr/subsys/bluetooth/controller/libsubsys__bluetooth__controller.a(ull.c.obj)
 .text.rx_demux
                0x000000000000dbd8      0x1d4 zephyr/subsys/bluetooth/controller/libsubsys__bluetooth__controller.a(ull.c.obj)
 .text.ll_rx_get
                0x000000000000ddac      0x1c4 zephyr/subsys/bluetooth/controller/libsubsys__bluetooth__controller.a(ull.c.obj)
                0x000000000000ddac                ll_rx_get
 .text.ll_rx_dequeue
                0x000000000000df70      0x1a4 zephyr/subsys/bluetooth/controller/libsubsys__bluetooth__controller.a(ull.c.obj)
                0x000000000000df70                ll_rx_dequeue
 .text.ll_rx_mem_release
                0x000000000000e114      0x1b0 zephyr/subsys/bluetooth/controller/libsubsys__bluetooth__controller.a(ull.c.obj)
                0x000000000000e114                ll_rx_mem_release
 .text.ll_rx_link_alloc
                0x000000000000e2c4        0xc zephyr/subsys/bluetooth/controller/libsubsys__bluetooth__controller.a(ull.c.obj)
                0x000000000000e2c4                ll_rx_link_alloc
 .text.ll_rx_link_release
                0x000000000000e2d0        0xc zephyr/subsys/bluetooth/controller/libsubsys__bluetooth__controller.a(ull.c.obj)
                0x000000000000e2d0                ll_rx_link_release
 .text.ll_rx_alloc
                0x000000000000e2dc        0xc zephyr/subsys/bluetooth/controller/libsubsys__bluetooth__controller.a(ull.c.obj)
                0x000000000000e2dc                ll_rx_alloc
 .text.ll_rx_release
                0x000000000000e2e8        0xc zephyr/subsys/bluetooth/controller/libsubsys__bluetooth__controller.a(ull.c.obj)
                0x000000000000e2e8                ll_rx_release
 .text.ll_rx_put
                0x000000000000e2f4       0x14 zephyr/subsys/bluetooth/controller/libsubsys__bluetooth__controller.a(ull.c.obj)
                0x000000000000e2f4                ll_rx_put
 .text.ll_rx_sched
                0x000000000000e308        0xc zephyr/subsys/bluetooth/controller/libsubsys__bluetooth__controller.a(ull.c.obj)
                0x000000000000e308                ll_rx_sched
 .text.ll_pdu_rx_alloc_peek
                0x000000000000e314       0x3c zephyr/subsys/bluetooth/controller/libsubsys__bluetooth__controller.a(ull.c.obj)
                0x000000000000e314                ll_pdu_rx_alloc_peek
 .text.ll_pdu_rx_alloc
                0x000000000000e350       0x2c zephyr/subsys/bluetooth/controller/libsubsys__bluetooth__controller.a(ull.c.obj)
                0x000000000000e350                ll_pdu_rx_alloc
 .text.ll_tx_ack_put
                0x000000000000e37c       0x68 zephyr/subsys/bluetooth/controller/libsubsys__bluetooth__controller.a(ull.c.obj)
                0x000000000000e37c                ll_tx_ack_put
 .text.ull_ticker_status_take
                0x000000000000e3e4       0x50 zephyr/subsys/bluetooth/controller/libsubsys__bluetooth__controller.a(ull.c.obj)
                0x000000000000e3e4                ull_ticker_status_take
 .text.ull_disable_mark
                0x000000000000e434       0x14 zephyr/subsys/bluetooth/controller/libsubsys__bluetooth__controller.a(ull.c.obj)
                0x000000000000e434                ull_disable_mark
 .text.ull_disable_unmark
                0x000000000000e448       0x18 zephyr/subsys/bluetooth/controller/libsubsys__bluetooth__controller.a(ull.c.obj)
                0x000000000000e448                ull_disable_unmark
 .text.ull_disable_mark_get
                0x000000000000e460        0xc zephyr/subsys/bluetooth/controller/libsubsys__bluetooth__controller.a(ull.c.obj)
                0x000000000000e460                ull_disable_mark_get
 .text.ull_update_mark
                0x000000000000e46c       0x14 zephyr/subsys/bluetooth/controller/libsubsys__bluetooth__controller.a(ull.c.obj)
                0x000000000000e46c                ull_update_mark
 .text.ull_update_unmark
                0x000000000000e480       0x18 zephyr/subsys/bluetooth/controller/libsubsys__bluetooth__controller.a(ull.c.obj)
                0x000000000000e480                ull_update_unmark
 .text.ull_update_mark_get
                0x000000000000e498        0xc zephyr/subsys/bluetooth/controller/libsubsys__bluetooth__controller.a(ull.c.obj)
                0x000000000000e498                ull_update_mark_get
 .text.ull_disable
                0x000000000000e4a4       0x7c zephyr/subsys/bluetooth/controller/libsubsys__bluetooth__controller.a(ull.c.obj)
                0x000000000000e4a4                ull_disable
 .text.ull_ticker_stop_with_mark
                0x000000000000e520       0x8c zephyr/subsys/bluetooth/controller/libsubsys__bluetooth__controller.a(ull.c.obj)
                0x000000000000e520                ull_ticker_stop_with_mark
 .text.ull_pdu_rx_alloc_peek
                0x000000000000e5ac       0x3c zephyr/subsys/bluetooth/controller/libsubsys__bluetooth__controller.a(ull.c.obj)
                0x000000000000e5ac                ull_pdu_rx_alloc_peek
 .text.ull_pdu_rx_alloc
                0x000000000000e5e8       0x2c zephyr/subsys/bluetooth/controller/libsubsys__bluetooth__controller.a(ull.c.obj)
                0x000000000000e5e8                ull_pdu_rx_alloc
 .text.ull_rx_put
                0x000000000000e614       0x20 zephyr/subsys/bluetooth/controller/libsubsys__bluetooth__controller.a(ull.c.obj)
                0x000000000000e614                ull_rx_put
 .text.ull_rx_sched
                0x000000000000e634       0x10 zephyr/subsys/bluetooth/controller/libsubsys__bluetooth__controller.a(ull.c.obj)
                0x000000000000e634                ull_rx_sched
 .text.ull_prepare_enqueue
                0x000000000000e644       0x60 zephyr/subsys/bluetooth/controller/libsubsys__bluetooth__controller.a(ull.c.obj)
                0x000000000000e644                ull_prepare_enqueue
 .text.ull_prepare_dequeue_get
                0x000000000000e6a4       0x1c zephyr/subsys/bluetooth/controller/libsubsys__bluetooth__controller.a(ull.c.obj)
                0x000000000000e6a4                ull_prepare_dequeue_get
 .text.ull_prepare_dequeue_iter
                0x000000000000e6c0       0x40 zephyr/subsys/bluetooth/controller/libsubsys__bluetooth__controller.a(ull.c.obj)
                0x000000000000e6c0                ull_prepare_dequeue_iter
 .text.ull_prepare_dequeue
                0x000000000000e700       0xa8 zephyr/subsys/bluetooth/controller/libsubsys__bluetooth__controller.a(ull.c.obj)
                0x000000000000e700                ull_prepare_dequeue
 .text.ull_event_done_extra_get
                0x000000000000e7a8       0x20 zephyr/subsys/bluetooth/controller/libsubsys__bluetooth__controller.a(ull.c.obj)
                0x000000000000e7a8                ull_event_done_extra_get
 .text.ull_event_done
                0x000000000000e7c8       0x5c zephyr/subsys/bluetooth/controller/libsubsys__bluetooth__controller.a(ull.c.obj)
                0x000000000000e7c8                ull_event_done
 .text.ull_rxfifo_alloc
                0x000000000000e824       0x7c zephyr/subsys/bluetooth/controller/libsubsys__bluetooth__controller.a(ull.c.obj)
                0x000000000000e824                ull_rxfifo_alloc
 .text.init_reset
                0x000000000000e8a0      0x130 zephyr/subsys/bluetooth/controller/libsubsys__bluetooth__controller.a(ull.c.obj)
 .text.ll_init  0x000000000000e9d0       0xf0 zephyr/subsys/bluetooth/controller/libsubsys__bluetooth__controller.a(ull.c.obj)
                0x000000000000e9d0                ll_init
 .text.ll_reset
                0x000000000000eac0      0x150 zephyr/subsys/bluetooth/controller/libsubsys__bluetooth__controller.a(ull.c.obj)
                0x000000000000eac0                ll_reset
 .text.lll_prepare
                0x000000000000ec10       0x14 zephyr/subsys/bluetooth/controller/libsubsys__bluetooth__controller.a(lll_common.c.obj)
                0x000000000000ec10                lll_prepare
 .text.lll_resume
                0x000000000000ec24       0x4c zephyr/subsys/bluetooth/controller/libsubsys__bluetooth__controller.a(lll_common.c.obj)
                0x000000000000ec24                lll_resume
 .text.ticker_stop_cb
                0x000000000000ec70       0x88 zephyr/subsys/bluetooth/controller/libsubsys__bluetooth__controller.a(ull_adv.c.obj)
 .text.disabled_cb
                0x000000000000ecf8       0x94 zephyr/subsys/bluetooth/controller/libsubsys__bluetooth__controller.a(ull_adv.c.obj)
 .text.ticker_stop_op_cb
                0x000000000000ed8c       0x48 zephyr/subsys/bluetooth/controller/libsubsys__bluetooth__controller.a(ull_adv.c.obj)
 .text.adv_disable
                0x000000000000edd4       0x88 zephyr/subsys/bluetooth/controller/libsubsys__bluetooth__controller.a(ull_adv.c.obj)
 .text.ticker_update_op_cb
                0x000000000000ee5c       0x38 zephyr/subsys/bluetooth/controller/libsubsys__bluetooth__controller.a(ull_adv.c.obj)
 .text.init_set.constprop.0
                0x000000000000ee94       0x54 zephyr/subsys/bluetooth/controller/libsubsys__bluetooth__controller.a(ull_adv.c.obj)
 .text.conn_release.constprop.0
                0x000000000000eee8       0x84 zephyr/subsys/bluetooth/controller/libsubsys__bluetooth__controller.a(ull_adv.c.obj)
 .text.disable.part.0
                0x000000000000ef6c      0x160 zephyr/subsys/bluetooth/controller/libsubsys__bluetooth__controller.a(ull_adv.c.obj)
 .text.adv_time_get.constprop.0.isra.0
                0x000000000000f0cc       0x78 zephyr/subsys/bluetooth/controller/libsubsys__bluetooth__controller.a(ull_adv.c.obj)
 .text.ticker_cb
                0x000000000000f144      0x134 zephyr/subsys/bluetooth/controller/libsubsys__bluetooth__controller.a(ull_adv.c.obj)
 .text.ll_adv_params_set
                0x000000000000f278      0x1e0 zephyr/subsys/bluetooth/controller/libsubsys__bluetooth__controller.a(ull_adv.c.obj)
                0x000000000000f278                ll_adv_params_set
 .text.ull_adv_init
                0x000000000000f458       0x20 zephyr/subsys/bluetooth/controller/libsubsys__bluetooth__controller.a(ull_adv.c.obj)
                0x000000000000f458                ull_adv_init
 .text.ull_adv_reset
                0x000000000000f478       0x34 zephyr/subsys/bluetooth/controller/libsubsys__bluetooth__controller.a(ull_adv.c.obj)
                0x000000000000f478                ull_adv_reset
 .text.ull_adv_reset_finalize
                0x000000000000f4ac       0x30 zephyr/subsys/bluetooth/controller/libsubsys__bluetooth__controller.a(ull_adv.c.obj)
                0x000000000000f4ac                ull_adv_reset_finalize
 .text.ull_adv_handle_get
                0x000000000000f4dc       0x18 zephyr/subsys/bluetooth/controller/libsubsys__bluetooth__controller.a(ull_adv.c.obj)
                0x000000000000f4dc                ull_adv_handle_get
 .text.ull_adv_lll_handle_get
                0x000000000000f4f4       0x1c zephyr/subsys/bluetooth/controller/libsubsys__bluetooth__controller.a(ull_adv.c.obj)
                0x000000000000f4f4                ull_adv_lll_handle_get
 .text.ull_adv_is_enabled_get
                0x000000000000f510       0x1c zephyr/subsys/bluetooth/controller/libsubsys__bluetooth__controller.a(ull_adv.c.obj)
                0x000000000000f510                ull_adv_is_enabled_get
 .text.ull_adv_is_enabled
                0x000000000000f52c       0x18 zephyr/subsys/bluetooth/controller/libsubsys__bluetooth__controller.a(ull_adv.c.obj)
                0x000000000000f52c                ull_adv_is_enabled
 .text.ull_adv_filter_pol_get
                0x000000000000f544       0x20 zephyr/subsys/bluetooth/controller/libsubsys__bluetooth__controller.a(ull_adv.c.obj)
                0x000000000000f544                ull_adv_filter_pol_get
 .text.ull_adv_pdu_update_addrs
                0x000000000000f564       0x64 zephyr/subsys/bluetooth/controller/libsubsys__bluetooth__controller.a(ull_adv.c.obj)
                0x000000000000f564                ull_adv_pdu_update_addrs
 .text.ull_adv_data_set
                0x000000000000f5c8       0xb0 zephyr/subsys/bluetooth/controller/libsubsys__bluetooth__controller.a(ull_adv.c.obj)
                0x000000000000f5c8                ull_adv_data_set
 .text.ll_adv_data_set
                0x000000000000f678       0x10 zephyr/subsys/bluetooth/controller/libsubsys__bluetooth__controller.a(ull_adv.c.obj)
                0x000000000000f678                ll_adv_data_set
 .text.ull_scan_rsp_set.part.0
                0x000000000000f688       0x84 zephyr/subsys/bluetooth/controller/libsubsys__bluetooth__controller.a(ull_adv.c.obj)
 .text.ll_adv_scan_rsp_set
                0x000000000000f70c       0x18 zephyr/subsys/bluetooth/controller/libsubsys__bluetooth__controller.a(ull_adv.c.obj)
                0x000000000000f70c                ll_adv_scan_rsp_set
 .text.ticker_cb
                0x000000000000f724       0x94 zephyr/subsys/bluetooth/controller/libsubsys__bluetooth__controller.a(ull_scan.c.obj)
 .text.ull_scan_init
                0x000000000000f7b8        0x4 zephyr/subsys/bluetooth/controller/libsubsys__bluetooth__controller.a(ull_scan.c.obj)
                0x000000000000f7b8                ull_scan_init
 .text.ull_scan_disable
                0x000000000000f7bc       0x44 zephyr/subsys/bluetooth/controller/libsubsys__bluetooth__controller.a(ull_scan.c.obj)
                0x000000000000f7bc                ull_scan_disable
 .text.ll_scan_enable
                0x000000000000f800       0xbc zephyr/subsys/bluetooth/controller/libsubsys__bluetooth__controller.a(ull_scan.c.obj)
                0x000000000000f800                ll_scan_enable
 .text.ull_scan_reset
                0x000000000000f8bc       0x3c zephyr/subsys/bluetooth/controller/libsubsys__bluetooth__controller.a(ull_scan.c.obj)
                0x000000000000f8bc                ull_scan_reset
 .text.ull_scan_handle_get
                0x000000000000f8f8       0x18 zephyr/subsys/bluetooth/controller/libsubsys__bluetooth__controller.a(ull_scan.c.obj)
                0x000000000000f8f8                ull_scan_handle_get
 .text.ull_scan_lll_handle_get
                0x000000000000f910       0x1c zephyr/subsys/bluetooth/controller/libsubsys__bluetooth__controller.a(ull_scan.c.obj)
                0x000000000000f910                ull_scan_lll_handle_get
 .text.ull_scan_is_enabled_get
                0x000000000000f92c       0x1c zephyr/subsys/bluetooth/controller/libsubsys__bluetooth__controller.a(ull_scan.c.obj)
                0x000000000000f92c                ull_scan_is_enabled_get
 .text.ull_scan_is_disabled_get
                0x000000000000f948       0x18 zephyr/subsys/bluetooth/controller/libsubsys__bluetooth__controller.a(ull_scan.c.obj)
                0x000000000000f948                ull_scan_is_disabled_get
 .text.ull_scan_is_enabled
                0x000000000000f960       0x30 zephyr/subsys/bluetooth/controller/libsubsys__bluetooth__controller.a(ull_scan.c.obj)
                0x000000000000f960                ull_scan_is_enabled
 .text.ull_scan_filter_pol_get
                0x000000000000f990       0x20 zephyr/subsys/bluetooth/controller/libsubsys__bluetooth__controller.a(ull_scan.c.obj)
                0x000000000000f990                ull_scan_filter_pol_get
 .text.init_reset
                0x000000000000f9b0       0x7c zephyr/subsys/bluetooth/controller/libsubsys__bluetooth__controller.a(ull_conn.c.obj)
 .text.ctrl_tx_pause_enqueue
                0x000000000000fa2c       0xe8 zephyr/subsys/bluetooth/controller/libsubsys__bluetooth__controller.a(ull_conn.c.obj)
 .text.tx_lll_flush
                0x000000000000fb14       0xf4 zephyr/subsys/bluetooth/controller/libsubsys__bluetooth__controller.a(ull_conn.c.obj)
 .text.ctrl_tx_sec_enqueue
                0x000000000000fc08       0x84 zephyr/subsys/bluetooth/controller/libsubsys__bluetooth__controller.a(ull_conn.c.obj)
 .text.ticker_stop_op_cb
                0x000000000000fc8c       0x64 zephyr/subsys/bluetooth/controller/libsubsys__bluetooth__controller.a(ull_conn.c.obj)
 .text.disabled_cb
                0x000000000000fcf0       0x40 zephyr/subsys/bluetooth/controller/libsubsys__bluetooth__controller.a(ull_conn.c.obj)
 .text.conn_disable
                0x000000000000fd30       0x88 zephyr/subsys/bluetooth/controller/libsubsys__bluetooth__controller.a(ull_conn.c.obj)
 .text.conn_setup_adv_scan_disabled_cb
                0x000000000000fdb8       0x18 zephyr/subsys/bluetooth/controller/libsubsys__bluetooth__controller.a(ull_conn.c.obj)
 .text.ticker_start_conn_op_cb
                0x000000000000fdd0       0x58 zephyr/subsys/bluetooth/controller/libsubsys__bluetooth__controller.a(ull_conn.c.obj)
 .text.ticker_stop_conn_op_cb
                0x000000000000fe28       0x58 zephyr/subsys/bluetooth/controller/libsubsys__bluetooth__controller.a(ull_conn.c.obj)
 .text.ticker_update_conn_op_cb
                0x000000000000fe80       0x40 zephyr/subsys/bluetooth/controller/libsubsys__bluetooth__controller.a(ull_conn.c.obj)
 .text.tx_ull_dequeue
                0x000000000000fec0       0x7c zephyr/subsys/bluetooth/controller/libsubsys__bluetooth__controller.a(ull_conn.c.obj)
 .text.feature_rsp_send
                0x000000000000ff3c      0x104 zephyr/subsys/bluetooth/controller/libsubsys__bluetooth__controller.a(ull_conn.c.obj)
 .text.reject_ext_ind_send
                0x0000000000010040       0xd4 zephyr/subsys/bluetooth/controller/libsubsys__bluetooth__controller.a(ull_conn.c.obj)
 .text.event_len_prep
                0x0000000000010114      0x1f0 zephyr/subsys/bluetooth/controller/libsubsys__bluetooth__controller.a(ull_conn.c.obj)
 .text.event_phy_upd_ind_prep
                0x0000000000010304      0x3c0 zephyr/subsys/bluetooth/controller/libsubsys__bluetooth__controller.a(ull_conn.c.obj)
 .text.ll_conn_acquire
                0x00000000000106c4        0xc zephyr/subsys/bluetooth/controller/libsubsys__bluetooth__controller.a(ull_conn.c.obj)
                0x00000000000106c4                ll_conn_acquire
 .text.ll_conn_release
                0x00000000000106d0        0xc zephyr/subsys/bluetooth/controller/libsubsys__bluetooth__controller.a(ull_conn.c.obj)
                0x00000000000106d0                ll_conn_release
 .text.ll_conn_handle_get
                0x00000000000106dc       0x10 zephyr/subsys/bluetooth/controller/libsubsys__bluetooth__controller.a(ull_conn.c.obj)
                0x00000000000106dc                ll_conn_handle_get
 .text.ll_conn_get
                0x00000000000106ec       0x10 zephyr/subsys/bluetooth/controller/libsubsys__bluetooth__controller.a(ull_conn.c.obj)
                0x00000000000106ec                ll_conn_get
 .text.ll_connected_get
                0x00000000000106fc       0x24 zephyr/subsys/bluetooth/controller/libsubsys__bluetooth__controller.a(ull_conn.c.obj)
                0x00000000000106fc                ll_connected_get
 .text.ll_tx_mem_acquire
                0x0000000000010720        0xc zephyr/subsys/bluetooth/controller/libsubsys__bluetooth__controller.a(ull_conn.c.obj)
                0x0000000000010720                ll_tx_mem_acquire
 .text.ll_tx_mem_release
                0x000000000001072c        0xc zephyr/subsys/bluetooth/controller/libsubsys__bluetooth__controller.a(ull_conn.c.obj)
                0x000000000001072c                ll_tx_mem_release
 .text.ll_tx_mem_enqueue
                0x0000000000010738       0x98 zephyr/subsys/bluetooth/controller/libsubsys__bluetooth__controller.a(ull_conn.c.obj)
                0x0000000000010738                ll_tx_mem_enqueue
 .text.ll_conn_update
                0x00000000000107d0      0x128 zephyr/subsys/bluetooth/controller/libsubsys__bluetooth__controller.a(ull_conn.c.obj)
                0x00000000000107d0                ll_conn_update
 .text.ll_chm_get
                0x00000000000108f8       0x40 zephyr/subsys/bluetooth/controller/libsubsys__bluetooth__controller.a(ull_conn.c.obj)
                0x00000000000108f8                ll_chm_get
 .text.ll_terminate_ind_send
                0x0000000000010938       0x94 zephyr/subsys/bluetooth/controller/libsubsys__bluetooth__controller.a(ull_conn.c.obj)
                0x0000000000010938                ll_terminate_ind_send
 .text.ll_feature_req_send
                0x00000000000109cc       0x4c zephyr/subsys/bluetooth/controller/libsubsys__bluetooth__controller.a(ull_conn.c.obj)
                0x00000000000109cc                ll_feature_req_send
 .text.ll_version_ind_send
                0x0000000000010a18       0x4c zephyr/subsys/bluetooth/controller/libsubsys__bluetooth__controller.a(ull_conn.c.obj)
                0x0000000000010a18                ll_version_ind_send
 .text.ll_length_req_send
                0x0000000000010a64       0xa8 zephyr/subsys/bluetooth/controller/libsubsys__bluetooth__controller.a(ull_conn.c.obj)
                0x0000000000010a64                ll_length_req_send
 .text.ll_length_default_get
                0x0000000000010b0c       0x18 zephyr/subsys/bluetooth/controller/libsubsys__bluetooth__controller.a(ull_conn.c.obj)
                0x0000000000010b0c                ll_length_default_get
 .text.ll_length_default_set
                0x0000000000010b24       0x14 zephyr/subsys/bluetooth/controller/libsubsys__bluetooth__controller.a(ull_conn.c.obj)
                0x0000000000010b24                ll_length_default_set
 .text.ll_length_max_get
                0x0000000000010b38       0x18 zephyr/subsys/bluetooth/controller/libsubsys__bluetooth__controller.a(ull_conn.c.obj)
                0x0000000000010b38                ll_length_max_get
 .text.ll_phy_get
                0x0000000000010b50       0x3c zephyr/subsys/bluetooth/controller/libsubsys__bluetooth__controller.a(ull_conn.c.obj)
                0x0000000000010b50                ll_phy_get
 .text.ll_phy_default_set
                0x0000000000010b8c       0x14 zephyr/subsys/bluetooth/controller/libsubsys__bluetooth__controller.a(ull_conn.c.obj)
                0x0000000000010b8c                ll_phy_default_set
 .text.ll_phy_req_send
                0x0000000000010ba0       0xa4 zephyr/subsys/bluetooth/controller/libsubsys__bluetooth__controller.a(ull_conn.c.obj)
                0x0000000000010ba0                ll_phy_req_send
 .text.ll_apto_get
                0x0000000000010c44       0x48 zephyr/subsys/bluetooth/controller/libsubsys__bluetooth__controller.a(ull_conn.c.obj)
                0x0000000000010c44                ll_apto_get
 .text.ll_apto_set
                0x0000000000010c8c       0x44 zephyr/subsys/bluetooth/controller/libsubsys__bluetooth__controller.a(ull_conn.c.obj)
                0x0000000000010c8c                ll_apto_set
 .text.ull_conn_init
                0x0000000000010cd0        0x4 zephyr/subsys/bluetooth/controller/libsubsys__bluetooth__controller.a(ull_conn.c.obj)
                0x0000000000010cd0                ull_conn_init
 .text.ull_conn_reset
                0x0000000000010cd4       0x80 zephyr/subsys/bluetooth/controller/libsubsys__bluetooth__controller.a(ull_conn.c.obj)
                0x0000000000010cd4                ull_conn_reset
 .text.ull_conn_default_tx_octets_get
                0x0000000000010d54        0xc zephyr/subsys/bluetooth/controller/libsubsys__bluetooth__controller.a(ull_conn.c.obj)
                0x0000000000010d54                ull_conn_default_tx_octets_get
 .text.ull_conn_default_tx_time_get
                0x0000000000010d60        0xc zephyr/subsys/bluetooth/controller/libsubsys__bluetooth__controller.a(ull_conn.c.obj)
                0x0000000000010d60                ull_conn_default_tx_time_get
 .text.ull_conn_default_phy_tx_get
                0x0000000000010d6c        0xc zephyr/subsys/bluetooth/controller/libsubsys__bluetooth__controller.a(ull_conn.c.obj)
                0x0000000000010d6c                ull_conn_default_phy_tx_get
 .text.ull_conn_default_phy_rx_get
                0x0000000000010d78        0xc zephyr/subsys/bluetooth/controller/libsubsys__bluetooth__controller.a(ull_conn.c.obj)
                0x0000000000010d78                ull_conn_default_phy_rx_get
 .text.ull_conn_setup
                0x0000000000010d84       0x50 zephyr/subsys/bluetooth/controller/libsubsys__bluetooth__controller.a(ull_conn.c.obj)
                0x0000000000010d84                ull_conn_setup
 .text.ull_conn_rx
                0x0000000000010dd4     0x1914 zephyr/subsys/bluetooth/controller/libsubsys__bluetooth__controller.a(ull_conn.c.obj)
                0x0000000000010dd4                ull_conn_rx
 .text.ull_conn_llcp
                0x00000000000126e8     0x15c0 zephyr/subsys/bluetooth/controller/libsubsys__bluetooth__controller.a(ull_conn.c.obj)
                0x00000000000126e8                ull_conn_llcp
 .text.ull_conn_tx_demux
                0x0000000000013ca8       0xa0 zephyr/subsys/bluetooth/controller/libsubsys__bluetooth__controller.a(ull_conn.c.obj)
                0x0000000000013ca8                ull_conn_tx_demux
 .text.conn_cleanup_finalize
                0x0000000000013d48       0xe4 zephyr/subsys/bluetooth/controller/libsubsys__bluetooth__controller.a(ull_conn.c.obj)
 .text.ull_conn_done
                0x0000000000013e2c      0x3ac zephyr/subsys/bluetooth/controller/libsubsys__bluetooth__controller.a(ull_conn.c.obj)
                0x0000000000013e2c                ull_conn_done
 .text.ull_conn_tx_lll_enqueue
                0x00000000000141d8      0x1ec zephyr/subsys/bluetooth/controller/libsubsys__bluetooth__controller.a(ull_conn.c.obj)
                0x00000000000141d8                ull_conn_tx_lll_enqueue
 .text.tx_demux
                0x00000000000143c4       0x18 zephyr/subsys/bluetooth/controller/libsubsys__bluetooth__controller.a(ull_conn.c.obj)
 .text.ull_conn_link_tx_release
                0x00000000000143dc        0xc zephyr/subsys/bluetooth/controller/libsubsys__bluetooth__controller.a(ull_conn.c.obj)
                0x00000000000143dc                ull_conn_link_tx_release
 .text.ull_conn_ack_last_idx_get
                0x00000000000143e8        0xc zephyr/subsys/bluetooth/controller/libsubsys__bluetooth__controller.a(ull_conn.c.obj)
                0x00000000000143e8                ull_conn_ack_last_idx_get
 .text.ull_conn_ack_peek
                0x00000000000143f4       0x38 zephyr/subsys/bluetooth/controller/libsubsys__bluetooth__controller.a(ull_conn.c.obj)
                0x00000000000143f4                ull_conn_ack_peek
 .text.ull_conn_ack_by_last_peek
                0x000000000001442c       0x34 zephyr/subsys/bluetooth/controller/libsubsys__bluetooth__controller.a(ull_conn.c.obj)
                0x000000000001442c                ull_conn_ack_by_last_peek
 .text.ull_conn_ack_dequeue
                0x0000000000014460       0x2c zephyr/subsys/bluetooth/controller/libsubsys__bluetooth__controller.a(ull_conn.c.obj)
                0x0000000000014460                ull_conn_ack_dequeue
 .text.ull_conn_lll_ack_enqueue
                0x000000000001448c       0x68 zephyr/subsys/bluetooth/controller/libsubsys__bluetooth__controller.a(ull_conn.c.obj)
                0x000000000001448c                ull_conn_lll_ack_enqueue
 .text.ull_conn_tx_ack
                0x00000000000144f4      0x3f4 zephyr/subsys/bluetooth/controller/libsubsys__bluetooth__controller.a(ull_conn.c.obj)
                0x00000000000144f4                ull_conn_tx_ack
 .text.ull_conn_llcp_req
                0x00000000000148e8       0x18 zephyr/subsys/bluetooth/controller/libsubsys__bluetooth__controller.a(ull_conn.c.obj)
                0x00000000000148e8                ull_conn_llcp_req
 .text.ull_conn_lll_max_tx_octets_get
                0x0000000000014900       0x30 zephyr/subsys/bluetooth/controller/libsubsys__bluetooth__controller.a(ull_conn.c.obj)
                0x0000000000014900                ull_conn_lll_max_tx_octets_get
 .text.ull_pdu_data_init
                0x0000000000014930        0x4 zephyr/subsys/bluetooth/controller/libsubsys__bluetooth__controller.a(ull_conn.c.obj)
                0x0000000000014930                ull_pdu_data_init
 .text.ticker_update_latency_cancel_op_cb
                0x0000000000014934       0x48 zephyr/subsys/bluetooth/controller/libsubsys__bluetooth__controller.a(ull_peripheral.c.obj)
 .text.ticker_op_cb
                0x000000000001497c       0x30 zephyr/subsys/bluetooth/controller/libsubsys__bluetooth__controller.a(ull_peripheral.c.obj)
 .text.ticker_op_stop_adv_cb
                0x00000000000149ac       0x3c zephyr/subsys/bluetooth/controller/libsubsys__bluetooth__controller.a(ull_peripheral.c.obj)
 .text.ull_periph_ticker_cb
                0x00000000000149e8       0xb8 zephyr/subsys/bluetooth/controller/libsubsys__bluetooth__controller.a(ull_peripheral.c.obj)
                0x00000000000149e8                ull_periph_ticker_cb
 .text.ull_periph_latency_cancel
                0x0000000000014aa0       0x70 zephyr/subsys/bluetooth/controller/libsubsys__bluetooth__controller.a(ull_peripheral.c.obj)
                0x0000000000014aa0                ull_periph_latency_cancel
 .text.ll_start_enc_req_send
                0x0000000000014b10       0x94 zephyr/subsys/bluetooth/controller/libsubsys__bluetooth__controller.a(ull_peripheral.c.obj)
                0x0000000000014b10                ll_start_enc_req_send
 .text.ticker_op_stop_scan_cb
                0x0000000000014ba4        0x4 zephyr/subsys/bluetooth/controller/libsubsys__bluetooth__controller.a(ull_central.c.obj)
 .text.ticker_op_cb
                0x0000000000014ba8       0x30 zephyr/subsys/bluetooth/controller/libsubsys__bluetooth__controller.a(ull_central.c.obj)
 .text.ull_central_ticker_cb
                0x0000000000014bd8       0xc8 zephyr/subsys/bluetooth/controller/libsubsys__bluetooth__controller.a(ull_central.c.obj)
                0x0000000000014bd8                ull_central_ticker_cb
 .text.ll_connect_disable
                0x0000000000014ca0       0x9c zephyr/subsys/bluetooth/controller/libsubsys__bluetooth__controller.a(ull_central.c.obj)
                0x0000000000014ca0                ll_connect_disable
 .text.ll_enc_req_send
                0x0000000000014d3c       0xf0 zephyr/subsys/bluetooth/controller/libsubsys__bluetooth__controller.a(ull_central.c.obj)
                0x0000000000014d3c                ll_enc_req_send
 .text.ull_central_reset
                0x0000000000014e2c       0x5c zephyr/subsys/bluetooth/controller/libsubsys__bluetooth__controller.a(ull_central.c.obj)
                0x0000000000014e2c                ull_central_reset
 .text.ull_central_cleanup
                0x0000000000014e88       0xa0 zephyr/subsys/bluetooth/controller/libsubsys__bluetooth__controller.a(ull_central.c.obj)
                0x0000000000014e88                ull_central_cleanup
 .text.ull_central_chm_update
                0x0000000000014f28       0x4c zephyr/subsys/bluetooth/controller/libsubsys__bluetooth__controller.a(ull_central.c.obj)
                0x0000000000014f28                ull_central_chm_update
 .text.ticker_op_cb
                0x0000000000014f74        0x4 zephyr/subsys/bluetooth/controller/libsubsys__bluetooth__controller.a(ull_sched.c.obj)
 .text.win_offset_calc.constprop.0
                0x0000000000014f78      0x2a0 zephyr/subsys/bluetooth/controller/libsubsys__bluetooth__controller.a(ull_sched.c.obj)
 .text.ull_sched_mfy_after_mstr_offset_get
                0x0000000000015218       0x14 zephyr/subsys/bluetooth/controller/libsubsys__bluetooth__controller.a(ull_sched.c.obj)
                0x0000000000015218                ull_sched_mfy_after_mstr_offset_get
 .text.ull_sched_mfy_win_offset_use
                0x000000000001522c       0x40 zephyr/subsys/bluetooth/controller/libsubsys__bluetooth__controller.a(ull_sched.c.obj)
                0x000000000001522c                ull_sched_mfy_win_offset_use
 .text.ull_sched_mfy_free_win_offset_calc