Archive member included to satisfy reference by file (symbol)

app/libapp.a(main.c.obj)      (--whole-archive)
app/libapp.a(ahu_led.c.obj)   (--whole-archive)
app/libapp.a(ahu_ble.c.obj)   (--whole-archive)
zephyr/libzephyr.a(cbprintf.c.obj)
                              (--whole-archive)
zephyr/libzephyr.a(cbprintf_packaged.c.obj)
                              (--whole-archive)
zephyr/libzephyr.a(crc32c_sw.c.obj)
                              (--whole-archive)
zephyr/libzephyr.a(crc32_sw.c.obj)
                              (--whole-archive)
zephyr/libzephyr.a(crc16_sw.c.obj)
                              (--whole-archive)
zephyr/libzephyr.a(crc8_sw.c.obj)
                              (--whole-archive)
zephyr/libzephyr.a(crc7_sw.c.obj)
                              (--whole-archive)
zephyr/libzephyr.a(dec.c.obj)
                              (--whole-archive)
zephyr/libzephyr.a(fdtable.c.obj)
                              (--whole-archive)
zephyr/libzephyr.a(hex.c.obj)
                              (--whole-archive)
zephyr/libzephyr.a(notify.c.obj)
                              (--whole-archive)
zephyr/libzephyr.a(printk.c.obj)
                              (--whole-archive)
zephyr/libzephyr.a(onoff.c.obj)
                              (--whole-archive)
zephyr/libzephyr.a(rb.c.obj)  (--whole-archive)
zephyr/libzephyr.a(sem.c.obj)
                              (--whole-archive)
zephyr/libzephyr.a(thread_entry.c.obj)
                              (--whole-archive)
zephyr/libzephyr.a(timeutil.c.obj)
                              (--whole-archive)
zephyr/libzephyr.a(heap.c.obj)
                              (--whole-archive)
zephyr/libzephyr.a(heap-validate.c.obj)
                              (--whole-archive)
zephyr/libzephyr.a(bitarray.c.obj)
                              (--whole-archive)
zephyr/libzephyr.a(multi_heap.c.obj)
                              (--whole-archive)
zephyr/libzephyr.a(cbprintf_complete.c.obj)
                              (--whole-archive)
zephyr/libzephyr.a(ring_buffer.c.obj)
                              (--whole-archive)
zephyr/libzephyr.a(mpsc_pbuf.c.obj)
                              (--whole-archive)
zephyr/libzephyr.a(configs.c.obj)
                              (--whole-archive)
zephyr/libzephyr.a(soc_nrf_common.S.obj)
                              (--whole-archive)
zephyr/libzephyr.a(validate_base_addresses.c.obj)
                              (--whole-archive)
zephyr/libzephyr.a(validate_enabled_instances.c.obj)
                              (--whole-archive)
zephyr/libzephyr.a(log_list.c.obj)
                              (--whole-archive)
zephyr/libzephyr.a(log_core.c.obj)
                              (--whole-archive)
zephyr/libzephyr.a(log_mgmt.c.obj)
                              (--whole-archive)
zephyr/libzephyr.a(log_msg.c.obj)
                              (--whole-archive)
zephyr/libzephyr.a(log_output.c.obj)
                              (--whole-archive)
zephyr/libzephyr.a(log_msg2.c.obj)
                              (--whole-archive)
zephyr/libzephyr.a(log_backend_uart.c.obj)
                              (--whole-archive)
zephyr/libzephyr.a(dis.c.obj)
                              (--whole-archive)
zephyr/libzephyr.a(addr_utils.c.obj)
                              (--whole-archive)
zephyr/libzephyr.a(usb_device.c.obj)
                              (--whole-archive)
zephyr/libzephyr.a(usb_descriptor.c.obj)
                              (--whole-archive)
zephyr/libzephyr.a(usb_transfer.c.obj)
                              (--whole-archive)
zephyr/libzephyr.a(cdc_acm.c.obj)
                              (--whole-archive)
zephyr/libzephyr.a(usb_work_q.c.obj)
                              (--whole-archive)
zephyr/libzephyr.a(pm.c.obj)  (--whole-archive)
zephyr/libzephyr.a(constraint.c.obj)
                              (--whole-archive)
zephyr/libzephyr.a(state.c.obj)
                              (--whole-archive)
zephyr/libzephyr.a(residency.c.obj)
                              (--whole-archive)
zephyr/libzephyr.a(tracing_none.c.obj)
                              (--whole-archive)
zephyr/libzephyr.a(utils.c.obj)
                              (--whole-archive)
zephyr/libzephyr.a(ecc_dh.c.obj)
                              (--whole-archive)
zephyr/libzephyr.a(ecc.c.obj)
                              (--whole-archive)
zephyr/libzephyr.a(aes_decrypt.c.obj)
                              (--whole-archive)
zephyr/libzephyr.a(aes_encrypt.c.obj)
                              (--whole-archive)
zephyr/libzephyr.a(cmac_mode.c.obj)
                              (--whole-archive)
zephyr/arch/common/libarch__common.a(sw_isr_common.c.obj)
                              (--whole-archive)
zephyr/arch/arch/arm/core/aarch32/libarch__arm__core__aarch32.a(cpu_idle.S.obj)
                              (--whole-archive)
zephyr/arch/arch/arm/core/aarch32/libarch__arm__core__aarch32.a(fatal.c.obj)
                              (--whole-archive)
[...]
Memory Configuration

Name             Origin             Length             Attributes
FLASH            0x0000000000001000 0x00000000000ff000 xr
SRAM             0x0000000020000000 0x0000000000040000 xw
IDT_LIST         0x00000000fffff7ff 0x0000000000000800 xw
*default*        0x0000000000000000 0xffffffffffffffff

Linker script and memory map

LOAD zephyr/CMakeFiles/zephyr_pre0.dir/misc/empty_file.c.obj
LOAD zephyr/CMakeFiles/offsets.dir/./arch/arm/core/offsets/offsets.c.obj
                0x0000000000000020                _region_min_align = 0x20

.rel.plt        0x0000000000001000        0x0
 *(SORT_BY_ALIGNMENT(.rel.plt))
                [!provide]                        PROVIDE (__rel_iplt_start = .)
 *(SORT_BY_ALIGNMENT(.rel.iplt))
 .rel.iplt      0x0000000000001000        0x0 app/libapp.a(main.c.obj)
                [!provide]                        PROVIDE (__rel_iplt_end = .)

.rela.plt       0x0000000000000000        0x0
 *(SORT_BY_ALIGNMENT(.rela.plt))
                [!provide]                        PROVIDE (__rela_iplt_start = .)
 *(SORT_BY_ALIGNMENT(.rela.iplt))
                [!provide]                        PROVIDE (__rela_iplt_end = .)

.rel.dyn
 *(SORT_BY_ALIGNMENT(.rel.*))

.rela.dyn
 *(SORT_BY_ALIGNMENT(.rela.*))

/DISCARD/
 *(SORT_BY_ALIGNMENT(.plt))

/DISCARD/
 *(SORT_BY_ALIGNMENT(.iplt))
                0x0000000000001000                __rom_region_start = 0x1000

rom_start       0x0000000000001000      0x100
                0x0000000000000000                . = 0x0
                0x0000000000000000                . = ALIGN (0x4)
                0x0000000000000000                . = ALIGN (0x80)
                0x0000000000000000                . = ALIGN (0x100)
                0x0000000000001000                _vector_start = .
 *(SORT_BY_ALIGNMENT(.exc_vector_table))
 *(SORT_BY_ALIGNMENT(.exc_vector_table.*))
 .exc_vector_table._vector_table_section
                0x0000000000001000       0x40 zephyr/arch/arch/arm/core/aarch32/cortex_m/libarch__arm__core__aarch32__cortex_m.a(vector_table.S.obj)
                0x0000000000001000                _vector_table
 *(SORT_BY_ALIGNMENT(.gnu.linkonce.irq_vector_table*))
 .gnu.linkonce.irq_vector_table
                0x0000000000001040       0xc0 zephyr/arch/common/libisr_tables.a(isr_tables.c.obj)
                0x0000000000001040                _irq_vector_table
 *(SORT_BY_ALIGNMENT(.vectors))
                0x0000000000001100                _vector_end = .

text            0x0000000000001100    0x27468
                0x0000000000001100                __text_region_start = .
 *(SORT_BY_ALIGNMENT(.text))
 .text          0x0000000000001100       0x30 /Users/rward/Downloads/gcc-arm-none-eabi-10.3-2021.10/bin/../lib/gcc/arm-none-eabi/10.3.1/thumb/v7e-m/nofp/libgcc.a(_aeabi_uldivmod.o)
                0x0000000000001100                __aeabi_uldivmod
 .text          0x0000000000001130      0x2d0 /Users/rward/Downloads/gcc-arm-none-eabi-10.3-2021.10/bin/../lib/gcc/arm-none-eabi/10.3.1/thumb/v7e-m/nofp/libgcc.a(_udivmoddi4.o)
                0x0000000000001130                __udivmoddi4
 .text          0x0000000000001400        0x4 /Users/rward/Downloads/gcc-arm-none-eabi-10.3-2021.10/bin/../lib/gcc/arm-none-eabi/10.3.1/thumb/v7e-m/nofp/libgcc.a(_dvmd_tls.o)
                0x0000000000001400                __aeabi_ldiv0
                0x0000000000001400                __aeabi_idiv0
 *(SORT_BY_ALIGNMENT(.text.*))
 *fill*         0x0000000000001404        0x4 
 .text.bt_init  0x0000000000001408      0x478 zephyr/subsys/bluetooth/host/libsubsys__bluetooth__host.a(hci_core.c.obj)
 .text.ll_scan_params_set
                0x0000000000001880       0x70 zephyr/subsys/bluetooth/controller/libsubsys__bluetooth__controller.a(ull_scan.c.obj)
                0x0000000000001880                ll_scan_params_set
 .text.ull_scan_params_set
                0x00000000000018f0       0x54 zephyr/subsys/bluetooth/controller/libsubsys__bluetooth__controller.a(ull_scan.c.obj)
                0x00000000000018f0                ull_scan_params_set
 *fill*         0x0000000000001944        0x4 
 .text.ull_scan_enable
                0x0000000000001948      0x168 zephyr/subsys/bluetooth/controller/libsubsys__bluetooth__controller.a(ull_scan.c.obj)
                0x0000000000001948                ull_scan_enable
 .text.ull_conn_llcp
                0x0000000000001ab0     0x1ab4 zephyr/subsys/bluetooth/controller/libsubsys__bluetooth__controller.a(ull_conn.c.obj)
                0x0000000000001ab0                ull_conn_llcp
 *fill*         0x0000000000003564        0x4 
 .text.ll_create_connection
                0x0000000000003568      0x470 zephyr/subsys/bluetooth/controller/libsubsys__bluetooth__controller.a(ull_central.c.obj)
                0x0000000000003568                ll_create_connection
 .text.ull_central_setup
                0x00000000000039d8      0x290 zephyr/subsys/bluetooth/controller/libsubsys__bluetooth__controller.a(ull_central.c.obj)
                0x00000000000039d8                ull_central_setup
 .text.ull_sched_after_mstr_slot_get
                0x0000000000003c68      0x12c zephyr/subsys/bluetooth/controller/libsubsys__bluetooth__controller.a(ull_sched.c.obj)
                0x0000000000003c68                ull_sched_after_mstr_slot_get
 *fill*         0x0000000000003d94        0x4 
 .text.after_mstr_offset_get
                0x0000000000003d98       0x94 zephyr/subsys/bluetooth/controller/libsubsys__bluetooth__controller.a(ull_sched.c.obj)
 *fill*         0x0000000000003e2c        0x4 
 .text.ull_sched_mfy_win_offset_select
                0x0000000000003e30      0x124 zephyr/subsys/bluetooth/controller/libsubsys__bluetooth__controller.a(ull_sched.c.obj)
                0x0000000000003e30                ull_sched_mfy_win_offset_select
 *fill*         0x0000000000003f54        0x4 
 .text.isr_window
                0x0000000000003f58       0x9c zephyr/subsys/bluetooth/controller/libsubsys__bluetooth__controller.a(lll_scan.c.obj)
 *fill*         0x0000000000003ff4        0x4 
 .text.isr_rx   0x0000000000003ff8      0x538 zephyr/subsys/bluetooth/controller/libsubsys__bluetooth__controller.a(lll_scan.c.obj)
 .text.blinky_thread
                0x0000000000004530       0x40 app/libapp.a(ahu_led.c.obj)
                0x0000000000004530                blinky_thread
 .text.device_found
                0x0000000000004570       0x1c app/libapp.a(ahu_ble.c.obj)
 .text.read_bpm_spo2
                0x000000000000458c       0x14 app/libapp.a(ahu_ble.c.obj)
                0x000000000000458c                read_bpm_spo2
 .text.discover_func
                0x00000000000045a0       0xe4 app/libapp.a(ahu_ble.c.obj)
 .text.start_scan
                0x0000000000004684       0x54 app/libapp.a(ahu_ble.c.obj)
 .text.bt_addr_le_to_str.constprop.0.isra.0
                0x00000000000046d8       0x78 app/libapp.a(ahu_ble.c.obj)
 .text.disconnected
                0x0000000000004750       0x60 app/libapp.a(ahu_ble.c.obj)
 .text.connected
                0x00000000000047b0       0xbc app/libapp.a(ahu_ble.c.obj)
 .text.parse_device.part.0
                0x000000000000486c       0xb4 app/libapp.a(ahu_ble.c.obj)
 .text.parse_device
                0x0000000000004920       0x4c app/libapp.a(ahu_ble.c.obj)
 .text.thread_ble_entry
                0x000000000000496c       0x48 app/libapp.a(ahu_ble.c.obj)
                0x000000000000496c                thread_ble_entry
 .text.thread_base_read
                0x00000000000049b4       0x4c app/libapp.a(ahu_ble.c.obj)
                0x00000000000049b4                thread_base_read
 .text.cbvprintf_package
                0x0000000000004a00      0x410 zephyr/libzephyr.a(cbprintf_packaged.c.obj)
                0x0000000000004a00                cbvprintf_package
 .text.__printk_hook_install
                0x0000000000004e10        0xc zephyr/libzephyr.a(printk.c.obj)
                0x0000000000004e10                __printk_hook_install
 .text.vsnprintk
                0x0000000000004e1c       0x28 zephyr/libzephyr.a(printk.c.obj)
                0x0000000000004e1c                vsnprintk
 .text.process_event
                0x0000000000004e44      0x1c0 zephyr/libzephyr.a(onoff.c.obj)
 .text.cbvprintf
                0x0000000000005004      0xd08 zephyr/libzephyr.a(cbprintf_complete.c.obj)
                0x0000000000005004                cbvprintf
 .text.enable_logger
                0x0000000000005d0c       0x5c zephyr/libzephyr.a(log_core.c.obj)
 .text.log_process_thread_timer_expiry_fn
                0x0000000000005d68        0xc zephyr/libzephyr.a(log_core.c.obj)
 .text.log_init
                0x0000000000005d74       0x58 zephyr/libzephyr.a(log_core.c.obj)
                0x0000000000005d74                log_init
 .text.z_log_notify_backend_enabled
                0x0000000000005dcc       0x1c zephyr/libzephyr.a(log_core.c.obj)
                0x0000000000005dcc                z_log_notify_backend_enabled
 .text.z_log_dropped
                0x0000000000005de8       0x3c zephyr/libzephyr.a(log_core.c.obj)
                0x0000000000005de8                z_log_dropped
 .text.z_log_dropped_read_and_clear
                0x0000000000005e24       0x20 zephyr/libzephyr.a(log_core.c.obj)
                0x0000000000005e24                z_log_dropped_read_and_clear
 .text.dropped_notify
                0x0000000000005e44       0x38 zephyr/libzephyr.a(log_core.c.obj)
                0x0000000000005e44                dropped_notify
 .text.z_log_msg2_init
                0x0000000000005e7c       0x10 zephyr/libzephyr.a(log_core.c.obj)
                0x0000000000005e7c                z_log_msg2_init
 .text.log_core_init
                0x0000000000005e8c       0x34 zephyr/libzephyr.a(log_core.c.obj)
                0x0000000000005e8c                log_core_init
 .text.z_log_msg2_alloc
                0x0000000000005ec0       0x10 zephyr/libzephyr.a(log_core.c.obj)
                0x0000000000005ec0                z_log_msg2_alloc
 .text.z_log_msg2_claim
                0x0000000000005ed0        0xc zephyr/libzephyr.a(log_core.c.obj)
                0x0000000000005ed0                z_log_msg2_claim
 .text.z_log_msg2_free
                0x0000000000005edc        0xc zephyr/libzephyr.a(log_core.c.obj)
                0x0000000000005edc                z_log_msg2_free
 .text.z_log_msg2_pending
                0x0000000000005ee8        0xc zephyr/libzephyr.a(log_core.c.obj)
                0x0000000000005ee8                z_log_msg2_pending
 .text.z_impl_log_process
                0x0000000000005ef4       0x8c zephyr/libzephyr.a(log_core.c.obj)
                0x0000000000005ef4                z_impl_log_process
 .text.log_process_thread_func
                0x0000000000005f80       0x48 zephyr/libzephyr.a(log_core.c.obj)
 .text.z_log_msg_post_finalize
                0x0000000000005fc8       0x8c zephyr/libzephyr.a(log_core.c.obj)
 .text.z_log_msg2_commit
                0x0000000000006054       0x24 zephyr/libzephyr.a(log_core.c.obj)
                0x0000000000006054                z_log_msg2_commit
 .text.z_impl_log_panic
                0x0000000000006078       0x48 zephyr/libzephyr.a(log_core.c.obj)
                0x0000000000006078                z_impl_log_panic
 .text.log_source_name_get
                0x00000000000060c0       0x1c zephyr/libzephyr.a(log_mgmt.c.obj)
                0x00000000000060c0                log_source_name_get
 .text.log_backend_enable
                0x00000000000060dc       0x1c zephyr/libzephyr.a(log_mgmt.c.obj)
                0x00000000000060dc                log_backend_enable
 .text.print_formatted
                0x00000000000060f8       0x24 zephyr/libzephyr.a(log_output.c.obj)
 .text.hexdump_line_print
                0x000000000000611c       0xdc zephyr/libzephyr.a(log_output.c.obj)
 .text.prefix_print
                0x00000000000061f8      0x148 zephyr/libzephyr.a(log_output.c.obj)
 .text.postfix_print
                0x0000000000006340       0x3c zephyr/libzephyr.a(log_output.c.obj)
 .text.log_output_msg2_process
                0x000000000000637c       0xc8 zephyr/libzephyr.a(log_output.c.obj)
                0x000000000000637c                log_output_msg2_process
 .text.log_output_dropped_process
                0x0000000000006444       0x58 zephyr/libzephyr.a(log_output.c.obj)
                0x0000000000006444                log_output_dropped_process
 .text.log_output_timestamp_freq_set
                0x000000000000649c       0x30 zephyr/libzephyr.a(log_output.c.obj)
                0x000000000000649c                log_output_timestamp_freq_set
 .text.z_impl_z_log_msg2_runtime_vcreate
                0x00000000000064cc       0x98 zephyr/libzephyr.a(log_msg2.c.obj)
                0x00000000000064cc                z_impl_z_log_msg2_runtime_vcreate
 .text.char_out
                0x0000000000006564       0x24 zephyr/libzephyr.a(log_backend_uart.c.obj)
 .text.log_backend_uart_init
                0x0000000000006588       0x10 zephyr/libzephyr.a(log_backend_uart.c.obj)
 .text.panic    0x0000000000006598       0x14 zephyr/libzephyr.a(log_backend_uart.c.obj)
 .text.dropped  0x00000000000065ac        0xc zephyr/libzephyr.a(log_backend_uart.c.obj)
 .text.process  0x00000000000065b8        0xc zephyr/libzephyr.a(log_backend_uart.c.obj)
 .text.read_pnp_id
                0x00000000000065c4       0x1c zephyr/libzephyr.a(dis.c.obj)
 .text.class_handler
                0x00000000000065e0       0x40 zephyr/libzephyr.a(usb_device.c.obj)
 .text.custom_handler
                0x0000000000006620       0x60 zephyr/libzephyr.a(usb_device.c.obj)
 .text.vendor_handler
                0x0000000000006680       0x3c zephyr/libzephyr.a(usb_device.c.obj)
 .text.usb_reset_alt_setting
                0x00000000000066bc       0x10 zephyr/libzephyr.a(usb_device.c.obj)
 .text.is_ep_valid.part.0
                0x00000000000066cc       0x38 zephyr/libzephyr.a(usb_device.c.obj)
 .text.usb_handle_request.constprop.0
                0x0000000000006704       0x2c zephyr/libzephyr.a(usb_device.c.obj)
 .text.set_endpoint
                0x0000000000006730       0xc4 zephyr/libzephyr.a(usb_device.c.obj)
 .text.forward_status_cb
                0x00000000000067f4       0x9c zephyr/libzephyr.a(usb_device.c.obj)
 .text.usb_halt_endpoint_req.isra.0
                0x0000000000006890       0x98 zephyr/libzephyr.a(usb_device.c.obj)
 .text.usb_handle_standard_request
                0x0000000000006928      0x354 zephyr/libzephyr.a(usb_device.c.obj)
 .text.usb_write
                0x0000000000006c7c       0x60 zephyr/libzephyr.a(usb_device.c.obj)
                0x0000000000006c7c                usb_write
 .text.usb_data_to_host
                0x0000000000006cdc       0x54 zephyr/libzephyr.a(usb_device.c.obj)
 .text.usb_handle_control_transfer
                0x0000000000006d30      0x110 zephyr/libzephyr.a(usb_device.c.obj)
 .text.usb_set_config
                0x0000000000006e40       0x2c zephyr/libzephyr.a(usb_device.c.obj)
                0x0000000000006e40                usb_set_config
 .text.usb_device_init
                0x0000000000006e6c       0x4c zephyr/libzephyr.a(usb_device.c.obj)
 .text.usb_enable
                0x0000000000006eb8      0x114 zephyr/libzephyr.a(usb_device.c.obj)
                0x0000000000006eb8                usb_enable
 .text.usb_update_sn_string_descriptor
                0x0000000000006fcc       0x88 zephyr/libzephyr.a(usb_descriptor.c.obj)
                0x0000000000006fcc                usb_update_sn_string_descriptor
 .text.usb_fix_descriptor
                0x0000000000007054      0x224 zephyr/libzephyr.a(usb_descriptor.c.obj)
 .text.usb_get_device_descriptor
                0x0000000000007278       0x3c zephyr/libzephyr.a(usb_descriptor.c.obj)
                0x0000000000007278                usb_get_device_descriptor
 .text.usb_ep_get_transfer
                0x00000000000072b4       0x2c zephyr/libzephyr.a(usb_transfer.c.obj)
 .text.usb_transfer_work
                0x00000000000072e0      0x168 zephyr/libzephyr.a(usb_transfer.c.obj)
 .text.usb_transfer_ep_callback
                0x0000000000007448       0x78 zephyr/libzephyr.a(usb_transfer.c.obj)
                0x0000000000007448                usb_transfer_ep_callback
 .text.usb_transfer
                0x00000000000074c0      0x138 zephyr/libzephyr.a(usb_transfer.c.obj)
                0x00000000000074c0                usb_transfer
 .text.usb_cancel_transfer
                0x00000000000075f8       0x3c zephyr/libzephyr.a(usb_transfer.c.obj)
                0x00000000000075f8                usb_cancel_transfer
 .text.usb_cancel_transfers
                0x0000000000007634       0x50 zephyr/libzephyr.a(usb_transfer.c.obj)
                0x0000000000007634                usb_cancel_transfers
 .text.usb_transfer_init
                0x0000000000007684       0x34 zephyr/libzephyr.a(usb_transfer.c.obj)
                0x0000000000007684                usb_transfer_init
 .text.cdc_acm_irq_rx_enable
                0x00000000000076b8       0x20 zephyr/libzephyr.a(cdc_acm.c.obj)
 .text.cdc_acm_irq_tx_enable
                0x00000000000076d8       0x20 zephyr/libzephyr.a(cdc_acm.c.obj)
 .text.cdc_acm_reset_port
                0x00000000000076f8       0x34 zephyr/libzephyr.a(cdc_acm.c.obj)
 .text.cdc_acm_write_cb
                0x000000000000772c       0x3c zephyr/libzephyr.a(cdc_acm.c.obj)
 .text.tx_work_handler
                0x0000000000007768       0x54 zephyr/libzephyr.a(cdc_acm.c.obj)
 .text.cdc_acm_poll_out
                0x00000000000077bc       0xa8 zephyr/libzephyr.a(cdc_acm.c.obj)
 .text.cdc_acm_read_cb
                0x0000000000007864       0x78 zephyr/libzephyr.a(cdc_acm.c.obj)
 .text.cdc_acm_dev_status_cb
                0x00000000000078dc      0x16c zephyr/libzephyr.a(cdc_acm.c.obj)
 .text.cdc_acm_fifo_fill
                0x0000000000007a48       0x7c zephyr/libzephyr.a(cdc_acm.c.obj)
 .text.cdc_acm_int_in
                0x0000000000007ac4       0x40 zephyr/libzephyr.a(cdc_acm.c.obj)
 .text.cdc_acm_class_handle_req
                0x0000000000007b04       0x80 zephyr/libzephyr.a(cdc_acm.c.obj)
                0x0000000000007b04                cdc_acm_class_handle_req
 .text.cdc_acm_init
                0x0000000000007b84       0x48 zephyr/libzephyr.a(cdc_acm.c.obj)
 .text.cdc_acm_send_notification.isra.0
                0x0000000000007bcc       0x54 zephyr/libzephyr.a(cdc_acm.c.obj)
 .text.z_usb_work_q_init
                0x0000000000007c20       0x34 zephyr/libzephyr.a(usb_work_q.c.obj)
 .text.pm_state_notify
                0x0000000000007c54       0x5c zephyr/libzephyr.a(pm.c.obj)
 .text.atomic_clear_bit.constprop.0
                0x0000000000007cb0       0x30 zephyr/libzephyr.a(pm.c.obj)
 .text.pm_system_resume
                0x0000000000007ce0       0x88 zephyr/libzephyr.a(pm.c.obj)
                0x0000000000007ce0                pm_system_resume
 .text.pm_system_suspend
                0x0000000000007d68       0xf8 zephyr/libzephyr.a(pm.c.obj)
                0x0000000000007d68                pm_system_suspend
 .text.pm_constraint_get
                0x0000000000007e60       0x1c zephyr/libzephyr.a(constraint.c.obj)
                0x0000000000007e60                pm_constraint_get
 .text.pm_state_cpu_get_all
                0x0000000000007e7c       0x10 zephyr/libzephyr.a(state.c.obj)
                0x0000000000007e7c                pm_state_cpu_get_all
 .text.pm_policy_next_state
                0x0000000000007e8c       0x8c zephyr/libzephyr.a(residency.c.obj)
                0x0000000000007e8c                pm_policy_next_state
 .text.uECC_get_rng
                0x0000000000007f18        0xc zephyr/libzephyr.a(ecc.c.obj)
                0x0000000000007f18                uECC_get_rng
 .text.vli_mmod_fast_secp256r1
                0x0000000000007f24      0x188 zephyr/libzephyr.a(ecc.c.obj)
                0x0000000000007f24                vli_mmod_fast_secp256r1
 .text.sub_bytes
                0x00000000000080ac       0x18 zephyr/libzephyr.a(aes_encrypt.c.obj)
 .text.tc_aes128_set_encrypt_key
                0x00000000000080c4       0xa4 zephyr/libzephyr.a(aes_encrypt.c.obj)
                0x00000000000080c4                tc_aes128_set_encrypt_key
 .text.z_arm_cpu_idle_init
                0x0000000000008168        0xc zephyr/arch/arch/arm/core/aarch32/libarch__arm__core__aarch32.a(cpu_idle.S.obj)
                0x0000000000008168                z_arm_cpu_idle_init
 .text.arch_cpu_idle
                0x0000000000008174       0x1c zephyr/arch/arch/arm/core/aarch32/libarch__arm__core__aarch32.a(cpu_idle.S.obj)
                0x0000000000008174                arch_cpu_idle
 .text.arch_cpu_atomic_idle
                0x0000000000008190       0x14 zephyr/arch/arch/arm/core/aarch32/libarch__arm__core__aarch32.a(cpu_idle.S.obj)
                0x0000000000008190                arch_cpu_atomic_idle
 .text.z_arm_fatal_error
                0x00000000000081a4       0xcc zephyr/arch/arch/arm/core/aarch32/libarch__arm__core__aarch32.a(fatal.c.obj)
                0x00000000000081a4                z_arm_fatal_error
 .text.arch_irq_enable
                0x0000000000008270       0x20 zephyr/arch/arch/arm/core/aarch32/libarch__arm__core__aarch32.a(irq_manage.c.obj)
                0x0000000000008270                arch_irq_enable
 .text.arch_irq_disable
                0x0000000000008290       0x28 zephyr/arch/arch/arm/core/aarch32/libarch__arm__core__aarch32.a(irq_manage.c.obj)
                0x0000000000008290                arch_irq_disable
 .text.arch_irq_is_enabled
                0x00000000000082b8       0x1c zephyr/arch/arch/arm/core/aarch32/libarch__arm__core__aarch32.a(irq_manage.c.obj)
                0x00000000000082b8                arch_irq_is_enabled
 .text.z_arm_irq_priority_set
                0x00000000000082d4       0x30 zephyr/arch/arch/arm/core/aarch32/libarch__arm__core__aarch32.a(irq_manage.c.obj)
                0x00000000000082d4                z_arm_irq_priority_set
 .text._arch_isr_direct_pm
                0x0000000000008304       0x1c zephyr/arch/arch/arm/core/aarch32/libarch__arm__core__aarch32.a(irq_manage.c.obj)
                0x0000000000008304                _arch_isr_direct_pm
 .text.z_SysNmiOnReset
                0x0000000000008320        0x8 zephyr/arch/arch/arm/core/aarch32/libarch__arm__core__aarch32.a(nmi_on_reset.S.obj)
                0x0000000000008320                z_SysNmiOnReset
 .text.z_arm_prep_c
                0x0000000000008328       0x48 zephyr/arch/arch/arm/core/aarch32/libarch__arm__core__aarch32.a(prep_c.c.obj)
                0x0000000000008328                z_arm_prep_c
 .text.arch_swap
                0x0000000000008370       0x34 zephyr/arch/arch/arm/core/aarch32/libarch__arm__core__aarch32.a(swap.c.obj)
                0x0000000000008370                arch_swap
 .text.z_arm_pendsv
                0x00000000000083a4       0x54 zephyr/arch/arch/arm/core/aarch32/libarch__arm__core__aarch32.a(swap_helper.S.obj)
                0x00000000000083a4                z_arm_pendsv
 .text.z_arm_svc
                0x00000000000083f8       0x20 zephyr/arch/arch/arm/core/aarch32/libarch__arm__core__aarch32.a(swap_helper.S.obj)
                0x00000000000083f8                z_arm_svc
 .text.arch_new_thread
                0x0000000000008418       0x38 zephyr/arch/arch/arm/core/aarch32/libarch__arm__core__aarch32.a(thread.c.obj)
                0x0000000000008418                arch_new_thread
 .text.z_check_thread_stack_fail
                0x0000000000008450       0x2c zephyr/arch/arch/arm/core/aarch32/libarch__arm__core__aarch32.a(thread.c.obj)
                0x0000000000008450                z_check_thread_stack_fail
 .text.arch_switch_to_main_thread
                0x000000000000847c       0x2c zephyr/arch/arch/arm/core/aarch32/libarch__arm__core__aarch32.a(thread.c.obj)
                0x000000000000847c                arch_switch_to_main_thread
 .text._isr_wrapper
                0x00000000000084a8       0x40 zephyr/arch/arch/arm/core/aarch32/libarch__arm__core__aarch32.a(isr_wrapper.S.obj)
                0x00000000000084a8                _isr_wrapper
 .text._HandlerModeExit
                0x00000000000084e8       0x1c zephyr/arch/arch/arm/core/aarch32/cortex_m/libarch__arm__core__aarch32__cortex_m.a(exc_exit.S.obj)
                0x00000000000084e8                z_arm_exc_exit
                0x00000000000084e8                z_arm_int_exit
 .text.bus_fault.constprop.0
                0x0000000000008504      0x120 zephyr/arch/arch/arm/core/aarch32/cortex_m/libarch__arm__core__aarch32__cortex_m.a(fault.c.obj)
 .text.usage_fault.constprop.0
                0x0000000000008624      0x104 zephyr/arch/arch/arm/core/aarch32/cortex_m/libarch__arm__core__aarch32__cortex_m.a(fault.c.obj)
 .text.mem_manage_fault
                0x0000000000008728      0x14c zephyr/arch/arch/arm/core/aarch32/cortex_m/libarch__arm__core__aarch32__cortex_m.a(fault.c.obj)
 .text.z_log_msg2_runtime_create.constprop.0
                0x0000000000008874       0x24 zephyr/arch/arch/arm/core/aarch32/cortex_m/libarch__arm__core__aarch32__cortex_m.a(fault.c.obj)
 .text.z_arm_fault
                0x0000000000008898      0x1f8 zephyr/arch/arch/arm/core/aarch32/cortex_m/libarch__arm__core__aarch32__cortex_m.a(fault.c.obj)
                0x0000000000008898                z_arm_fault
 .text.z_arm_fault_init
                0x0000000000008a90       0x10 zephyr/arch/arch/arm/core/aarch32/cortex_m/libarch__arm__core__aarch32__cortex_m.a(fault.c.obj)
                0x0000000000008a90                z_arm_fault_init
 .text.__fault  0x0000000000008aa0       0x14 zephyr/arch/arch/arm/core/aarch32/cortex_m/libarch__arm__core__aarch32__cortex_m.a(fault_s.S.obj)
                0x0000000000008aa0                z_arm_bus_fault
                0x0000000000008aa0                z_arm_usage_fault
                0x0000000000008aa0                z_arm_mpu_fault
                0x0000000000008aa0                z_arm_exc_spurious
                0x0000000000008aa0                z_arm_debug_monitor
                0x0000000000008aa0                z_arm_hard_fault
 .text.z_arm_interrupt_init
                0x0000000000008ab4       0x18 zephyr/arch/arch/arm/core/aarch32/cortex_m/libarch__arm__core__aarch32__cortex_m.a(irq_init.c.obj)
                0x0000000000008ab4                z_arm_interrupt_init
 .text._reset_section
                0x0000000000008acc       0x30 zephyr/arch/arch/arm/core/aarch32/cortex_m/libarch__arm__core__aarch32__cortex_m.a(reset.S.obj)
                0x0000000000008acc                z_arm_reset
                0x0000000000008acc                __start
 .text.z_impl_k_thread_abort
                0x0000000000008afc       0x24 zephyr/arch/arch/arm/core/aarch32/cortex_m/libarch__arm__core__aarch32__cortex_m.a(thread_abort.c.obj)
                0x0000000000008afc                z_impl_k_thread_abort
 .text.z_arm_configure_static_mpu_regions
                0x0000000000008b20       0x18 zephyr/arch/arch/arm/core/aarch32/mpu/libarch__arm__core__aarch32__mpu.a(arm_core_mpu.c.obj)
                0x0000000000008b20                z_arm_configure_static_mpu_regions
 .text.z_arm_configure_dynamic_mpu_regions
                0x0000000000008b38       0x20 zephyr/arch/arch/arm/core/aarch32/mpu/libarch__arm__core__aarch32__mpu.a(arm_core_mpu.c.obj)
                0x0000000000008b38                z_arm_configure_dynamic_mpu_regions
 .text.mpu_configure_regions
                0x0000000000008b58       0xb8 zephyr/arch/arch/arm/core/aarch32/mpu/libarch__arm__core__aarch32__mpu.a(arm_mpu.c.obj)
 .text.arm_core_mpu_enable
                0x0000000000008c10       0x18 zephyr/arch/arch/arm/core/aarch32/mpu/libarch__arm__core__aarch32__mpu.a(arm_mpu.c.obj)
                0x0000000000008c10                arm_core_mpu_enable
 .text.arm_core_mpu_disable
                0x0000000000008c28       0x14 zephyr/arch/arch/arm/core/aarch32/mpu/libarch__arm__core__aarch32__mpu.a(arm_mpu.c.obj)
                0x0000000000008c28                arm_core_mpu_disable
 .text.arm_core_mpu_configure_static_mpu_regions
                0x0000000000008c3c       0x14 zephyr/arch/arch/arm/core/aarch32/mpu/libarch__arm__core__aarch32__mpu.a(arm_mpu.c.obj)
                0x0000000000008c3c                arm_core_mpu_configure_static_mpu_regions
 .text.arm_core_mpu_configure_dynamic_mpu_regions
                0x0000000000008c50       0x30 zephyr/arch/arch/arm/core/aarch32/mpu/libarch__arm__core__aarch32__mpu.a(arm_mpu.c.obj)
                0x0000000000008c50                arm_core_mpu_configure_dynamic_mpu_regions
 .text.z_arm_mpu_init
                0x0000000000008c80       0x60 zephyr/arch/arch/arm/core/aarch32/mpu/libarch__arm__core__aarch32__mpu.a(arm_mpu.c.obj)
                0x0000000000008c80                z_arm_mpu_init
 .text.__stdout_hook_install
                0x0000000000008ce0        0xc zephyr/lib/libc/minimal/liblib__libc__minimal.a(stdout_console.c.obj)
                0x0000000000008ce0                __stdout_hook_install
 .text.nordicsemi_nrf52_init
                0x0000000000008cec       0x60 zephyr/soc/arm/nordic_nrf/nrf52/libsoc__arm__nordic_nrf__nrf52.a(soc.c.obj)
 .text.arch_busy_wait
                0x0000000000008d4c       0x14 zephyr/soc/arm/nordic_nrf/nrf52/libsoc__arm__nordic_nrf__nrf52.a(soc.c.obj)
                0x0000000000008d4c                arch_busy_wait
 .text.board_nrf52840dongle_nrf52840_init
                0x0000000000008d60       0x7c zephyr/boards/arm/nrf52840dongle_nrf52840/libboards__arm__nrf52840dongle_nrf52840.a(board.c.obj)
 .text.bt_hex_real
                0x0000000000008ddc       0x44 zephyr/subsys/bluetooth/common/libsubsys__bluetooth__common.a(log.c.obj)
                0x0000000000008ddc                bt_hex_real
 .text.bt_addr_le_str_real
                0x0000000000008e20       0x7c zephyr/subsys/bluetooth/common/libsubsys__bluetooth__common.a(log.c.obj)
                0x0000000000008e20                bt_addr_le_str_real
 .text.le_gen_dhkey
                0x0000000000008e9c       0x98 zephyr/subsys/bluetooth/host/libsubsys__bluetooth__host.a(hci_ecc.c.obj)
 .text.ecc_thread
                0x0000000000008f34      0x1e0 zephyr/subsys/bluetooth/host/libsubsys__bluetooth__host.a(hci_ecc.c.obj)
 .text.bt_hci_ecc_send
                0x0000000000009114       0xdc zephyr/subsys/bluetooth/host/libsubsys__bluetooth__host.a(hci_ecc.c.obj)
                0x0000000000009114                bt_hci_ecc_send
 .text.bt_hci_ecc_init
                0x00000000000091f0       0x48 zephyr/subsys/bluetooth/host/libsubsys__bluetooth__host.a(hci_ecc.c.obj)
                0x00000000000091f0                bt_hci_ecc_init
 .text.uuid_to_uuid128
                0x0000000000009238       0x6c zephyr/subsys/bluetooth/host/libsubsys__bluetooth__host.a(uuid.c.obj)
 .text.bt_buf_get_rx
                0x00000000000092a4       0x20 zephyr/subsys/bluetooth/host/libsubsys__bluetooth__host.a(buf.c.obj)
                0x00000000000092a4                bt_buf_get_rx
 .text.bt_buf_get_cmd_complete
                0x00000000000092c4       0x34 zephyr/subsys/bluetooth/host/libsubsys__bluetooth__host.a(buf.c.obj)
                0x00000000000092c4                bt_buf_get_cmd_complete
 .text.bt_buf_get_evt
                0x00000000000092f8       0x54 zephyr/subsys/bluetooth/host/libsubsys__bluetooth__host.a(buf.c.obj)
                0x00000000000092f8                bt_buf_get_evt
 .text.hci_disconn_complete_prio
                0x000000000000934c       0x3c zephyr/subsys/bluetooth/host/libsubsys__bluetooth__host.a(hci_core.c.obj)
 .text.hci_data_buf_overflow
                0x0000000000009388       0x2c zephyr/subsys/bluetooth/host/libsubsys__bluetooth__host.a(hci_core.c.obj)
 .text.le_conn_update_complete
                0x00000000000093b4       0xb4 zephyr/subsys/bluetooth/host/libsubsys__bluetooth__host.a(hci_core.c.obj)
 .text.hci_hardware_error
                0x0000000000009468       0x34 zephyr/subsys/bluetooth/host/libsubsys__bluetooth__host.a(hci_core.c.obj)
 .text.le_data_len_change
                0x000000000000949c       0x40 zephyr/subsys/bluetooth/host/libsubsys__bluetooth__host.a(hci_core.c.obj)
 .text.hci_vendor_event
                0x00000000000094dc       0x2c zephyr/subsys/bluetooth/host/libsubsys__bluetooth__host.a(hci_core.c.obj)
 .text.handle_event
                0x0000000000009508       0x80 zephyr/subsys/bluetooth/host/libsubsys__bluetooth__host.a(hci_core.c.obj)
 .text.hci_le_meta_event
                0x0000000000009588       0x20 zephyr/subsys/bluetooth/host/libsubsys__bluetooth__host.a(hci_core.c.obj)
 .text.hci_cmd_done
                0x00000000000095a8      0x170 zephyr/subsys/bluetooth/host/libsubsys__bluetooth__host.a(hci_core.c.obj)
 .text.hci_cmd_status
                0x0000000000009718       0x2c zephyr/subsys/bluetooth/host/libsubsys__bluetooth__host.a(hci_core.c.obj)
 .text.hci_cmd_complete
                0x0000000000009744       0x30 zephyr/subsys/bluetooth/host/libsubsys__bluetooth__host.a(hci_core.c.obj)
 .text.hci_tx_thread
                0x0000000000009774      0x194 zephyr/subsys/bluetooth/host/libsubsys__bluetooth__host.a(hci_core.c.obj)
 .text.hci_num_completed_packets
                0x0000000000009908      0x104 zephyr/subsys/bluetooth/host/libsubsys__bluetooth__host.a(hci_core.c.obj)
 .text.hci_disconn_complete
                0x0000000000009a0c       0x78 zephyr/subsys/bluetooth/host/libsubsys__bluetooth__host.a(hci_core.c.obj)
 .text.bt_hci_cmd_state_set_init
                0x0000000000009a84       0x24 zephyr/subsys/bluetooth/host/libsubsys__bluetooth__host.a(hci_core.c.obj)
                0x0000000000009a84                bt_hci_cmd_state_set_init
 .text.bt_hci_cmd_create
                0x0000000000009aa8       0x74 zephyr/subsys/bluetooth/host/libsubsys__bluetooth__host.a(hci_core.c.obj)
                0x0000000000009aa8                bt_hci_cmd_create
 .text.bt_hci_cmd_send
                0x0000000000009b1c       0x68 zephyr/subsys/bluetooth/host/libsubsys__bluetooth__host.a(hci_core.c.obj)
                0x0000000000009b1c                bt_hci_cmd_send
 .text.le_ltk_request
                0x0000000000009b84       0xc0 zephyr/subsys/bluetooth/host/libsubsys__bluetooth__host.a(hci_core.c.obj)
 .text.le_conn_param_neg_reply
                0x0000000000009c44       0x54 zephyr/subsys/bluetooth/host/libsubsys__bluetooth__host.a(hci_core.c.obj)
 .text.le_conn_param_req
                0x0000000000009c98       0xd0 zephyr/subsys/bluetooth/host/libsubsys__bluetooth__host.a(hci_core.c.obj)
 .text.bt_hci_cmd_send_sync
                0x0000000000009d68      0x100 zephyr/subsys/bluetooth/host/libsubsys__bluetooth__host.a(hci_core.c.obj)
                0x0000000000009d68                bt_hci_cmd_send_sync
 .text.hci_le_read_max_data_len
                0x0000000000009e68       0x54 zephyr/subsys/bluetooth/host/libsubsys__bluetooth__host.a(hci_core.c.obj)
 .text.bt_le_create_conn_legacy
                0x0000000000009ebc       0xc4 zephyr/subsys/bluetooth/host/libsubsys__bluetooth__host.a(hci_core.c.obj)
                0x0000000000009ebc                bt_le_create_conn_legacy
 .text.bt_le_create_conn_cancel
                0x0000000000009f80       0x34 zephyr/subsys/bluetooth/host/libsubsys__bluetooth__host.a(hci_core.c.obj)
                0x0000000000009f80                bt_le_create_conn_cancel
 .text.conn_auto_initiate
                0x0000000000009fb4      0x104 zephyr/subsys/bluetooth/host/libsubsys__bluetooth__host.a(hci_core.c.obj)
 .text.le_phy_update_complete
                0x000000000000a0b8       0x70 zephyr/subsys/bluetooth/host/libsubsys__bluetooth__host.a(hci_core.c.obj)
 .text.le_remote_feat_complete
                0x000000000000a128       0x64 zephyr/subsys/bluetooth/host/libsubsys__bluetooth__host.a(hci_core.c.obj)
 .text.bt_hci_le_enh_conn_complete
                0x000000000000a18c      0x1f4 zephyr/subsys/bluetooth/host/libsubsys__bluetooth__host.a(hci_core.c.obj)
                0x000000000000a18c                bt_hci_le_enh_conn_complete
 .text.bt_security_err_get
                0x000000000000a380       0x10 zephyr/subsys/bluetooth/host/libsubsys__bluetooth__host.a(hci_core.c.obj)
                0x000000000000a380                bt_security_err_get
 .text.hci_encrypt_key_refresh_complete
                0x000000000000a390       0xa8 zephyr/subsys/bluetooth/host/libsubsys__bluetooth__host.a(hci_core.c.obj)
 .text.hci_encrypt_change
                0x000000000000a438       0xac zephyr/subsys/bluetooth/host/libsubsys__bluetooth__host.a(hci_core.c.obj)
 .text.hci_event_prio
                0x000000000000a4e4       0xa4 zephyr/subsys/bluetooth/host/libsubsys__bluetooth__host.a(hci_core.c.obj)
                0x000000000000a4e4                hci_event_prio
 .text.bt_recv  0x000000000000a588      0x178 zephyr/subsys/bluetooth/host/libsubsys__bluetooth__host.a(hci_core.c.obj)
                0x000000000000a588                bt_recv
 .text.bt_recv_prio
                0x000000000000a700       0x3c zephyr/subsys/bluetooth/host/libsubsys__bluetooth__host.a(hci_core.c.obj)
                0x000000000000a700                bt_recv_prio
 .text.bt_hci_driver_register
                0x000000000000a73c       0x28 zephyr/subsys/bluetooth/host/libsubsys__bluetooth__host.a(hci_core.c.obj)
                0x000000000000a73c                bt_hci_driver_register
 .text.bt_finalize_init
                0x000000000000a764       0x18 zephyr/subsys/bluetooth/host/libsubsys__bluetooth__host.a(hci_core.c.obj)
                0x000000000000a764                bt_finalize_init
 .text.init_work
                0x000000000000a77c       0x18 zephyr/subsys/bluetooth/host/libsubsys__bluetooth__host.a(hci_core.c.obj)
 .text.bt_enable
                0x000000000000a794       0xd8 zephyr/subsys/bluetooth/host/libsubsys__bluetooth__host.a(hci_core.c.obj)
                0x000000000000a794                bt_enable
 .text.bt_get_name
                0x000000000000a86c        0x8 zephyr/subsys/bluetooth/host/libsubsys__bluetooth__host.a(hci_core.c.obj)
                0x000000000000a86c                bt_get_name
 .text.bt_data_parse
                0x000000000000a874       0x6c zephyr/subsys/bluetooth/host/libsubsys__bluetooth__host.a(hci_core.c.obj)
                0x000000000000a874                bt_data_parse
 .text.id_find  0x000000000000a8e0       0x34 zephyr/subsys/bluetooth/host/libsubsys__bluetooth__host.a(id.c.obj)
 .text.atomic_get.constprop.0
                0x000000000000a914       0x14 zephyr/subsys/bluetooth/host/libsubsys__bluetooth__host.a(id.c.obj)
 .text.bt_id_add.part.0
                0x000000000000a928      0x188 zephyr/subsys/bluetooth/host/libsubsys__bluetooth__host.a(id.c.obj)
 .text.set_random_address
                0x000000000000aab0       0x5c zephyr/subsys/bluetooth/host/libsubsys__bluetooth__host.a(id.c.obj)
 .text.id_create.constprop.0
                0x000000000000ab0c       0x64 zephyr/subsys/bluetooth/host/libsubsys__bluetooth__host.a(id.c.obj)
 .text.bt_id_pending_keys_update
                0x000000000000ab70       0x34 zephyr/subsys/bluetooth/host/libsubsys__bluetooth__host.a(id.c.obj)
                0x000000000000ab70                bt_id_pending_keys_update
 .text.bt_id_add
                0x000000000000aba4       0x30 zephyr/subsys/bluetooth/host/libsubsys__bluetooth__host.a(id.c.obj)
                0x000000000000aba4                bt_id_add
 .text.bt_id_del
                0x000000000000abd4      0x14c zephyr/subsys/bluetooth/host/libsubsys__bluetooth__host.a(id.c.obj)
                0x000000000000abd4                bt_id_del
 .text.bt_id_create
                0x000000000000ad20       0xb0 zephyr/subsys/bluetooth/host/libsubsys__bluetooth__host.a(id.c.obj)
                0x000000000000ad20                bt_id_create
 .text.bt_id_read_public_addr
                0x000000000000add0       0x98 zephyr/subsys/bluetooth/host/libsubsys__bluetooth__host.a(id.c.obj)
                0x000000000000add0                bt_id_read_public_addr
 .text.bt_setup_public_id_addr
                0x000000000000ae68       0x20 zephyr/subsys/bluetooth/host/libsubsys__bluetooth__host.a(id.c.obj)
                0x000000000000ae68                bt_setup_public_id_addr
 .text.bt_read_static_addr
                0x000000000000ae88       0xa8 zephyr/subsys/bluetooth/host/libsubsys__bluetooth__host.a(id.c.obj)
                0x000000000000ae88                bt_read_static_addr
 .text.bt_setup_random_id_addr
                0x000000000000af30       0x5c zephyr/subsys/bluetooth/host/libsubsys__bluetooth__host.a(id.c.obj)
                0x000000000000af30                bt_setup_random_id_addr
 .text.bt_id_set_create_conn_own_addr
                0x000000000000af8c       0x24 zephyr/subsys/bluetooth/host/libsubsys__bluetooth__host.a(id.c.obj)
                0x000000000000af8c                bt_id_set_create_conn_own_addr
 .text.bt_id_set_scan_own_addr
                0x000000000000afb0       0x1c zephyr/subsys/bluetooth/host/libsubsys__bluetooth__host.a(id.c.obj)
                0x000000000000afb0                bt_id_set_scan_own_addr
 .text.bt_id_init
                0x000000000000afcc       0x64 zephyr/subsys/bluetooth/host/libsubsys__bluetooth__host.a(id.c.obj)
                0x000000000000afcc                bt_id_init
 .text.atomic_get.constprop.0
                0x000000000000b030       0x14 zephyr/subsys/bluetooth/host/libsubsys__bluetooth__host.a(scan.c.obj)
 .text.bt_le_scan_set_enable_legacy
                0x000000000000b044       0x64 zephyr/subsys/bluetooth/host/libsubsys__bluetooth__host.a(scan.c.obj)
 .text.start_le_scan_legacy
                0x000000000000b0a8       0xa4 zephyr/subsys/bluetooth/host/libsubsys__bluetooth__host.a(scan.c.obj)
 .text.bt_scan_reset
                0x000000000000b14c        0xc zephyr/subsys/bluetooth/host/libsubsys__bluetooth__host.a(scan.c.obj)
                0x000000000000b14c                bt_scan_reset
 .text.bt_le_scan_update
                0x000000000000b158       0x84 zephyr/subsys/bluetooth/host/libsubsys__bluetooth__host.a(scan.c.obj)
                0x000000000000b158                bt_le_scan_update
 .text.bt_hci_le_adv_report
                0x000000000000b1dc      0x1ec zephyr/subsys/bluetooth/host/libsubsys__bluetooth__host.a(scan.c.obj)
                0x000000000000b1dc                bt_hci_le_adv_report
 .text.bt_le_scan_start
                0x000000000000b3c8      0x100 zephyr/subsys/bluetooth/host/libsubsys__bluetooth__host.a(scan.c.obj)
                0x000000000000b3c8                bt_le_scan_start
 .text.bt_le_scan_stop
                0x000000000000b4c8       0x2c zephyr/subsys/bluetooth/host/libsubsys__bluetooth__host.a(scan.c.obj)
                0x000000000000b4c8                bt_le_scan_stop
 .text.bt_pub_key_is_debug
                0x000000000000b4f4       0x18 zephyr/subsys/bluetooth/host/libsubsys__bluetooth__host.a(ecc.c.obj)
                0x000000000000b4f4                bt_pub_key_is_debug
 .text.bt_pub_key_gen
                0x000000000000b50c      0x134 zephyr/subsys/bluetooth/host/libsubsys__bluetooth__host.a(ecc.c.obj)
                0x000000000000b50c                bt_pub_key_gen
 .text.bt_pub_key_get
                0x000000000000b640       0x20 zephyr/subsys/bluetooth/host/libsubsys__bluetooth__host.a(ecc.c.obj)
                0x000000000000b640                bt_pub_key_get
 .text.bt_dh_key_gen
                0x000000000000b660       0xb0 zephyr/subsys/bluetooth/host/libsubsys__bluetooth__host.a(ecc.c.obj)
                0x000000000000b660                bt_dh_key_gen
 .text.bt_hci_evt_le_pkey_complete
                0x000000000000b710       0x7c zephyr/subsys/bluetooth/host/libsubsys__bluetooth__host.a(ecc.c.obj)
                0x000000000000b710                bt_hci_evt_le_pkey_complete
 .text.bt_hci_evt_le_dhkey_complete
                0x000000000000b78c       0x1c zephyr/subsys/bluetooth/host/libsubsys__bluetooth__host.a(ecc.c.obj)
                0x000000000000b78c                bt_hci_evt_le_dhkey_complete
 .text.tx_free  0x000000000000b7a8       0x14 zephyr/subsys/bluetooth/host/libsubsys__bluetooth__host.a(conn.c.obj)
 .text.notify_connected
                0x000000000000b7bc       0x48 zephyr/subsys/bluetooth/host/libsubsys__bluetooth__host.a(conn.c.obj)
 .text.send_frag
                0x000000000000b804      0x134 zephyr/subsys/bluetooth/host/libsubsys__bluetooth__host.a(conn.c.obj)
 .text.bt_conn_get_pkts
                0x000000000000b938        0x8 zephyr/subsys/bluetooth/host/libsubsys__bluetooth__host.a(conn.c.obj)
                0x000000000000b938                bt_conn_get_pkts
 .text.bt_conn_new
                0x000000000000b940       0x68 zephyr/subsys/bluetooth/host/libsubsys__bluetooth__host.a(conn.c.obj)
                0x000000000000b940                bt_conn_new
 .text.bt_conn_recv
                0x000000000000b9a8      0x134 zephyr/subsys/bluetooth/host/libsubsys__bluetooth__host.a(conn.c.obj)
                0x000000000000b9a8                bt_conn_recv
 .text.bt_conn_send_cb
                0x000000000000badc       0xcc zephyr/subsys/bluetooth/host/libsubsys__bluetooth__host.a(conn.c.obj)
                0x000000000000badc                bt_conn_send_cb
 .text.bt_conn_prepare_events
                0x000000000000bba8       0x68 zephyr/subsys/bluetooth/host/libsubsys__bluetooth__host.a(conn.c.obj)
                0x000000000000bba8                bt_conn_prepare_events
 .text.bt_conn_lookup_handle
                0x000000000000bc10       0x10 zephyr/subsys/bluetooth/host/libsubsys__bluetooth__host.a(conn.c.obj)
                0x000000000000bc10                bt_conn_lookup_handle
 .text.bt_conn_set_state
                0x000000000000bc20      0x230 zephyr/subsys/bluetooth/host/libsubsys__bluetooth__host.a(conn.c.obj)
                0x000000000000bc20                bt_conn_set_state
 .text.bt_conn_index
                0x000000000000be50       0x18 zephyr/subsys/bluetooth/host/libsubsys__bluetooth__host.a(conn.c.obj)
                0x000000000000be50                bt_conn_index
 .text.bt_conn_create_pdu_timeout
                0x000000000000be68       0x48 zephyr/subsys/bluetooth/host/libsubsys__bluetooth__host.a(conn.c.obj)
                0x000000000000be68                bt_conn_create_pdu_timeout
 .text.notify_le_param_updated
                0x000000000000beb0       0x84 zephyr/subsys/bluetooth/host/libsubsys__bluetooth__host.a(conn.c.obj)
                0x000000000000beb0                notify_le_param_updated
 .text.le_param_req
                0x000000000000bf34       0x74 zephyr/subsys/bluetooth/host/libsubsys__bluetooth__host.a(conn.c.obj)
                0x000000000000bf34                le_param_req
 .text.bt_conn_identity_resolved
                0x000000000000bfa8       0x5c zephyr/subsys/bluetooth/host/libsubsys__bluetooth__host.a(conn.c.obj)
                0x000000000000bfa8                bt_conn_identity_resolved
 .text.bt_conn_security_changed
                0x000000000000c004       0x4c zephyr/subsys/bluetooth/host/libsubsys__bluetooth__host.a(conn.c.obj)
                0x000000000000c004                bt_conn_security_changed
 .text.bt_conn_add_le
                0x000000000000c050       0x38 zephyr/subsys/bluetooth/host/libsubsys__bluetooth__host.a(conn.c.obj)
                0x000000000000c050                bt_conn_add_le
 .text.bt_conn_lookup_addr_le
                0x000000000000c088       0x40 zephyr/subsys/bluetooth/host/libsubsys__bluetooth__host.a(conn.c.obj)
                0x000000000000c088                bt_conn_lookup_addr_le
 .text.bt_conn_exists_le
                0x000000000000c0c8       0x4c zephyr/subsys/bluetooth/host/libsubsys__bluetooth__host.a(conn.c.obj)
                0x000000000000c0c8                bt_conn_exists_le
 .text.bt_conn_lookup_state_le
                0x000000000000c114       0x48 zephyr/subsys/bluetooth/host/libsubsys__bluetooth__host.a(conn.c.obj)
                0x000000000000c114                bt_conn_lookup_state_le
 .text.bt_conn_le_create
                0x000000000000c15c      0x154 zephyr/subsys/bluetooth/host/libsubsys__bluetooth__host.a(conn.c.obj)
                0x000000000000c15c                bt_conn_le_create
 .text.bt_le_set_auto_conn
                0x000000000000c2b0       0xe0 zephyr/subsys/bluetooth/host/libsubsys__bluetooth__host.a(conn.c.obj)
                0x000000000000c2b0                bt_le_set_auto_conn
 .text.send_conn_le_param_update
                0x000000000000c390       0x68 zephyr/subsys/bluetooth/host/libsubsys__bluetooth__host.a(conn.c.obj)
 .text.deferred_work
                0x000000000000c3f8       0xcc zephyr/subsys/bluetooth/host/libsubsys__bluetooth__host.a(conn.c.obj)
 .text.bt_conn_create_frag_timeout
                0x000000000000c4c4        0xc zephyr/subsys/bluetooth/host/libsubsys__bluetooth__host.a(conn.c.obj)
                0x000000000000c4c4                bt_conn_create_frag_timeout
 .text.create_frag
                0x000000000000c4d0       0x6c zephyr/subsys/bluetooth/host/libsubsys__bluetooth__host.a(conn.c.obj)
 .text.bt_conn_process_tx
                0x000000000000c53c       0xc0 zephyr/subsys/bluetooth/host/libsubsys__bluetooth__host.a(conn.c.obj)
                0x000000000000c53c                bt_conn_process_tx
 .text.bt_conn_init
                0x000000000000c5fc       0x68 zephyr/subsys/bluetooth/host/libsubsys__bluetooth__host.a(conn.c.obj)
                0x000000000000c5fc                bt_conn_init
 .text.l2cap_create_le_sig_pdu.constprop.0
                0x000000000000c664       0x54 zephyr/subsys/bluetooth/host/libsubsys__bluetooth__host.a(l2cap.c.obj)
 .text.l2cap_accept
                0x000000000000c6b8       0x48 zephyr/subsys/bluetooth/host/libsubsys__bluetooth__host.a(l2cap.c.obj)
 .text.l2cap_rtx_timeout
                0x000000000000c700       0x40 zephyr/subsys/bluetooth/host/libsubsys__bluetooth__host.a(l2cap.c.obj)
 .text.bt_l2cap_connected
                0x000000000000c740       0xb8 zephyr/subsys/bluetooth/host/libsubsys__bluetooth__host.a(l2cap.c.obj)
                0x000000000000c740                bt_l2cap_connected
 .text.l2cap_recv
                0x000000000000c7f8      0x160 zephyr/subsys/bluetooth/host/libsubsys__bluetooth__host.a(l2cap.c.obj)
 .text.bt_l2cap_recv
                0x000000000000c958       0x70 zephyr/subsys/bluetooth/host/libsubsys__bluetooth__host.a(l2cap.c.obj)
                0x000000000000c958                bt_l2cap_recv
 .text.bt_l2cap_update_conn_param
                0x000000000000c9c8       0x64 zephyr/subsys/bluetooth/host/libsubsys__bluetooth__host.a(l2cap.c.obj)
                0x000000000000c9c8                bt_l2cap_update_conn_param
 .text.att_cfm_sent
                0x000000000000ca2c       0x10 zephyr/subsys/bluetooth/host/libsubsys__bluetooth__host.a(att.c.obj)
 .text.att_rsp_sent
                0x000000000000ca3c       0x10 zephyr/subsys/bluetooth/host/libsubsys__bluetooth__host.a(att.c.obj)
 .text.att_req_sent
                0x000000000000ca4c       0x10 zephyr/subsys/bluetooth/host/libsubsys__bluetooth__host.a(att.c.obj)
 .text.bt_att_released
                0x000000000000ca5c       0x18 zephyr/subsys/bluetooth/host/libsubsys__bluetooth__host.a(att.c.obj)
 .text.find_type_cb
                0x000000000000ca74      0x160 zephyr/subsys/bluetooth/host/libsubsys__bluetooth__host.a(att.c.obj)
 .text.att_get  0x000000000000cbd4       0x74 zephyr/subsys/bluetooth/host/libsubsys__bluetooth__host.a(att.c.obj)
 .text.bt_att_accept
                0x000000000000cc48       0xc0 zephyr/subsys/bluetooth/host/libsubsys__bluetooth__host.a(att.c.obj)
 .text.read_group_cb
                0x000000000000cd08       0xac zephyr/subsys/bluetooth/host/libsubsys__bluetooth__host.a(att.c.obj)
 .text.chan_send
                0x000000000000cdb4       0xdc zephyr/subsys/bluetooth/host/libsubsys__bluetooth__host.a(att.c.obj)
 .text.read_type_cb
                0x000000000000ce90       0xa8 zephyr/subsys/bluetooth/host/libsubsys__bluetooth__host.a(att.c.obj)
 .text.bt_att_connected
                0x000000000000cf38       0x68 zephyr/subsys/bluetooth/host/libsubsys__bluetooth__host.a(att.c.obj)
 .text.bt_att_chan_create_pdu
                0x000000000000cfa0       0x9c zephyr/subsys/bluetooth/host/libsubsys__bluetooth__host.a(att.c.obj)
                0x000000000000cfa0                bt_att_chan_create_pdu
 .text.att_indicate
                0x000000000000d03c       0x3c zephyr/subsys/bluetooth/host/libsubsys__bluetooth__host.a(att.c.obj)
 .text.send_err_rsp.part.0
                0x000000000000d078       0x40 zephyr/subsys/bluetooth/host/libsubsys__bluetooth__host.a(att.c.obj)
 .text.bt_att_recv
                0x000000000000d0b8      0x180 zephyr/subsys/bluetooth/host/libsubsys__bluetooth__host.a(att.c.obj)
 .text.att_write_rsp.constprop.0
                0x000000000000d238       0xc8 zephyr/subsys/bluetooth/host/libsubsys__bluetooth__host.a(att.c.obj)
 .text.att_signed_write_cmd
                0x000000000000d300       0x8c zephyr/subsys/bluetooth/host/libsubsys__bluetooth__host.a(att.c.obj)
 .text.bt_att_create_pdu
                0x000000000000d38c       0x70 zephyr/subsys/bluetooth/host/libsubsys__bluetooth__host.a(att.c.obj)
                0x000000000000d38c                bt_att_create_pdu
 .text.att_read_group_req
                0x000000000000d3fc      0x108 zephyr/subsys/bluetooth/host/libsubsys__bluetooth__host.a(att.c.obj)
 .text.att_read_mult_req
                0x000000000000d504       0x9c zephyr/subsys/bluetooth/host/libsubsys__bluetooth__host.a(att.c.obj)
 .text.att_read_rsp
                0x000000000000d5a0       0x94 zephyr/subsys/bluetooth/host/libsubsys__bluetooth__host.a(att.c.obj)
 .text.att_read_type_req
                0x000000000000d634       0xc8 zephyr/subsys/bluetooth/host/libsubsys__bluetooth__host.a(att.c.obj)
 .text.att_find_type_req
                0x000000000000d6fc       0xdc zephyr/subsys/bluetooth/host/libsubsys__bluetooth__host.a(att.c.obj)
 .text.att_find_info_req
                0x000000000000d7d8       0x78 zephyr/subsys/bluetooth/host/libsubsys__bluetooth__host.a(att.c.obj)
 .text.att_mtu_req
                0x000000000000d850       0x70 zephyr/subsys/bluetooth/host/libsubsys__bluetooth__host.a(att.c.obj)
 .text.bt_att_req_alloc
                0x000000000000d8c0       0x44 zephyr/subsys/bluetooth/host/libsubsys__bluetooth__host.a(att.c.obj)
                0x000000000000d8c0                bt_att_req_alloc
 .text.bt_att_req_free
                0x000000000000d904       0x24 zephyr/subsys/bluetooth/host/libsubsys__bluetooth__host.a(att.c.obj)
                0x000000000000d904                bt_att_req_free
 .text.att_handle_rsp
                0x000000000000d928       0x88 zephyr/subsys/bluetooth/host/libsubsys__bluetooth__host.a(att.c.obj)
 .text.att_error_rsp
                0x000000000000d9b0       0x68 zephyr/subsys/bluetooth/host/libsubsys__bluetooth__host.a(att.c.obj)
 .text.bt_att_disconnected
                0x000000000000da18       0xb4 zephyr/subsys/bluetooth/host/libsubsys__bluetooth__host.a(att.c.obj)
 .text.att_timeout
                0x000000000000dacc       0x34 zephyr/subsys/bluetooth/host/libsubsys__bluetooth__host.a(att.c.obj)
 .text.bt_att_req_cancel
                0x000000000000db00       0x5c zephyr/subsys/bluetooth/host/libsubsys__bluetooth__host.a(att.c.obj)
                0x000000000000db00                bt_att_req_cancel
 .text.find_cf_cfg
                0x000000000000db5c       0x5c zephyr/subsys/bluetooth/host/libsubsys__bluetooth__host.a(gatt.c.obj)
 .text.find_sc_cfg
                0x000000000000dbb8       0x40 zephyr/subsys/bluetooth/host/libsubsys__bluetooth__host.a(gatt.c.obj)
 .text.gatt_sub_find
                0x000000000000dbf8       0x5c zephyr/subsys/bluetooth/host/libsubsys__bluetooth__host.a(gatt.c.obj)
 .text.gatt_write_ccc
                0x000000000000dc54       0x24 zephyr/subsys/bluetooth/host/libsubsys__bluetooth__host.a(gatt.c.obj)
 .text.bt_gatt_attr_write_ccc
                0x000000000000dc78       0xcc zephyr/subsys/bluetooth/host/libsubsys__bluetooth__host.a(gatt.c.obj)
                0x000000000000dc78                bt_gatt_attr_write_ccc
 .text.sc_save  0x000000000000dd44       0x70 zephyr/subsys/bluetooth/host/libsubsys__bluetooth__host.a(gatt.c.obj)
 .text.cf_write
                0x000000000000ddb4       0xb0 zephyr/subsys/bluetooth/host/libsubsys__bluetooth__host.a(gatt.c.obj)
 .text.sc_indicate_rsp
                0x000000000000de64       0x54 zephyr/subsys/bluetooth/host/libsubsys__bluetooth__host.a(gatt.c.obj)
 .text.disconnected_cb
                0x000000000000deb8       0xbc zephyr/subsys/bluetooth/host/libsubsys__bluetooth__host.a(gatt.c.obj)
 .text.bt_gatt_init
                0x000000000000df74       0xac zephyr/subsys/bluetooth/host/libsubsys__bluetooth__host.a(gatt.c.obj)
                0x000000000000df74                bt_gatt_init
 .text.bt_gatt_attr_get_handle
                0x000000000000e020       0x60 zephyr/subsys/bluetooth/host/libsubsys__bluetooth__host.a(gatt.c.obj)
                0x000000000000e020                bt_gatt_attr_get_handle
 .text.bt_gatt_foreach_attr_type
                0x000000000000e080       0xb4 zephyr/subsys/bluetooth/host/libsubsys__bluetooth__host.a(gatt.c.obj)
                0x000000000000e080                bt_gatt_foreach_attr_type
 .text.db_hash_gen.constprop.0
                0x000000000000e134       0x9c zephyr/subsys/bluetooth/host/libsubsys__bluetooth__host.a(gatt.c.obj)
 .text.gatt_indicate
                0x000000000000e1d0       0xd8 zephyr/subsys/bluetooth/host/libsubsys__bluetooth__host.a(gatt.c.obj)
 .text.bt_gatt_indicate
                0x000000000000e2a8       0xf0 zephyr/subsys/bluetooth/host/libsubsys__bluetooth__host.a(gatt.c.obj)
                0x000000000000e2a8                bt_gatt_indicate
 .text.sc_process
                0x000000000000e398       0x70 zephyr/subsys/bluetooth/host/libsubsys__bluetooth__host.a(gatt.c.obj)
 .text.gatt_notify
                0x000000000000e408       0xa4 zephyr/subsys/bluetooth/host/libsubsys__bluetooth__host.a(gatt.c.obj)
 .text.notify_cb
                0x000000000000e4ac      0x128 zephyr/subsys/bluetooth/host/libsubsys__bluetooth__host.a(gatt.c.obj)
 .text.update_ccc
                0x000000000000e5d4      0x124 zephyr/subsys/bluetooth/host/libsubsys__bluetooth__host.a(gatt.c.obj)
 .text.bt_gatt_discover
                0x000000000000e6f8      0x198 zephyr/subsys/bluetooth/host/libsubsys__bluetooth__host.a(gatt.c.obj)
                0x000000000000e6f8                bt_gatt_discover
 .text.gatt_read_group_rsp
                0x000000000000e890      0x11c zephyr/subsys/bluetooth/host/libsubsys__bluetooth__host.a(gatt.c.obj)
 .text.gatt_read_type_rsp
                0x000000000000e9ac      0x2e0 zephyr/subsys/bluetooth/host/libsubsys__bluetooth__host.a(gatt.c.obj)
 .text.read_included_uuid_cb
                0x000000000000ec8c       0xac zephyr/subsys/bluetooth/host/libsubsys__bluetooth__host.a(gatt.c.obj)
 .text.gatt_find_info_rsp
                0x000000000000ed38      0x160 zephyr/subsys/bluetooth/host/libsubsys__bluetooth__host.a(gatt.c.obj)
 .text.bt_gatt_read
                0x000000000000ee98       0x80 zephyr/subsys/bluetooth/host/libsubsys__bluetooth__host.a(gatt.c.obj)
                0x000000000000ee98                bt_gatt_read
 .text.gatt_read_rsp
                0x000000000000ef18      0x108 zephyr/subsys/bluetooth/host/libsubsys__bluetooth__host.a(gatt.c.obj)
 .text.bt_gatt_mult_notification
                0x000000000000f020       0xc0 zephyr/subsys/bluetooth/host/libsubsys__bluetooth__host.a(gatt.c.obj)
                0x000000000000f020                bt_gatt_mult_notification
 .text.bt_gatt_connected
                0x000000000000f0e0       0x90 zephyr/subsys/bluetooth/host/libsubsys__bluetooth__host.a(gatt.c.obj)
                0x000000000000f0e0                bt_gatt_connected
 .text.bt_gatt_att_max_mtu_changed
                0x000000000000f170       0x28 zephyr/subsys/bluetooth/host/libsubsys__bluetooth__host.a(gatt.c.obj)
                0x000000000000f170                bt_gatt_att_max_mtu_changed
 .text.bt_gatt_encrypt_change
                0x000000000000f198       0x20 zephyr/subsys/bluetooth/host/libsubsys__bluetooth__host.a(gatt.c.obj)
                0x000000000000f198                bt_gatt_encrypt_change
 .text.db_hash_read
                0x000000000000f1b8       0x5c zephyr/subsys/bluetooth/host/libsubsys__bluetooth__host.a(gatt.c.obj)
 .text.bt_gatt_disconnected
                0x000000000000f214       0xcc zephyr/subsys/bluetooth/host/libsubsys__bluetooth__host.a(gatt.c.obj)
                0x000000000000f214                bt_gatt_disconnected
 .text.get_io_capa
                0x000000000000f2e0       0x4c zephyr/subsys/bluetooth/host/libsubsys__bluetooth__host.a(smp.c.obj)
 .text.smp_sign_buf
                0x000000000000f32c       0x7c zephyr/subsys/bluetooth/host/libsubsys__bluetooth__host.a(smp.c.obj)
 .text.bt_smp_accept
                0x000000000000f3a8       0x4c zephyr/subsys/bluetooth/host/libsubsys__bluetooth__host.a(smp.c.obj)
 .text.smp_chan_get
                0x000000000000f3f4       0x38 zephyr/subsys/bluetooth/host/libsubsys__bluetooth__host.a(smp.c.obj)
 .text.smp_find
                0x000000000000f42c       0x1c zephyr/subsys/bluetooth/host/libsubsys__bluetooth__host.a(smp.c.obj)
 .text.smp_dhkey_check
                0x000000000000f448      0x108 zephyr/subsys/bluetooth/host/libsubsys__bluetooth__host.a(smp.c.obj)
 .text.smp_dhkey_generate
                0x000000000000f550       0x4c zephyr/subsys/bluetooth/host/libsubsys__bluetooth__host.a(smp.c.obj)
 .text.smp_ident_info
                0x000000000000f59c       0x68 zephyr/subsys/bluetooth/host/libsubsys__bluetooth__host.a(smp.c.obj)
 .text.smp_encrypt_info
                0x000000000000f604       0x68 zephyr/subsys/bluetooth/host/libsubsys__bluetooth__host.a(smp.c.obj)
 .text.bt_smp_distribute_keys
                0x000000000000f66c      0x1bc zephyr/subsys/bluetooth/host/libsubsys__bluetooth__host.a(smp.c.obj)
 .text.smp_send_pairing_req
                0x000000000000f828      0x1b4 zephyr/subsys/bluetooth/host/libsubsys__bluetooth__host.a(smp.c.obj)
 .text.smp_security_request
                0x000000000000f9dc      0x124 zephyr/subsys/bluetooth/host/libsubsys__bluetooth__host.a(smp.c.obj)
 .text.sc_send_public_key
                0x000000000000fb00       0x44 zephyr/subsys/bluetooth/host/libsubsys__bluetooth__host.a(smp.c.obj)
 .text.compute_and_send_central_dhcheck
                0x000000000000fb44      0x1c0 zephyr/subsys/bluetooth/host/libsubsys__bluetooth__host.a(smp.c.obj)
 .text.smp_send_pairing_confirm
                0x000000000000fd04       0x9c zephyr/subsys/bluetooth/host/libsubsys__bluetooth__host.a(smp.c.obj)
 .text.smp_public_key
                0x000000000000fda0      0x214 zephyr/subsys/bluetooth/host/libsubsys__bluetooth__host.a(smp.c.obj)
 .text.bt_smp_connected
                0x000000000000ffb4       0x1c zephyr/subsys/bluetooth/host/libsubsys__bluetooth__host.a(smp.c.obj)
 .text.smp_pairing_rsp
                0x000000000000ffd0      0x33c zephyr/subsys/bluetooth/host/libsubsys__bluetooth__host.a(smp.c.obj)
 .text.smp_pairing_random
                0x000000000001030c      0x258 zephyr/subsys/bluetooth/host/libsubsys__bluetooth__host.a(smp.c.obj)
 .text.bt_smp_sign_verify
                0x0000000000010564       0xe0 zephyr/subsys/bluetooth/host/libsubsys__bluetooth__host.a(smp.c.obj)
                0x0000000000010564                bt_smp_sign_verify
 .text.bt_smp_sign
                0x0000000000010644       0xa0 zephyr/subsys/bluetooth/host/libsubsys__bluetooth__host.a(smp.c.obj)
                0x0000000000010644                bt_smp_sign
 .text.smp_pairing_complete
                0x00000000000106e4       0xbc zephyr/subsys/bluetooth/host/libsubsys__bluetooth__host.a(smp.c.obj)
 .text.bt_smp_recv
                0x00000000000107a0      0x130 zephyr/subsys/bluetooth/host/libsubsys__bluetooth__host.a(smp.c.obj)
 .text.bt_smp_pkey_ready
                0x00000000000108d0       0x88 zephyr/subsys/bluetooth/host/libsubsys__bluetooth__host.a(smp.c.obj)
 .text.smp_signing_info
                0x0000000000010958       0x94 zephyr/subsys/bluetooth/host/libsubsys__bluetooth__host.a(smp.c.obj)
 .text.smp_ident_addr_info
                0x00000000000109ec      0x16c zephyr/subsys/bluetooth/host/libsubsys__bluetooth__host.a(smp.c.obj)
 .text.smp_central_ident
                0x0000000000010b58       0xb8 zephyr/subsys/bluetooth/host/libsubsys__bluetooth__host.a(smp.c.obj)
 .text.smp_pairing_failed
                0x0000000000010c10       0x6c zephyr/subsys/bluetooth/host/libsubsys__bluetooth__host.a(smp.c.obj)
 .text.bt_smp_encrypt_change
                0x0000000000010c7c       0xf8 zephyr/subsys/bluetooth/host/libsubsys__bluetooth__host.a(smp.c.obj)
 .text.smp_timeout
                0x0000000000010d74       0x40 zephyr/subsys/bluetooth/host/libsubsys__bluetooth__host.a(smp.c.obj)
 .text.bt_smp_update_keys
                0x0000000000010db4      0x118 zephyr/subsys/bluetooth/host/libsubsys__bluetooth__host.a(smp.c.obj)
                0x0000000000010db4                bt_smp_update_keys
 .text.bt_smp_init
                0x0000000000010ecc       0x2c zephyr/subsys/bluetooth/host/libsubsys__bluetooth__host.a(smp.c.obj)
                0x0000000000010ecc                bt_smp_init
 .text.bt_keys_get_addr
                0x0000000000010ef8       0x50 zephyr/subsys/bluetooth/host/libsubsys__bluetooth__host.a(keys.c.obj)
                0x0000000000010ef8                bt_keys_get_addr
 .text.bt_keys_foreach
                0x0000000000010f48       0x1c zephyr/subsys/bluetooth/host/libsubsys__bluetooth__host.a(keys.c.obj)
                0x0000000000010f48                bt_keys_foreach
 .text.bt_keys_find
                0x0000000000010f64       0x2c zephyr/subsys/bluetooth/host/libsubsys__bluetooth__host.a(keys.c.obj)
                0x0000000000010f64                bt_keys_find
 .text.bt_keys_find_irk
                0x0000000000010f90       0x70 zephyr/subsys/bluetooth/host/libsubsys__bluetooth__host.a(keys.c.obj)
                0x0000000000010f90                bt_keys_find_irk
 .text.bt_keys_find_addr
                0x0000000000011000       0x20 zephyr/subsys/bluetooth/host/libsubsys__bluetooth__host.a(keys.c.obj)
                0x0000000000011000                bt_keys_find_addr
 .text.mem_init
                0x0000000000011020       0x60 zephyr/subsys/bluetooth/controller/libsubsys__bluetooth__controller.a(mem.c.obj)
                0x0000000000011020                mem_init
 .text.mem_acquire
                0x0000000000011080       0x34 zephyr/subsys/bluetooth/controller/libsubsys__bluetooth__controller.a(mem.c.obj)
                0x0000000000011080                mem_acquire
 .text.mem_release
                0x00000000000110b4       0x30 zephyr/subsys/bluetooth/controller/libsubsys__bluetooth__controller.a(mem.c.obj)
                0x00000000000110b4                mem_release
 .text.mem_get  0x00000000000110e4        0x8 zephyr/subsys/bluetooth/controller/libsubsys__bluetooth__controller.a(mem.c.obj)
                0x00000000000110e4                mem_get
 .text.mem_index_get
                0x00000000000110ec        0xc zephyr/subsys/bluetooth/controller/libsubsys__bluetooth__controller.a(mem.c.obj)
                0x00000000000110ec                mem_index_get
 .text.mem_rcopy
                0x00000000000110f8       0x1c zephyr/subsys/bluetooth/controller/libsubsys__bluetooth__controller.a(mem.c.obj)
                0x00000000000110f8                mem_rcopy
 .text.mem_nz   0x0000000000011114       0x18 zephyr/subsys/bluetooth/controller/libsubsys__bluetooth__controller.a(mem.c.obj)
                0x0000000000011114                mem_nz
 .text.memq_init
                0x000000000001112c        0x8 zephyr/subsys/bluetooth/controller/libsubsys__bluetooth__controller.a(memq.c.obj)
                0x000000000001112c                memq_init
 .text.memq_deinit
                0x0000000000011134       0x14 zephyr/subsys/bluetooth/controller/libsubsys__bluetooth__controller.a(memq.c.obj)
                0x0000000000011134                memq_deinit
 .text.memq_enqueue
                0x0000000000011148       0x14 zephyr/subsys/bluetooth/controller/libsubsys__bluetooth__controller.a(memq.c.obj)
                0x0000000000011148                memq_enqueue
 .text.memq_peek
                0x000000000001115c       0x10 zephyr/subsys/bluetooth/controller/libsubsys__bluetooth__controller.a(memq.c.obj)
                0x000000000001115c                memq_peek
 .text.memq_dequeue
                0x000000000001116c       0x20 zephyr/subsys/bluetooth/controller/libsubsys__bluetooth__controller.a(memq.c.obj)
                0x000000000001116c                memq_dequeue
 .text.mayfly_init
                0x000000000001118c       0x40 zephyr/subsys/bluetooth/controller/libsubsys__bluetooth__controller.a(mayfly.c.obj)
                0x000000000001118c                mayfly_init
 .text.mayfly_enable
                0x00000000000111cc       0x64 zephyr/subsys/bluetooth/controller/libsubsys__bluetooth__controller.a(mayfly.c.obj)
                0x00000000000111cc                mayfly_enable
 .text.mayfly_enqueue
                0x0000000000011230       0xb0 zephyr/subsys/bluetooth/controller/libsubsys__bluetooth__controller.a(mayfly.c.obj)
                0x0000000000011230                mayfly_enqueue
 .text.mayfly_run
                0x00000000000112e0      0x14c zephyr/subsys/bluetooth/controller/libsubsys__bluetooth__controller.a(mayfly.c.obj)
                0x00000000000112e0                mayfly_run
 .text.util_ones_count_get
                0x000000000001142c       0x28 zephyr/subsys/bluetooth/controller/libsubsys__bluetooth__controller.a(util.c.obj)
                0x000000000001142c                util_ones_count_get
 .text.util_aa_le32
                0x0000000000011454      0x130 zephyr/subsys/bluetooth/controller/libsubsys__bluetooth__controller.a(util.c.obj)
                0x0000000000011454                util_aa_le32
 .text.ticker_dequeue
                0x0000000000011584       0x74 zephyr/subsys/bluetooth/controller/libsubsys__bluetooth__controller.a(ticker.c.obj)
 .text.ticks_to_expire_prep
                0x00000000000115f8       0x48 zephyr/subsys/bluetooth/controller/libsubsys__bluetooth__controller.a(ticker.c.obj)
 .text.ticker_job_list_insert
                0x0000000000011640      0x20c zephyr/subsys/bluetooth/controller/libsubsys__bluetooth__controller.a(ticker.c.obj)
 .text.ticker_worker
                0x000000000001184c      0x2e0 zephyr/subsys/bluetooth/controller/libsubsys__bluetooth__controller.a(ticker.c.obj)
                0x000000000001184c                ticker_worker
 .text.ticker_job
                0x0000000000011b2c      0x95c zephyr/subsys/bluetooth/controller/libsubsys__bluetooth__controller.a(ticker.c.obj)
                0x0000000000011b2c                ticker_job
 .text.ticker_init
                0x0000000000012488       0x88 zephyr/subsys/bluetooth/controller/libsubsys__bluetooth__controller.a(ticker.c.obj)
                0x0000000000012488                ticker_init
 .text.ticker_trigger
                0x0000000000012510       0x30 zephyr/subsys/bluetooth/controller/libsubsys__bluetooth__controller.a(ticker.c.obj)
                0x0000000000012510                ticker_trigger
 .text.ticker_start_ext
                0x0000000000012540       0xac zephyr/subsys/bluetooth/controller/libsubsys__bluetooth__controller.a(ticker.c.obj)
                0x0000000000012540                ticker_start_ext
 .text.ticker_start
                0x00000000000125ec       0x38 zephyr/subsys/bluetooth/controller/libsubsys__bluetooth__controller.a(ticker.c.obj)
                0x00000000000125ec                ticker_start
 .text.ticker_update_ext
                0x0000000000012624       0xac zephyr/subsys/bluetooth/controller/libsubsys__bluetooth__controller.a(ticker.c.obj)
                0x0000000000012624                ticker_update_ext
 .text.ticker_update
                0x00000000000126d0       0x30 zephyr/subsys/bluetooth/controller/libsubsys__bluetooth__controller.a(ticker.c.obj)
                0x00000000000126d0                ticker_update
 .text.ticker_stop
                0x0000000000012700       0x84 zephyr/subsys/bluetooth/controller/libsubsys__bluetooth__controller.a(ticker.c.obj)
                0x0000000000012700                ticker_stop
 .text.ticker_next_slot_get
                0x0000000000012784       0x8c zephyr/subsys/bluetooth/controller/libsubsys__bluetooth__controller.a(ticker.c.obj)
                0x0000000000012784                ticker_next_slot_get
 .text.ticker_job_sched
                0x0000000000012810       0x30 zephyr/subsys/bluetooth/controller/libsubsys__bluetooth__controller.a(ticker.c.obj)
                0x0000000000012810                ticker_job_sched
 .text.ticker_ticks_now_get
                0x0000000000012840        0x4 zephyr/subsys/bluetooth/controller/libsubsys__bluetooth__controller.a(ticker.c.obj)
                0x0000000000012840                ticker_ticks_now_get
 .text.ticker_ticks_diff_get
                0x0000000000012844        0x8 zephyr/subsys/bluetooth/controller/libsubsys__bluetooth__controller.a(ticker.c.obj)
                0x0000000000012844                ticker_ticks_diff_get
 .text.ll_addr_set
                0x000000000001284c       0x3c zephyr/subsys/bluetooth/controller/libsubsys__bluetooth__controller.a(ll_addr.c.obj)
                0x000000000001284c                ll_addr_set
 .text.ll_addr_get
                0x0000000000012888       0x20 zephyr/subsys/bluetooth/controller/libsubsys__bluetooth__controller.a(ll_addr.c.obj)
                0x0000000000012888                ll_addr_get
 .text.ll_addr_read
                0x00000000000128a8       0x30 zephyr/subsys/bluetooth/controller/libsubsys__bluetooth__controller.a(ll_addr.c.obj)
                0x00000000000128a8                ll_addr_read
 .text.ll_tx_pwr_lvl_get
                0x00000000000128d8       0x24 zephyr/subsys/bluetooth/controller/libsubsys__bluetooth__controller.a(ll_tx_pwr.c.obj)
                0x00000000000128d8                ll_tx_pwr_lvl_get
 .text.ll_tx_pwr_get
                0x00000000000128fc        0x8 zephyr/subsys/bluetooth/controller/libsubsys__bluetooth__controller.a(ll_tx_pwr.c.obj)
                0x00000000000128fc                ll_tx_pwr_get
 .text.hci_driver_init
                0x0000000000012904       0x10 zephyr/subsys/bluetooth/controller/libsubsys__bluetooth__controller.a(hci_driver.c.obj)
 .text.hci_driver_send
                0x0000000000012914       0xb0 zephyr/subsys/bluetooth/controller/libsubsys__bluetooth__controller.a(hci_driver.c.obj)
 .text.recv_thread
                0x00000000000129c4      0x118 zephyr/subsys/bluetooth/controller/libsubsys__bluetooth__controller.a(hci_driver.c.obj)
 .text.prio_recv_thread
                0x0000000000012adc       0xc8 zephyr/subsys/bluetooth/controller/libsubsys__bluetooth__controller.a(hci_driver.c.obj)
 .text.hci_driver_open
                0x0000000000012ba4       0xb8 zephyr/subsys/bluetooth/controller/libsubsys__bluetooth__controller.a(hci_driver.c.obj)
 .text.dup_found.part.0
                0x0000000000012c5c       0xc0 zephyr/subsys/bluetooth/controller/libsubsys__bluetooth__controller.a(hci.c.obj)
 .text.le_remote_feat_complete
                0x0000000000012d1c       0x70 zephyr/subsys/bluetooth/controller/libsubsys__bluetooth__controller.a(hci.c.obj)
 .text.hci_vendor_cmd_handle_common
                0x0000000000012d8c      0x17c zephyr/subsys/bluetooth/controller/libsubsys__bluetooth__controller.a(hci.c.obj)
                0x0000000000012d8c                hci_vendor_cmd_handle_common
 .text.hci_cmd_handle
                0x0000000000012f08      0xa08 zephyr/subsys/bluetooth/controller/libsubsys__bluetooth__controller.a(hci.c.obj)
                0x0000000000012f08                hci_cmd_handle
 .text.hci_acl_handle
                0x0000000000013910      0x144 zephyr/subsys/bluetooth/controller/libsubsys__bluetooth__controller.a(hci.c.obj)
                0x0000000000013910                hci_acl_handle
 .text.hci_disconn_complete_encode
                0x0000000000013a54       0x40 zephyr/subsys/bluetooth/controller/libsubsys__bluetooth__controller.a(hci.c.obj)
                0x0000000000013a54                hci_disconn_complete_encode
 .text.hci_disconn_complete_process
                0x0000000000013a94       0x10 zephyr/subsys/bluetooth/controller/libsubsys__bluetooth__controller.a(hci.c.obj)
                0x0000000000013a94                hci_disconn_complete_process
 .text.hci_acl_encode
                0x0000000000013aa4       0x74 zephyr/subsys/bluetooth/controller/libsubsys__bluetooth__controller.a(hci.c.obj)
                0x0000000000013aa4                hci_acl_encode
 .text.hci_evt_encode
                0x0000000000013b18      0x890 zephyr/subsys/bluetooth/controller/libsubsys__bluetooth__controller.a(hci.c.obj)
                0x0000000000013b18                hci_evt_encode
 .text.hci_num_cmplt_encode
                0x00000000000143a8       0x30 zephyr/subsys/bluetooth/controller/libsubsys__bluetooth__controller.a(hci.c.obj)
                0x00000000000143a8                hci_num_cmplt_encode
 .text.hci_get_class
                0x00000000000143d8       0x2c zephyr/subsys/bluetooth/controller/libsubsys__bluetooth__controller.a(hci.c.obj)
                0x00000000000143d8                hci_get_class
 .text.hci_init
                0x0000000000014404       0x4c zephyr/subsys/bluetooth/controller/libsubsys__bluetooth__controller.a(hci.c.obj)
                0x0000000000014404                hci_init
 .text.bt_rand  0x0000000000014450        0x4 zephyr/subsys/bluetooth/controller/libsubsys__bluetooth__controller.a(crypto.c.obj)
                0x0000000000014450                bt_rand
 .text.bt_encrypt_le
                0x0000000000014454        0xc zephyr/subsys/bluetooth/controller/libsubsys__bluetooth__controller.a(crypto.c.obj)
                0x0000000000014454                bt_encrypt_le
 .text.ll_feat_get
                0x0000000000014460        0xc zephyr/subsys/bluetooth/controller/libsubsys__bluetooth__controller.a(ll_feat.c.obj)
                0x0000000000014460                ll_feat_get
 .text.perform_lll_reset
                0x000000000001446c       0x94 zephyr/subsys/bluetooth/controller/libsubsys__bluetooth__controller.a(ull.c.obj)
 .text.ull_ticker_status_give
                0x0000000000014500        0xc zephyr/subsys/bluetooth/controller/libsubsys__bluetooth__controller.a(ull.c.obj)
                0x0000000000014500                ull_ticker_status_give
 .text.disabled_cb
                0x000000000001450c        0x4 zephyr/subsys/bluetooth/controller/libsubsys__bluetooth__controller.a(ull.c.obj)
 .text.tx_cmplt_get
                0x0000000000014510       0xc0 zephyr/subsys/bluetooth/controller/libsubsys__bluetooth__controller.a(ull.c.obj)
 .text.ull_done
                0x00000000000145d0      0x114 zephyr/subsys/bluetooth/controller/libsubsys__bluetooth__controller.a(ull.c.obj)
 .text.rx_alloc
                0x00000000000146e4       0xe8 zephyr/subsys/bluetooth/controller/libsubsys__bluetooth__controller.a(ull.c.obj)
 .text.rx_demux
                0x00000000000147cc      0x1d4 zephyr/subsys/bluetooth/controller/libsubsys__bluetooth__controller.a(ull.c.obj)
 .text.ll_rx_get
                0x00000000000149a0      0x1c4 zephyr/subsys/bluetooth/controller/libsubsys__bluetooth__controller.a(ull.c.obj)
                0x00000000000149a0                ll_rx_get
 .text.ll_rx_dequeue
                0x0000000000014b64       0xe8 zephyr/subsys/bluetooth/controller/libsubsys__bluetooth__controller.a(ull.c.obj)
                0x0000000000014b64                ll_rx_dequeue
 .text.ll_rx_mem_release
                0x0000000000014c4c      0x190 zephyr/subsys/bluetooth/controller/libsubsys__bluetooth__controller.a(ull.c.obj)
                0x0000000000014c4c                ll_rx_mem_release
 .text.ll_rx_link_alloc
                0x0000000000014ddc        0xc zephyr/subsys/bluetooth/controller/libsubsys__bluetooth__controller.a(ull.c.obj)
                0x0000000000014ddc                ll_rx_link_alloc
 .text.ll_rx_link_release
                0x0000000000014de8        0xc zephyr/subsys/bluetooth/controller/libsubsys__bluetooth__controller.a(ull.c.obj)
                0x0000000000014de8                ll_rx_link_release
 .text.ll_rx_put
                0x0000000000014df4       0x14 zephyr/subsys/bluetooth/controller/libsubsys__bluetooth__controller.a(ull.c.obj)
                0x0000000000014df4                ll_rx_put
 .text.ll_rx_sched
                0x0000000000014e08        0xc zephyr/subsys/bluetooth/controller/libsubsys__bluetooth__controller.a(ull.c.obj)
                0x0000000000014e08                ll_rx_sched
 .text.ll_pdu_rx_alloc_peek
                0x0000000000014e14       0x3c zephyr/subsys/bluetooth/controller/libsubsys__bluetooth__controller.a(ull.c.obj)
                0x0000000000014e14                ll_pdu_rx_alloc_peek
 .text.ll_pdu_rx_alloc
                0x0000000000014e50       0x2c zephyr/subsys/bluetooth/controller/libsubsys__bluetooth__controller.a(ull.c.obj)
                0x0000000000014e50                ll_pdu_rx_alloc
 .text.ll_tx_ack_put
                0x0000000000014e7c       0x68 zephyr/subsys/bluetooth/controller/libsubsys__bluetooth__controller.a(ull.c.obj)
                0x0000000000014e7c                ll_tx_ack_put
 .text.ull_ticker_status_take
                0x0000000000014ee4       0x50 zephyr/subsys/bluetooth/controller/libsubsys__bluetooth__controller.a(ull.c.obj)
                0x0000000000014ee4                ull_ticker_status_take
 .text.ull_disable_mark_get
                0x0000000000014f34        0xc zephyr/subsys/bluetooth/controller/libsubsys__bluetooth__controller.a(ull.c.obj)
                0x0000000000014f34                ull_disable_mark_get
 .text.ull_update_mark
                0x0000000000014f40       0x14 zephyr/subsys/bluetooth/controller/libsubsys__bluetooth__controller.a(ull.c.obj)
                0x0000000000014f40                ull_update_mark
 .text.ull_update_unmark
                0x0000000000014f54       0x18 zephyr/subsys/bluetooth/controller/libsubsys__bluetooth__controller.a(ull.c.obj)
                0x0000000000014f54                ull_update_unmark
 .text.ull_update_mark_get
                0x0000000000014f6c        0xc zephyr/subsys/bluetooth/controller/libsubsys__bluetooth__controller.a(ull.c.obj)
                0x0000000000014f6c                ull_update_mark_get
 .text.ull_disable
                0x0000000000014f78       0x7c zephyr/subsys/bluetooth/controller/libsubsys__bluetooth__controller.a(ull.c.obj)
                0x0000000000014f78                ull_disable
 .text.ull_ticker_stop_with_mark
                0x0000000000014ff4       0x8c zephyr/subsys/bluetooth/controller/libsubsys__bluetooth__controller.a(ull.c.obj)
                0x0000000000014ff4                ull_ticker_stop_with_mark
 .text.ull_pdu_rx_alloc_peek
                0x0000000000015080       0x3c zephyr/subsys/bluetooth/controller/libsubsys__bluetooth__controller.a(ull.c.obj)
                0x0000000000015080                ull_pdu_rx_alloc_peek
 .text.ull_pdu_rx_alloc
                0x00000000000150bc       0x2c zephyr/subsys/bluetooth/controller/libsubsys__bluetooth__controller.a(ull.c.obj)
                0x00000000000150bc                ull_pdu_rx_alloc
 .text.ull_rx_put
                0x00000000000150e8       0x20 zephyr/subsys/bluetooth/controller/libsubsys__bluetooth__controller.a(ull.c.obj)
                0x00000000000150e8                ull_rx_put
 .text.ull_rx_sched
                0x0000000000015108       0x10 zephyr/subsys/bluetooth/controller/libsubsys__bluetooth__controller.a(ull.c.obj)
                0x0000000000015108                ull_rx_sched
 .text.ull_prepare_enqueue
                0x0000000000015118       0x60 zephyr/subsys/bluetooth/controller/libsubsys__bluetooth__controller.a(ull.c.obj)
                0x0000000000015118                ull_prepare_enqueue
 .text.ull_prepare_dequeue_get
                0x0000000000015178       0x1c zephyr/subsys/bluetooth/controller/libsubsys__bluetooth__controller.a(ull.c.obj)
                0x0000000000015178                ull_prepare_dequeue_get
 .text.ull_prepare_dequeue_iter
                0x0000000000015194       0x40 zephyr/subsys/bluetooth/controller/libsubsys__bluetooth__controller.a(ull.c.obj)
                0x0000000000015194                ull_prepare_dequeue_iter
 .text.ull_prepare_dequeue
                0x00000000000151d4       0xa8 zephyr/subsys/bluetooth/controller/libsubsys__bluetooth__controller.a(ull.c.obj)
                0x00000000000151d4                ull_prepare_dequeue
 .text.ull_event_done_extra_get
                0x000000000001527c       0x20 zephyr/subsys/bluetooth/controller/libsubsys__bluetooth__controller.a(ull.c.obj)
                0x000000000001527c                ull_event_done_extra_get
 .text.ull_event_done
                0x000000000001529c       0x5c zephyr/subsys/bluetooth/controller/libsubsys__bluetooth__controller.a(ull.c.obj)
                0x000000000001529c                ull_event_done
 .text.ull_rxfifo_alloc
                0x00000000000152f8       0x7c zephyr/subsys/bluetooth/controller/libsubsys__bluetooth__controller.a(ull.c.obj)
                0x00000000000152f8                ull_rxfifo_alloc
 .text.init_reset
                0x0000000000015374      0x130 zephyr/subsys/bluetooth/controller/libsubsys__bluetooth__controller.a(ull.c.obj)
 .text.ll_init  0x00000000000154a4       0xdc zephyr/subsys/bluetooth/controller/libsubsys__bluetooth__controller.a(ull.c.obj)
                0x00000000000154a4                ll_init
 .text.ll_reset
                0x0000000000015580       0xfc zephyr/subsys/bluetooth/controller/libsubsys__bluetooth__controller.a(ull.c.obj)
                0x0000000000015580                ll_reset
 .text.lll_prepare
                0x000000000001567c       0x14 zephyr/subsys/bluetooth/controller/libsubsys__bluetooth__controller.a(lll_common.c.obj)
                0x000000000001567c                lll_prepare
 .text.lll_resume
                0x0000000000015690       0x4c zephyr/subsys/bluetooth/controller/libsubsys__bluetooth__controller.a(lll_common.c.obj)
                0x0000000000015690                lll_resume
 .text.ticker_cb
                0x00000000000156dc       0x94 zephyr/subsys/bluetooth/controller/libsubsys__bluetooth__controller.a(ull_scan.c.obj)
 .text.ull_scan_init
                0x0000000000015770        0x4 zephyr/subsys/bluetooth/controller/libsubsys__bluetooth__controller.a(ull_scan.c.obj)
                0x0000000000015770                ull_scan_init
 .text.ull_scan_disable
                0x0000000000015774       0x44 zephyr/subsys/bluetooth/controller/libsubsys__bluetooth__controller.a(ull_scan.c.obj)
                0x0000000000015774                ull_scan_disable
 .text.ll_scan_enable
                0x00000000000157b8       0xb4 zephyr/subsys/bluetooth/controller/libsubsys__bluetooth__controller.a(ull_scan.c.obj)
                0x00000000000157b8                ll_scan_enable
 .text.ull_scan_reset
                0x000000000001586c       0x38 zephyr/subsys/bluetooth/controller/libsubsys__bluetooth__controller.a(ull_scan.c.obj)
                0x000000000001586c                ull_scan_reset
 .text.ull_scan_handle_get
                0x00000000000158a4       0x18 zephyr/subsys/bluetooth/controller/libsubsys__bluetooth__controller.a(ull_scan.c.obj)
                0x00000000000158a4                ull_scan_handle_get
 .text.ull_scan_lll_handle_get
                0x00000000000158bc       0x1c zephyr/subsys/bluetooth/controller/libsubsys__bluetooth__controller.a(ull_scan.c.obj)
                0x00000000000158bc                ull_scan_lll_handle_get
 .text.ull_scan_is_enabled_get
                0x00000000000158d8       0x1c zephyr/subsys/bluetooth/controller/libsubsys__bluetooth__controller.a(ull_scan.c.obj)
                0x00000000000158d8                ull_scan_is_enabled_get
 .text.ull_scan_is_disabled_get
                0x00000000000158f4       0x18 zephyr/subsys/bluetooth/controller/libsubsys__bluetooth__controller.a(ull_scan.c.obj)
                0x00000000000158f4                ull_scan_is_disabled_get
 .text.ull_scan_is_enabled
                0x000000000001590c       0x30 zephyr/subsys/bluetooth/controller/libsubsys__bluetooth__controller.a(ull_scan.c.obj)
                0x000000000001590c                ull_scan_is_enabled
 .text.ull_scan_filter_pol_get
                0x000000000001593c       0x20 zephyr/subsys/bluetooth/controller/libsubsys__bluetooth__controller.a(ull_scan.c.obj)
                0x000000000001593c                ull_scan_filter_pol_get
 .text.init_reset
                0x000000000001595c       0x7c zephyr/subsys/bluetooth/controller/libsubsys__bluetooth__controller.a(ull_conn.c.obj)
 .text.ctrl_tx_pause_enqueue
                0x00000000000159d8       0xe8 zephyr/subsys/bluetooth/controller/libsubsys__bluetooth__controller.a(ull_conn.c.obj)
 .text.tx_lll_flush
                0x0000000000015ac0       0xf4 zephyr/subsys/bluetooth/controller/libsubsys__bluetooth__controller.a(ull_conn.c.obj)
 .text.ctrl_tx_sec_enqueue
                0x0000000000015bb4       0x84 zephyr/subsys/bluetooth/controller/libsubsys__bluetooth__controller.a(ull_conn.c.obj)
 .text.ticker_stop_op_cb
                0x0000000000015c38       0x64 zephyr/subsys/bluetooth/controller/libsubsys__bluetooth__controller.a(ull_conn.c.obj)
 .text.disabled_cb
                0x0000000000015c9c       0x40 zephyr/subsys/bluetooth/controller/libsubsys__bluetooth__controller.a(ull_conn.c.obj)
 .text.conn_disable
                0x0000000000015cdc       0x88 zephyr/subsys/bluetooth/controller/libsubsys__bluetooth__controller.a(ull_conn.c.obj)
 .text.conn_setup_adv_scan_disabled_cb
                0x0000000000015d64       0x40 zephyr/subsys/bluetooth/controller/libsubsys__bluetooth__controller.a(ull_conn.c.obj)
 .text.ticker_start_conn_op_cb
                0x0000000000015da4       0x58 zephyr/subsys/bluetooth/controller/libsubsys__bluetooth__controller.a(ull_conn.c.obj)
 .text.ticker_stop_conn_op_cb
                0x0000000000015dfc       0x58 zephyr/subsys/bluetooth/controller/libsubsys__bluetooth__controller.a(ull_conn.c.obj)
 .text.ticker_update_conn_op_cb
                0x0000000000015e54       0x40 zephyr/subsys/bluetooth/controller/libsubsys__bluetooth__controller.a(ull_conn.c.obj)
 .text.tx_ull_dequeue
                0x0000000000015e94       0x7c zephyr/subsys/bluetooth/controller/libsubsys__bluetooth__controller.a(ull_conn.c.obj)
 .text.reject_ext_ind_send
                0x0000000000015f10       0xd4 zephyr/subsys/bluetooth/controller/libsubsys__bluetooth__controller.a(ull_conn.c.obj)
 .text.event_len_prep
                0x0000000000015fe4      0x1f0 zephyr/subsys/bluetooth/controller/libsubsys__bluetooth__controller.a(ull_conn.c.obj)
 .text.ll_conn_acquire
                0x00000000000161d4        0xc zephyr/subsys/bluetooth/controller/libsubsys__bluetooth__controller.a(ull_conn.c.obj)
                0x00000000000161d4                ll_conn_acquire
 .text.ll_conn_release
                0x00000000000161e0        0xc zephyr/subsys/bluetooth/controller/libsubsys__bluetooth__controller.a(ull_conn.c.obj)
                0x00000000000161e0                ll_conn_release
 .text.ll_conn_handle_get
                0x00000000000161ec       0x10 zephyr/subsys/bluetooth/controller/libsubsys__bluetooth__controller.a(ull_conn.c.obj)
                0x00000000000161ec                ll_conn_handle_get
 .text.ll_conn_get
                0x00000000000161fc       0x10 zephyr/subsys/bluetooth/controller/libsubsys__bluetooth__controller.a(ull_conn.c.obj)
                0x00000000000161fc                ll_conn_get
 .text.ll_connected_get
                0x000000000001620c       0x24 zephyr/subsys/bluetooth/controller/libsubsys__bluetooth__controller.a(ull_conn.c.obj)
                0x000000000001620c                ll_connected_get
 .text.ll_tx_mem_acquire
                0x0000000000016230        0xc zephyr/subsys/bluetooth/controller/libsubsys__bluetooth__controller.a(ull_conn.c.obj)
                0x0000000000016230                ll_tx_mem_acquire
 .text.ll_tx_mem_release
                0x000000000001623c        0xc zephyr/subsys/bluetooth/controller/libsubsys__bluetooth__controller.a(ull_conn.c.obj)
                0x000000000001623c                ll_tx_mem_release
 .text.ll_tx_mem_enqueue
                0x0000000000016248       0x84 zephyr/subsys/bluetooth/controller/libsubsys__bluetooth__controller.a(ull_conn.c.obj)
                0x0000000000016248                ll_tx_mem_enqueue
 .text.ll_conn_update
                0x00000000000162cc      0x114 zephyr/subsys/bluetooth/controller/libsubsys__bluetooth__controller.a(ull_conn.c.obj)
                0x00000000000162cc                ll_conn_update
 .text.ll_chm_get
                0x00000000000163e0       0x40 zephyr/subsys/bluetooth/controller/libsubsys__bluetooth__controller.a(ull_conn.c.obj)
                0x00000000000163e0                ll_chm_get
 .text.ll_terminate_ind_send
                0x0000000000016420       0x84 zephyr/subsys/bluetooth/controller/libsubsys__bluetooth__controller.a(ull_conn.c.obj)
                0x0000000000016420                ll_terminate_ind_send
 .text.ll_feature_req_send
                0x00000000000164a4       0x38 zephyr/subsys/bluetooth/controller/libsubsys__bluetooth__controller.a(ull_conn.c.obj)
                0x00000000000164a4                ll_feature_req_send
 .text.ll_version_ind_send
                0x00000000000164dc       0x38 zephyr/subsys/bluetooth/controller/libsubsys__bluetooth__controller.a(ull_conn.c.obj)
                0x00000000000164dc                ll_version_ind_send
 .text.ll_length_req_send
                0x0000000000016514       0x94 zephyr/subsys/bluetooth/controller/libsubsys__bluetooth__controller.a(ull_conn.c.obj)
                0x0000000000016514                ll_length_req_send
 .text.ll_length_default_get
                0x00000000000165a8       0x18 zephyr/subsys/bluetooth/controller/libsubsys__bluetooth__controller.a(ull_conn.c.obj)
                0x00000000000165a8                ll_length_default_get